Archive member included to satisfy reference by file (symbol)

c:/program files (x86)/atmel/studio/7.0/toolchain/avr8/avr8-gnu-toolchain/bin/../lib/gcc/avr/5.4.0/../../../../avr/lib/avr6\libm.a(fixunssfsi.o)
                              Sketch.o (__fixunssfsi)
c:/program files (x86)/atmel/studio/7.0/toolchain/avr8/avr8-gnu-toolchain/bin/../lib/gcc/avr/5.4.0/../../../../avr/lib/avr6\libm.a(floatsisf.o)
                              Sketch.o (__floatsisf)
c:/program files (x86)/atmel/studio/7.0/toolchain/avr8/avr8-gnu-toolchain/bin/../lib/gcc/avr/5.4.0/../../../../avr/lib/avr6\libm.a(fp_split3.o)
                              c:/program files (x86)/atmel/studio/7.0/toolchain/avr8/avr8-gnu-toolchain/bin/../lib/gcc/avr/5.4.0/../../../../avr/lib/avr6\libm.a(fixunssfsi.o) (__fp_splitA)
c:/program files (x86)/atmel/studio/7.0/toolchain/avr8/avr8-gnu-toolchain/bin/../lib/gcc/avr/5.4.0/../../../../avr/lib/avr6\libm.a(fp_zero.o)
                              c:/program files (x86)/atmel/studio/7.0/toolchain/avr8/avr8-gnu-toolchain/bin/../lib/gcc/avr/5.4.0/../../../../avr/lib/avr6\libm.a(fixunssfsi.o) (__fp_zero)
c:/program files (x86)/atmel/studio/7.0/toolchain/avr8/avr8-gnu-toolchain/bin/../lib/gcc/avr/5.4.0/../../../../avr/lib/avr6\libm.a(mulsf3.o)
                              Sketch.o (__mulsf3)
c:/program files (x86)/atmel/studio/7.0/toolchain/avr8/avr8-gnu-toolchain/bin/../lib/gcc/avr/5.4.0/../../../../avr/lib/avr6\libm.a(mulsf3x.o)
                              c:/program files (x86)/atmel/studio/7.0/toolchain/avr8/avr8-gnu-toolchain/bin/../lib/gcc/avr/5.4.0/../../../../avr/lib/avr6\libm.a(mulsf3.o) (__mulsf3x)
c:/program files (x86)/atmel/studio/7.0/toolchain/avr8/avr8-gnu-toolchain/bin/../lib/gcc/avr/5.4.0/../../../../avr/lib/avr6\libm.a(fp_inf.o)
                              c:/program files (x86)/atmel/studio/7.0/toolchain/avr8/avr8-gnu-toolchain/bin/../lib/gcc/avr/5.4.0/../../../../avr/lib/avr6\libm.a(mulsf3x.o) (__fp_inf)
c:/program files (x86)/atmel/studio/7.0/toolchain/avr8/avr8-gnu-toolchain/bin/../lib/gcc/avr/5.4.0/../../../../avr/lib/avr6\libm.a(fp_nan.o)
                              c:/program files (x86)/atmel/studio/7.0/toolchain/avr8/avr8-gnu-toolchain/bin/../lib/gcc/avr/5.4.0/../../../../avr/lib/avr6\libm.a(mulsf3x.o) (__fp_nan)
c:/program files (x86)/atmel/studio/7.0/toolchain/avr8/avr8-gnu-toolchain/bin/../lib/gcc/avr/5.4.0/../../../../avr/lib/avr6\libm.a(fp_pscA.o)
                              c:/program files (x86)/atmel/studio/7.0/toolchain/avr8/avr8-gnu-toolchain/bin/../lib/gcc/avr/5.4.0/../../../../avr/lib/avr6\libm.a(mulsf3x.o) (__fp_pscA)
c:/program files (x86)/atmel/studio/7.0/toolchain/avr8/avr8-gnu-toolchain/bin/../lib/gcc/avr/5.4.0/../../../../avr/lib/avr6\libm.a(fp_pscB.o)
                              c:/program files (x86)/atmel/studio/7.0/toolchain/avr8/avr8-gnu-toolchain/bin/../lib/gcc/avr/5.4.0/../../../../avr/lib/avr6\libm.a(mulsf3x.o) (__fp_pscB)
c:/program files (x86)/atmel/studio/7.0/toolchain/avr8/avr8-gnu-toolchain/bin/../lib/gcc/avr/5.4.0/../../../../avr/lib/avr6\libm.a(fp_round.o)
                              c:/program files (x86)/atmel/studio/7.0/toolchain/avr8/avr8-gnu-toolchain/bin/../lib/gcc/avr/5.4.0/../../../../avr/lib/avr6\libm.a(mulsf3.o) (__fp_round)
c:\users\TOBINI~1\DOCUME~1\ATMELS~1\7.0\SERIAL~1\SERIAL~1\ARDUIN~1\Debug\libArduinoCore.a(HardwareSerial.o)
                              Sketch.o (_ZN14HardwareSerial4readEv)
c:\users\TOBINI~1\DOCUME~1\ATMELS~1\7.0\SERIAL~1\SERIAL~1\ARDUIN~1\Debug\libArduinoCore.a(HardwareSerial0.o)
                              Sketch.o (Serial)
c:\users\TOBINI~1\DOCUME~1\ATMELS~1\7.0\SERIAL~1\SERIAL~1\ARDUIN~1\Debug\libArduinoCore.a(main.o)
                              C:/Program Files (x86)/Atmel/Studio/7.0/Packs/atmel/ATmega_DFP/1.6.364/gcc/dev/atmega2560/avr6/crtatmega2560.o (main)
c:\users\TOBINI~1\DOCUME~1\ATMELS~1\7.0\SERIAL~1\SERIAL~1\ARDUIN~1\Debug\libArduinoCore.a(Print.o)
                              c:\users\TOBINI~1\DOCUME~1\ATMELS~1\7.0\SERIAL~1\SERIAL~1\ARDUIN~1\Debug\libArduinoCore.a(HardwareSerial.o) (_ZN5Print5writeEPKhj)
c:\users\TOBINI~1\DOCUME~1\ATMELS~1\7.0\SERIAL~1\SERIAL~1\ARDUIN~1\Debug\libArduinoCore.a(wiring.o)
                              Sketch.o (delay)
c:\users\TOBINI~1\DOCUME~1\ATMELS~1\7.0\SERIAL~1\SERIAL~1\ARDUIN~1\Debug\libArduinoCore.a(wiring_digital.o)
                              Sketch.o (pinMode)
c:\users\TOBINI~1\DOCUME~1\ATMELS~1\7.0\SERIAL~1\SERIAL~1\ARDUIN~1\Debug\libArduinoCore.a(abi.o)
                              c:\users\TOBINI~1\DOCUME~1\ATMELS~1\7.0\SERIAL~1\SERIAL~1\ARDUIN~1\Debug\libArduinoCore.a(Print.o) (__cxa_pure_virtual)
c:\users\TOBINI~1\DOCUME~1\ATMELS~1\7.0\SERIAL~1\SERIAL~1\ARDUIN~1\Debug\libArduinoCore.a(hooks.o)
                              c:\users\TOBINI~1\DOCUME~1\ATMELS~1\7.0\SERIAL~1\SERIAL~1\ARDUIN~1\Debug\libArduinoCore.a(wiring.o) (yield)
c:/program files (x86)/atmel/studio/7.0/toolchain/avr8/avr8-gnu-toolchain/bin/../lib/gcc/avr/5.4.0/../../../../avr/lib/avr6\libm.a(addsf3.o)
                              c:\users\TOBINI~1\DOCUME~1\ATMELS~1\7.0\SERIAL~1\SERIAL~1\ARDUIN~1\Debug\libArduinoCore.a(Print.o) (__subsf3)
c:/program files (x86)/atmel/studio/7.0/toolchain/avr8/avr8-gnu-toolchain/bin/../lib/gcc/avr/5.4.0/../../../../avr/lib/avr6\libm.a(addsf3x.o)
                              c:/program files (x86)/atmel/studio/7.0/toolchain/avr8/avr8-gnu-toolchain/bin/../lib/gcc/avr/5.4.0/../../../../avr/lib/avr6\libm.a(addsf3.o) (__addsf3x)
c:/program files (x86)/atmel/studio/7.0/toolchain/avr8/avr8-gnu-toolchain/bin/../lib/gcc/avr/5.4.0/../../../../avr/lib/avr6\libm.a(cmpsf2.o)
                              c:\users\TOBINI~1\DOCUME~1\ATMELS~1\7.0\SERIAL~1\SERIAL~1\ARDUIN~1\Debug\libArduinoCore.a(Print.o) (__ltsf2)
c:/program files (x86)/atmel/studio/7.0/toolchain/avr8/avr8-gnu-toolchain/bin/../lib/gcc/avr/5.4.0/../../../../avr/lib/avr6\libm.a(divsf3.o)
                              c:\users\TOBINI~1\DOCUME~1\ATMELS~1\7.0\SERIAL~1\SERIAL~1\ARDUIN~1\Debug\libArduinoCore.a(Print.o) (__divsf3)
c:/program files (x86)/atmel/studio/7.0/toolchain/avr8/avr8-gnu-toolchain/bin/../lib/gcc/avr/5.4.0/../../../../avr/lib/avr6\libm.a(divsf3x.o)
                              c:/program files (x86)/atmel/studio/7.0/toolchain/avr8/avr8-gnu-toolchain/bin/../lib/gcc/avr/5.4.0/../../../../avr/lib/avr6\libm.a(divsf3.o) (__divsf3x)
c:/program files (x86)/atmel/studio/7.0/toolchain/avr8/avr8-gnu-toolchain/bin/../lib/gcc/avr/5.4.0/../../../../avr/lib/avr6\libm.a(fp_cmp.o)
                              c:/program files (x86)/atmel/studio/7.0/toolchain/avr8/avr8-gnu-toolchain/bin/../lib/gcc/avr/5.4.0/../../../../avr/lib/avr6\libm.a(cmpsf2.o) (__fp_cmp)
c:/program files (x86)/atmel/studio/7.0/toolchain/avr8/avr8-gnu-toolchain/bin/../lib/gcc/avr/5.4.0/../../../../avr/lib/avr6\libm.a(gesf2.o)
                              c:\users\TOBINI~1\DOCUME~1\ATMELS~1\7.0\SERIAL~1\SERIAL~1\ARDUIN~1\Debug\libArduinoCore.a(Print.o) (__gtsf2)
c:/program files (x86)/atmel/studio/7.0/toolchain/avr8/avr8-gnu-toolchain/bin/../lib/gcc/avr/5.4.0/../../../../avr/lib/avr6\libm.a(unordsf2.o)
                              c:\users\TOBINI~1\DOCUME~1\ATMELS~1\7.0\SERIAL~1\SERIAL~1\ARDUIN~1\Debug\libArduinoCore.a(Print.o) (__unordsf2)
c:/program files (x86)/atmel/studio/7.0/toolchain/avr8/avr8-gnu-toolchain/bin/../lib/gcc/avr/5.4.0/avr6\libgcc.a(_udivmodsi4.o)
                              c:\users\TOBINI~1\DOCUME~1\ATMELS~1\7.0\SERIAL~1\SERIAL~1\ARDUIN~1\Debug\libArduinoCore.a(HardwareSerial.o) (__udivmodsi4)
c:/program files (x86)/atmel/studio/7.0/toolchain/avr8/avr8-gnu-toolchain/bin/../lib/gcc/avr/5.4.0/avr6\libgcc.a(_exit.o)
                              C:/Program Files (x86)/Atmel/Studio/7.0/Packs/atmel/ATmega_DFP/1.6.364/gcc/dev/atmega2560/avr6/crtatmega2560.o (exit)
c:/program files (x86)/atmel/studio/7.0/toolchain/avr8/avr8-gnu-toolchain/bin/../lib/gcc/avr/5.4.0/avr6\libgcc.a(_tablejump2.o)
                              c:\users\TOBINI~1\DOCUME~1\ATMELS~1\7.0\SERIAL~1\SERIAL~1\ARDUIN~1\Debug\libArduinoCore.a(wiring_digital.o) (__tablejump2__)
c:/program files (x86)/atmel/studio/7.0/toolchain/avr8/avr8-gnu-toolchain/bin/../lib/gcc/avr/5.4.0/avr6\libgcc.a(_copy_data.o)
                              Sketch.o (__do_copy_data)
c:/program files (x86)/atmel/studio/7.0/toolchain/avr8/avr8-gnu-toolchain/bin/../lib/gcc/avr/5.4.0/avr6\libgcc.a(_clear_bss.o)
                              Sketch.o (__do_clear_bss)
c:/program files (x86)/atmel/studio/7.0/toolchain/avr8/avr8-gnu-toolchain/bin/../lib/gcc/avr/5.4.0/avr6\libgcc.a(_ctors.o)
                              c:\users\TOBINI~1\DOCUME~1\ATMELS~1\7.0\SERIAL~1\SERIAL~1\ARDUIN~1\Debug\libArduinoCore.a(HardwareSerial0.o) (__do_global_ctors)
c:/program files (x86)/atmel/studio/7.0/toolchain/avr8/avr8-gnu-toolchain/bin/../lib/gcc/avr/5.4.0/../../../../avr/lib/avr6\libc.a(abort.o)
                              c:\users\TOBINI~1\DOCUME~1\ATMELS~1\7.0\SERIAL~1\SERIAL~1\ARDUIN~1\Debug\libArduinoCore.a(abi.o) (abort)

Discarded input sections

 .data          0x00000000        0x0 C:/Program Files (x86)/Atmel/Studio/7.0/Packs/atmel/ATmega_DFP/1.6.364/gcc/dev/atmega2560/avr6/crtatmega2560.o
 .bss           0x00000000        0x0 C:/Program Files (x86)/Atmel/Studio/7.0/Packs/atmel/ATmega_DFP/1.6.364/gcc/dev/atmega2560/avr6/crtatmega2560.o
 .group         0x00000000        0x8 Sketch.o
 .group         0x00000000        0x8 Sketch.o
 .text          0x00000000        0x0 Sketch.o
 .data          0x00000000        0x0 Sketch.o
 .bss           0x00000000        0x0 Sketch.o
 .rodata._ZL2SS
                0x00000000        0x1 Sketch.o
 .rodata._ZL4MOSI
                0x00000000        0x1 Sketch.o
 .rodata._ZL4MISO
                0x00000000        0x1 Sketch.o
 .rodata._ZL3SCK
                0x00000000        0x1 Sketch.o
 .rodata._ZL3SDA
                0x00000000        0x1 Sketch.o
 .rodata._ZL3SCL
                0x00000000        0x1 Sketch.o
 .rodata._ZL2A0
                0x00000000        0x1 Sketch.o
 .rodata._ZL2A1
                0x00000000        0x1 Sketch.o
 .rodata._ZL2A2
                0x00000000        0x1 Sketch.o
 .rodata._ZL2A3
                0x00000000        0x1 Sketch.o
 .rodata._ZL2A4
                0x00000000        0x1 Sketch.o
 .rodata._ZL2A5
                0x00000000        0x1 Sketch.o
 .rodata._ZL2A6
                0x00000000        0x1 Sketch.o
 .rodata._ZL2A7
                0x00000000        0x1 Sketch.o
 .rodata._ZL2A8
                0x00000000        0x1 Sketch.o
 .rodata._ZL2A9
                0x00000000        0x1 Sketch.o
 .rodata._ZL3A10
                0x00000000        0x1 Sketch.o
 .rodata._ZL3A11
                0x00000000        0x1 Sketch.o
 .rodata._ZL3A12
                0x00000000        0x1 Sketch.o
 .rodata._ZL3A13
                0x00000000        0x1 Sketch.o
 .rodata._ZL3A14
                0x00000000        0x1 Sketch.o
 .rodata._ZL3A15
                0x00000000        0x1 Sketch.o
 .text          0x00000000        0x0 c:/program files (x86)/atmel/studio/7.0/toolchain/avr8/avr8-gnu-toolchain/bin/../lib/gcc/avr/5.4.0/../../../../avr/lib/avr6\libm.a(fixunssfsi.o)
 .data          0x00000000        0x0 c:/program files (x86)/atmel/studio/7.0/toolchain/avr8/avr8-gnu-toolchain/bin/../lib/gcc/avr/5.4.0/../../../../avr/lib/avr6\libm.a(fixunssfsi.o)
 .bss           0x00000000        0x0 c:/program files (x86)/atmel/studio/7.0/toolchain/avr8/avr8-gnu-toolchain/bin/../lib/gcc/avr/5.4.0/../../../../avr/lib/avr6\libm.a(fixunssfsi.o)
 .text          0x00000000        0x0 c:/program files (x86)/atmel/studio/7.0/toolchain/avr8/avr8-gnu-toolchain/bin/../lib/gcc/avr/5.4.0/../../../../avr/lib/avr6\libm.a(floatsisf.o)
 .data          0x00000000        0x0 c:/program files (x86)/atmel/studio/7.0/toolchain/avr8/avr8-gnu-toolchain/bin/../lib/gcc/avr/5.4.0/../../../../avr/lib/avr6\libm.a(floatsisf.o)
 .bss           0x00000000        0x0 c:/program files (x86)/atmel/studio/7.0/toolchain/avr8/avr8-gnu-toolchain/bin/../lib/gcc/avr/5.4.0/../../../../avr/lib/avr6\libm.a(floatsisf.o)
 .text          0x00000000        0x0 c:/program files (x86)/atmel/studio/7.0/toolchain/avr8/avr8-gnu-toolchain/bin/../lib/gcc/avr/5.4.0/../../../../avr/lib/avr6\libm.a(fp_split3.o)
 .data          0x00000000        0x0 c:/program files (x86)/atmel/studio/7.0/toolchain/avr8/avr8-gnu-toolchain/bin/../lib/gcc/avr/5.4.0/../../../../avr/lib/avr6\libm.a(fp_split3.o)
 .bss           0x00000000        0x0 c:/program files (x86)/atmel/studio/7.0/toolchain/avr8/avr8-gnu-toolchain/bin/../lib/gcc/avr/5.4.0/../../../../avr/lib/avr6\libm.a(fp_split3.o)
 .text          0x00000000        0x0 c:/program files (x86)/atmel/studio/7.0/toolchain/avr8/avr8-gnu-toolchain/bin/../lib/gcc/avr/5.4.0/../../../../avr/lib/avr6\libm.a(fp_zero.o)
 .data          0x00000000        0x0 c:/program files (x86)/atmel/studio/7.0/toolchain/avr8/avr8-gnu-toolchain/bin/../lib/gcc/avr/5.4.0/../../../../avr/lib/avr6\libm.a(fp_zero.o)
 .bss           0x00000000        0x0 c:/program files (x86)/atmel/studio/7.0/toolchain/avr8/avr8-gnu-toolchain/bin/../lib/gcc/avr/5.4.0/../../../../avr/lib/avr6\libm.a(fp_zero.o)
 .text          0x00000000        0x0 c:/program files (x86)/atmel/studio/7.0/toolchain/avr8/avr8-gnu-toolchain/bin/../lib/gcc/avr/5.4.0/../../../../avr/lib/avr6\libm.a(mulsf3.o)
 .data          0x00000000        0x0 c:/program files (x86)/atmel/studio/7.0/toolchain/avr8/avr8-gnu-toolchain/bin/../lib/gcc/avr/5.4.0/../../../../avr/lib/avr6\libm.a(mulsf3.o)
 .bss           0x00000000        0x0 c:/program files (x86)/atmel/studio/7.0/toolchain/avr8/avr8-gnu-toolchain/bin/../lib/gcc/avr/5.4.0/../../../../avr/lib/avr6\libm.a(mulsf3.o)
 .text          0x00000000        0x0 c:/program files (x86)/atmel/studio/7.0/toolchain/avr8/avr8-gnu-toolchain/bin/../lib/gcc/avr/5.4.0/../../../../avr/lib/avr6\libm.a(mulsf3x.o)
 .data          0x00000000        0x0 c:/program files (x86)/atmel/studio/7.0/toolchain/avr8/avr8-gnu-toolchain/bin/../lib/gcc/avr/5.4.0/../../../../avr/lib/avr6\libm.a(mulsf3x.o)
 .bss           0x00000000        0x0 c:/program files (x86)/atmel/studio/7.0/toolchain/avr8/avr8-gnu-toolchain/bin/../lib/gcc/avr/5.4.0/../../../../avr/lib/avr6\libm.a(mulsf3x.o)
 .text          0x00000000        0x0 c:/program files (x86)/atmel/studio/7.0/toolchain/avr8/avr8-gnu-toolchain/bin/../lib/gcc/avr/5.4.0/../../../../avr/lib/avr6\libm.a(fp_inf.o)
 .data          0x00000000        0x0 c:/program files (x86)/atmel/studio/7.0/toolchain/avr8/avr8-gnu-toolchain/bin/../lib/gcc/avr/5.4.0/../../../../avr/lib/avr6\libm.a(fp_inf.o)
 .bss           0x00000000        0x0 c:/program files (x86)/atmel/studio/7.0/toolchain/avr8/avr8-gnu-toolchain/bin/../lib/gcc/avr/5.4.0/../../../../avr/lib/avr6\libm.a(fp_inf.o)
 .text          0x00000000        0x0 c:/program files (x86)/atmel/studio/7.0/toolchain/avr8/avr8-gnu-toolchain/bin/../lib/gcc/avr/5.4.0/../../../../avr/lib/avr6\libm.a(fp_nan.o)
 .data          0x00000000        0x0 c:/program files (x86)/atmel/studio/7.0/toolchain/avr8/avr8-gnu-toolchain/bin/../lib/gcc/avr/5.4.0/../../../../avr/lib/avr6\libm.a(fp_nan.o)
 .bss           0x00000000        0x0 c:/program files (x86)/atmel/studio/7.0/toolchain/avr8/avr8-gnu-toolchain/bin/../lib/gcc/avr/5.4.0/../../../../avr/lib/avr6\libm.a(fp_nan.o)
 .text          0x00000000        0x0 c:/program files (x86)/atmel/studio/7.0/toolchain/avr8/avr8-gnu-toolchain/bin/../lib/gcc/avr/5.4.0/../../../../avr/lib/avr6\libm.a(fp_pscA.o)
 .data          0x00000000        0x0 c:/program files (x86)/atmel/studio/7.0/toolchain/avr8/avr8-gnu-toolchain/bin/../lib/gcc/avr/5.4.0/../../../../avr/lib/avr6\libm.a(fp_pscA.o)
 .bss           0x00000000        0x0 c:/program files (x86)/atmel/studio/7.0/toolchain/avr8/avr8-gnu-toolchain/bin/../lib/gcc/avr/5.4.0/../../../../avr/lib/avr6\libm.a(fp_pscA.o)
 .text          0x00000000        0x0 c:/program files (x86)/atmel/studio/7.0/toolchain/avr8/avr8-gnu-toolchain/bin/../lib/gcc/avr/5.4.0/../../../../avr/lib/avr6\libm.a(fp_pscB.o)
 .data          0x00000000        0x0 c:/program files (x86)/atmel/studio/7.0/toolchain/avr8/avr8-gnu-toolchain/bin/../lib/gcc/avr/5.4.0/../../../../avr/lib/avr6\libm.a(fp_pscB.o)
 .bss           0x00000000        0x0 c:/program files (x86)/atmel/studio/7.0/toolchain/avr8/avr8-gnu-toolchain/bin/../lib/gcc/avr/5.4.0/../../../../avr/lib/avr6\libm.a(fp_pscB.o)
 .text          0x00000000        0x0 c:/program files (x86)/atmel/studio/7.0/toolchain/avr8/avr8-gnu-toolchain/bin/../lib/gcc/avr/5.4.0/../../../../avr/lib/avr6\libm.a(fp_round.o)
 .data          0x00000000        0x0 c:/program files (x86)/atmel/studio/7.0/toolchain/avr8/avr8-gnu-toolchain/bin/../lib/gcc/avr/5.4.0/../../../../avr/lib/avr6\libm.a(fp_round.o)
 .bss           0x00000000        0x0 c:/program files (x86)/atmel/studio/7.0/toolchain/avr8/avr8-gnu-toolchain/bin/../lib/gcc/avr/5.4.0/../../../../avr/lib/avr6\libm.a(fp_round.o)
 .group         0x00000000        0x8 c:\users\TOBINI~1\DOCUME~1\ATMELS~1\7.0\SERIAL~1\SERIAL~1\ARDUIN~1\Debug\libArduinoCore.a(HardwareSerial.o)
 .text          0x00000000        0x0 c:\users\TOBINI~1\DOCUME~1\ATMELS~1\7.0\SERIAL~1\SERIAL~1\ARDUIN~1\Debug\libArduinoCore.a(HardwareSerial.o)
 .data          0x00000000        0x0 c:\users\TOBINI~1\DOCUME~1\ATMELS~1\7.0\SERIAL~1\SERIAL~1\ARDUIN~1\Debug\libArduinoCore.a(HardwareSerial.o)
 .bss           0x00000000        0x0 c:\users\TOBINI~1\DOCUME~1\ATMELS~1\7.0\SERIAL~1\SERIAL~1\ARDUIN~1\Debug\libArduinoCore.a(HardwareSerial.o)
 .text._ZN14HardwareSerial3endEv
                0x00000000       0x44 c:\users\TOBINI~1\DOCUME~1\ATMELS~1\7.0\SERIAL~1\SERIAL~1\ARDUIN~1\Debug\libArduinoCore.a(HardwareSerial.o)
 .group         0x00000000        0x8 c:\users\TOBINI~1\DOCUME~1\ATMELS~1\7.0\SERIAL~1\SERIAL~1\ARDUIN~1\Debug\libArduinoCore.a(HardwareSerial0.o)
 .group         0x00000000        0x8 c:\users\TOBINI~1\DOCUME~1\ATMELS~1\7.0\SERIAL~1\SERIAL~1\ARDUIN~1\Debug\libArduinoCore.a(HardwareSerial0.o)
 .text          0x00000000        0x0 c:\users\TOBINI~1\DOCUME~1\ATMELS~1\7.0\SERIAL~1\SERIAL~1\ARDUIN~1\Debug\libArduinoCore.a(HardwareSerial0.o)
 .data          0x00000000        0x0 c:\users\TOBINI~1\DOCUME~1\ATMELS~1\7.0\SERIAL~1\SERIAL~1\ARDUIN~1\Debug\libArduinoCore.a(HardwareSerial0.o)
 .bss           0x00000000        0x0 c:\users\TOBINI~1\DOCUME~1\ATMELS~1\7.0\SERIAL~1\SERIAL~1\ARDUIN~1\Debug\libArduinoCore.a(HardwareSerial0.o)
 .text._ZN5Print17availableForWriteEv
                0x00000000        0x6 c:\users\TOBINI~1\DOCUME~1\ATMELS~1\7.0\SERIAL~1\SERIAL~1\ARDUIN~1\Debug\libArduinoCore.a(HardwareSerial0.o)
 .text._ZN5Print5flushEv
                0x00000000        0x2 c:\users\TOBINI~1\DOCUME~1\ATMELS~1\7.0\SERIAL~1\SERIAL~1\ARDUIN~1\Debug\libArduinoCore.a(HardwareSerial0.o)
 .text          0x00000000        0x0 c:\users\TOBINI~1\DOCUME~1\ATMELS~1\7.0\SERIAL~1\SERIAL~1\ARDUIN~1\Debug\libArduinoCore.a(main.o)
 .data          0x00000000        0x0 c:\users\TOBINI~1\DOCUME~1\ATMELS~1\7.0\SERIAL~1\SERIAL~1\ARDUIN~1\Debug\libArduinoCore.a(main.o)
 .bss           0x00000000        0x0 c:\users\TOBINI~1\DOCUME~1\ATMELS~1\7.0\SERIAL~1\SERIAL~1\ARDUIN~1\Debug\libArduinoCore.a(main.o)
 .text.atexit   0x00000000        0x6 c:\users\TOBINI~1\DOCUME~1\ATMELS~1\7.0\SERIAL~1\SERIAL~1\ARDUIN~1\Debug\libArduinoCore.a(main.o)
 .text._Z8setupUSBv
                0x00000000        0x2 c:\users\TOBINI~1\DOCUME~1\ATMELS~1\7.0\SERIAL~1\SERIAL~1\ARDUIN~1\Debug\libArduinoCore.a(main.o)
 .group         0x00000000        0x8 c:\users\TOBINI~1\DOCUME~1\ATMELS~1\7.0\SERIAL~1\SERIAL~1\ARDUIN~1\Debug\libArduinoCore.a(Print.o)
 .group         0x00000000        0x8 c:\users\TOBINI~1\DOCUME~1\ATMELS~1\7.0\SERIAL~1\SERIAL~1\ARDUIN~1\Debug\libArduinoCore.a(Print.o)
 .group         0x00000000        0x8 c:\users\TOBINI~1\DOCUME~1\ATMELS~1\7.0\SERIAL~1\SERIAL~1\ARDUIN~1\Debug\libArduinoCore.a(Print.o)
 .group         0x00000000        0x8 c:\users\TOBINI~1\DOCUME~1\ATMELS~1\7.0\SERIAL~1\SERIAL~1\ARDUIN~1\Debug\libArduinoCore.a(Print.o)
 .text          0x00000000        0x0 c:\users\TOBINI~1\DOCUME~1\ATMELS~1\7.0\SERIAL~1\SERIAL~1\ARDUIN~1\Debug\libArduinoCore.a(Print.o)
 .data          0x00000000        0x0 c:\users\TOBINI~1\DOCUME~1\ATMELS~1\7.0\SERIAL~1\SERIAL~1\ARDUIN~1\Debug\libArduinoCore.a(Print.o)
 .bss           0x00000000        0x0 c:\users\TOBINI~1\DOCUME~1\ATMELS~1\7.0\SERIAL~1\SERIAL~1\ARDUIN~1\Debug\libArduinoCore.a(Print.o)
 .text._ZN5Print17availableForWriteEv
                0x00000000        0x6 c:\users\TOBINI~1\DOCUME~1\ATMELS~1\7.0\SERIAL~1\SERIAL~1\ARDUIN~1\Debug\libArduinoCore.a(Print.o)
 .text._ZN5Print5flushEv
                0x00000000        0x2 c:\users\TOBINI~1\DOCUME~1\ATMELS~1\7.0\SERIAL~1\SERIAL~1\ARDUIN~1\Debug\libArduinoCore.a(Print.o)
 .text._ZN5Print5writeEPKc
                0x00000000       0x2a c:\users\TOBINI~1\DOCUME~1\ATMELS~1\7.0\SERIAL~1\SERIAL~1\ARDUIN~1\Debug\libArduinoCore.a(Print.o)
 .text._ZN5Print5printEPK19__FlashStringHelper
                0x00000000       0x48 c:\users\TOBINI~1\DOCUME~1\ATMELS~1\7.0\SERIAL~1\SERIAL~1\ARDUIN~1\Debug\libArduinoCore.a(Print.o)
 .text._ZN5Print5printERK6String
                0x00000000       0x1c c:\users\TOBINI~1\DOCUME~1\ATMELS~1\7.0\SERIAL~1\SERIAL~1\ARDUIN~1\Debug\libArduinoCore.a(Print.o)
 .text._ZN5Print5printEPKc
                0x00000000        0x4 c:\users\TOBINI~1\DOCUME~1\ATMELS~1\7.0\SERIAL~1\SERIAL~1\ARDUIN~1\Debug\libArduinoCore.a(Print.o)
 .text._ZN5Print5printEc
                0x00000000        0xe c:\users\TOBINI~1\DOCUME~1\ATMELS~1\7.0\SERIAL~1\SERIAL~1\ARDUIN~1\Debug\libArduinoCore.a(Print.o)
 .text._ZN5Print5printERK9Printable
                0x00000000       0x14 c:\users\TOBINI~1\DOCUME~1\ATMELS~1\7.0\SERIAL~1\SERIAL~1\ARDUIN~1\Debug\libArduinoCore.a(Print.o)
 .rodata.str1.1
                0x00000000        0xf c:\users\TOBINI~1\DOCUME~1\ATMELS~1\7.0\SERIAL~1\SERIAL~1\ARDUIN~1\Debug\libArduinoCore.a(Print.o)
 .text._ZN5Print7printlnEv
                0x00000000        0x8 c:\users\TOBINI~1\DOCUME~1\ATMELS~1\7.0\SERIAL~1\SERIAL~1\ARDUIN~1\Debug\libArduinoCore.a(Print.o)
 .text._ZN5Print7printlnEPK19__FlashStringHelper
                0x00000000       0x24 c:\users\TOBINI~1\DOCUME~1\ATMELS~1\7.0\SERIAL~1\SERIAL~1\ARDUIN~1\Debug\libArduinoCore.a(Print.o)
 .text._ZN5Print7printlnERK6String
                0x00000000       0x24 c:\users\TOBINI~1\DOCUME~1\ATMELS~1\7.0\SERIAL~1\SERIAL~1\ARDUIN~1\Debug\libArduinoCore.a(Print.o)
 .text._ZN5Print7printlnEPKc
                0x00000000       0x24 c:\users\TOBINI~1\DOCUME~1\ATMELS~1\7.0\SERIAL~1\SERIAL~1\ARDUIN~1\Debug\libArduinoCore.a(Print.o)
 .text._ZN5Print7printlnEc
                0x00000000       0x24 c:\users\TOBINI~1\DOCUME~1\ATMELS~1\7.0\SERIAL~1\SERIAL~1\ARDUIN~1\Debug\libArduinoCore.a(Print.o)
 .text._ZN5Print7printlnERK9Printable
                0x00000000       0x24 c:\users\TOBINI~1\DOCUME~1\ATMELS~1\7.0\SERIAL~1\SERIAL~1\ARDUIN~1\Debug\libArduinoCore.a(Print.o)
 .text._ZN5Print11printNumberEmh
                0x00000000       0x92 c:\users\TOBINI~1\DOCUME~1\ATMELS~1\7.0\SERIAL~1\SERIAL~1\ARDUIN~1\Debug\libArduinoCore.a(Print.o)
 .text._ZN5Print5printEmi
                0x00000000       0x1a c:\users\TOBINI~1\DOCUME~1\ATMELS~1\7.0\SERIAL~1\SERIAL~1\ARDUIN~1\Debug\libArduinoCore.a(Print.o)
 .text._ZN5Print5printEhi
                0x00000000        0xe c:\users\TOBINI~1\DOCUME~1\ATMELS~1\7.0\SERIAL~1\SERIAL~1\ARDUIN~1\Debug\libArduinoCore.a(Print.o)
 .text._ZN5Print7printlnEhi
                0x00000000       0x24 c:\users\TOBINI~1\DOCUME~1\ATMELS~1\7.0\SERIAL~1\SERIAL~1\ARDUIN~1\Debug\libArduinoCore.a(Print.o)
 .text._ZN5Print5printEji
                0x00000000        0xc c:\users\TOBINI~1\DOCUME~1\ATMELS~1\7.0\SERIAL~1\SERIAL~1\ARDUIN~1\Debug\libArduinoCore.a(Print.o)
 .text._ZN5Print7printlnEji
                0x00000000       0x24 c:\users\TOBINI~1\DOCUME~1\ATMELS~1\7.0\SERIAL~1\SERIAL~1\ARDUIN~1\Debug\libArduinoCore.a(Print.o)
 .text._ZN5Print7printlnEmi
                0x00000000       0x24 c:\users\TOBINI~1\DOCUME~1\ATMELS~1\7.0\SERIAL~1\SERIAL~1\ARDUIN~1\Debug\libArduinoCore.a(Print.o)
 .text._ZN5Print5printEli
                0x00000000       0x90 c:\users\TOBINI~1\DOCUME~1\ATMELS~1\7.0\SERIAL~1\SERIAL~1\ARDUIN~1\Debug\libArduinoCore.a(Print.o)
 .text._ZN5Print5printEii
                0x00000000        0xe c:\users\TOBINI~1\DOCUME~1\ATMELS~1\7.0\SERIAL~1\SERIAL~1\ARDUIN~1\Debug\libArduinoCore.a(Print.o)
 .text._ZN5Print7printlnEii
                0x00000000       0x24 c:\users\TOBINI~1\DOCUME~1\ATMELS~1\7.0\SERIAL~1\SERIAL~1\ARDUIN~1\Debug\libArduinoCore.a(Print.o)
 .text._ZN5Print7printlnEli
                0x00000000       0x24 c:\users\TOBINI~1\DOCUME~1\ATMELS~1\7.0\SERIAL~1\SERIAL~1\ARDUIN~1\Debug\libArduinoCore.a(Print.o)
 .text._ZN5Print10printFloatEdh
                0x00000000      0x1b6 c:\users\TOBINI~1\DOCUME~1\ATMELS~1\7.0\SERIAL~1\SERIAL~1\ARDUIN~1\Debug\libArduinoCore.a(Print.o)
 .text._ZN5Print5printEdi
                0x00000000        0x4 c:\users\TOBINI~1\DOCUME~1\ATMELS~1\7.0\SERIAL~1\SERIAL~1\ARDUIN~1\Debug\libArduinoCore.a(Print.o)
 .text._ZN5Print7printlnEdi
                0x00000000       0x24 c:\users\TOBINI~1\DOCUME~1\ATMELS~1\7.0\SERIAL~1\SERIAL~1\ARDUIN~1\Debug\libArduinoCore.a(Print.o)
 .rodata._ZTV5Print
                0x00000000        0xc c:\users\TOBINI~1\DOCUME~1\ATMELS~1\7.0\SERIAL~1\SERIAL~1\ARDUIN~1\Debug\libArduinoCore.a(Print.o)
 .text          0x00000000        0x0 c:\users\TOBINI~1\DOCUME~1\ATMELS~1\7.0\SERIAL~1\SERIAL~1\ARDUIN~1\Debug\libArduinoCore.a(wiring.o)
 .data          0x00000000        0x0 c:\users\TOBINI~1\DOCUME~1\ATMELS~1\7.0\SERIAL~1\SERIAL~1\ARDUIN~1\Debug\libArduinoCore.a(wiring.o)
 .bss           0x00000000        0x0 c:\users\TOBINI~1\DOCUME~1\ATMELS~1\7.0\SERIAL~1\SERIAL~1\ARDUIN~1\Debug\libArduinoCore.a(wiring.o)
 .text.millis   0x00000000       0x18 c:\users\TOBINI~1\DOCUME~1\ATMELS~1\7.0\SERIAL~1\SERIAL~1\ARDUIN~1\Debug\libArduinoCore.a(wiring.o)
 .text.delayMicroseconds
                0x00000000       0x16 c:\users\TOBINI~1\DOCUME~1\ATMELS~1\7.0\SERIAL~1\SERIAL~1\ARDUIN~1\Debug\libArduinoCore.a(wiring.o)
 .text          0x00000000        0x0 c:\users\TOBINI~1\DOCUME~1\ATMELS~1\7.0\SERIAL~1\SERIAL~1\ARDUIN~1\Debug\libArduinoCore.a(wiring_digital.o)
 .data          0x00000000        0x0 c:\users\TOBINI~1\DOCUME~1\ATMELS~1\7.0\SERIAL~1\SERIAL~1\ARDUIN~1\Debug\libArduinoCore.a(wiring_digital.o)
 .bss           0x00000000        0x0 c:\users\TOBINI~1\DOCUME~1\ATMELS~1\7.0\SERIAL~1\SERIAL~1\ARDUIN~1\Debug\libArduinoCore.a(wiring_digital.o)
 .text.digitalRead
                0x00000000       0x52 c:\users\TOBINI~1\DOCUME~1\ATMELS~1\7.0\SERIAL~1\SERIAL~1\ARDUIN~1\Debug\libArduinoCore.a(wiring_digital.o)
 .progmem.data.port_to_input_PGM
                0x00000000       0x1a c:\users\TOBINI~1\DOCUME~1\ATMELS~1\7.0\SERIAL~1\SERIAL~1\ARDUIN~1\Debug\libArduinoCore.a(wiring_digital.o)
 .text          0x00000000        0x0 c:\users\TOBINI~1\DOCUME~1\ATMELS~1\7.0\SERIAL~1\SERIAL~1\ARDUIN~1\Debug\libArduinoCore.a(abi.o)
 .data          0x00000000        0x0 c:\users\TOBINI~1\DOCUME~1\ATMELS~1\7.0\SERIAL~1\SERIAL~1\ARDUIN~1\Debug\libArduinoCore.a(abi.o)
 .bss           0x00000000        0x0 c:\users\TOBINI~1\DOCUME~1\ATMELS~1\7.0\SERIAL~1\SERIAL~1\ARDUIN~1\Debug\libArduinoCore.a(abi.o)
 .text.__cxa_pure_virtual
                0x00000000        0x4 c:\users\TOBINI~1\DOCUME~1\ATMELS~1\7.0\SERIAL~1\SERIAL~1\ARDUIN~1\Debug\libArduinoCore.a(abi.o)
 .text.__cxa_deleted_virtual
                0x00000000        0x4 c:\users\TOBINI~1\DOCUME~1\ATMELS~1\7.0\SERIAL~1\SERIAL~1\ARDUIN~1\Debug\libArduinoCore.a(abi.o)
 .debug_info    0x00000000       0x76 c:\users\TOBINI~1\DOCUME~1\ATMELS~1\7.0\SERIAL~1\SERIAL~1\ARDUIN~1\Debug\libArduinoCore.a(abi.o)
 .debug_abbrev  0x00000000       0x6d c:\users\TOBINI~1\DOCUME~1\ATMELS~1\7.0\SERIAL~1\SERIAL~1\ARDUIN~1\Debug\libArduinoCore.a(abi.o)
 .debug_aranges
                0x00000000       0x20 c:\users\TOBINI~1\DOCUME~1\ATMELS~1\7.0\SERIAL~1\SERIAL~1\ARDUIN~1\Debug\libArduinoCore.a(abi.o)
 .debug_ranges  0x00000000       0x10 c:\users\TOBINI~1\DOCUME~1\ATMELS~1\7.0\SERIAL~1\SERIAL~1\ARDUIN~1\Debug\libArduinoCore.a(abi.o)
 .debug_line    0x00000000       0xa9 c:\users\TOBINI~1\DOCUME~1\ATMELS~1\7.0\SERIAL~1\SERIAL~1\ARDUIN~1\Debug\libArduinoCore.a(abi.o)
 .debug_str     0x00000000      0x1b6 c:\users\TOBINI~1\DOCUME~1\ATMELS~1\7.0\SERIAL~1\SERIAL~1\ARDUIN~1\Debug\libArduinoCore.a(abi.o)
 .comment       0x00000000       0x31 c:\users\TOBINI~1\DOCUME~1\ATMELS~1\7.0\SERIAL~1\SERIAL~1\ARDUIN~1\Debug\libArduinoCore.a(abi.o)
 .debug_frame   0x00000000       0x34 c:\users\TOBINI~1\DOCUME~1\ATMELS~1\7.0\SERIAL~1\SERIAL~1\ARDUIN~1\Debug\libArduinoCore.a(abi.o)
 .text          0x00000000        0x0 c:\users\TOBINI~1\DOCUME~1\ATMELS~1\7.0\SERIAL~1\SERIAL~1\ARDUIN~1\Debug\libArduinoCore.a(hooks.o)
 .data          0x00000000        0x0 c:\users\TOBINI~1\DOCUME~1\ATMELS~1\7.0\SERIAL~1\SERIAL~1\ARDUIN~1\Debug\libArduinoCore.a(hooks.o)
 .bss           0x00000000        0x0 c:\users\TOBINI~1\DOCUME~1\ATMELS~1\7.0\SERIAL~1\SERIAL~1\ARDUIN~1\Debug\libArduinoCore.a(hooks.o)
 .text          0x00000000        0x0 c:/program files (x86)/atmel/studio/7.0/toolchain/avr8/avr8-gnu-toolchain/bin/../lib/gcc/avr/5.4.0/../../../../avr/lib/avr6\libm.a(addsf3.o)
 .data          0x00000000        0x0 c:/program files (x86)/atmel/studio/7.0/toolchain/avr8/avr8-gnu-toolchain/bin/../lib/gcc/avr/5.4.0/../../../../avr/lib/avr6\libm.a(addsf3.o)
 .bss           0x00000000        0x0 c:/program files (x86)/atmel/studio/7.0/toolchain/avr8/avr8-gnu-toolchain/bin/../lib/gcc/avr/5.4.0/../../../../avr/lib/avr6\libm.a(addsf3.o)
 .text.avr-libc.fplib
                0x00000000        0xe c:/program files (x86)/atmel/studio/7.0/toolchain/avr8/avr8-gnu-toolchain/bin/../lib/gcc/avr/5.4.0/../../../../avr/lib/avr6\libm.a(addsf3.o)
 .text          0x00000000        0x0 c:/program files (x86)/atmel/studio/7.0/toolchain/avr8/avr8-gnu-toolchain/bin/../lib/gcc/avr/5.4.0/../../../../avr/lib/avr6\libm.a(addsf3x.o)
 .data          0x00000000        0x0 c:/program files (x86)/atmel/studio/7.0/toolchain/avr8/avr8-gnu-toolchain/bin/../lib/gcc/avr/5.4.0/../../../../avr/lib/avr6\libm.a(addsf3x.o)
 .bss           0x00000000        0x0 c:/program files (x86)/atmel/studio/7.0/toolchain/avr8/avr8-gnu-toolchain/bin/../lib/gcc/avr/5.4.0/../../../../avr/lib/avr6\libm.a(addsf3x.o)
 .text.avr-libc.fplib
                0x00000000       0xcc c:/program files (x86)/atmel/studio/7.0/toolchain/avr8/avr8-gnu-toolchain/bin/../lib/gcc/avr/5.4.0/../../../../avr/lib/avr6\libm.a(addsf3x.o)
 .text          0x00000000        0x0 c:/program files (x86)/atmel/studio/7.0/toolchain/avr8/avr8-gnu-toolchain/bin/../lib/gcc/avr/5.4.0/../../../../avr/lib/avr6\libm.a(cmpsf2.o)
 .data          0x00000000        0x0 c:/program files (x86)/atmel/studio/7.0/toolchain/avr8/avr8-gnu-toolchain/bin/../lib/gcc/avr/5.4.0/../../../../avr/lib/avr6\libm.a(cmpsf2.o)
 .bss           0x00000000        0x0 c:/program files (x86)/atmel/studio/7.0/toolchain/avr8/avr8-gnu-toolchain/bin/../lib/gcc/avr/5.4.0/../../../../avr/lib/avr6\libm.a(cmpsf2.o)
 .text.avr-libc.fplib
                0x00000000        0xa c:/program files (x86)/atmel/studio/7.0/toolchain/avr8/avr8-gnu-toolchain/bin/../lib/gcc/avr/5.4.0/../../../../avr/lib/avr6\libm.a(cmpsf2.o)
 .text          0x00000000        0x0 c:/program files (x86)/atmel/studio/7.0/toolchain/avr8/avr8-gnu-toolchain/bin/../lib/gcc/avr/5.4.0/../../../../avr/lib/avr6\libm.a(divsf3.o)
 .data          0x00000000        0x0 c:/program files (x86)/atmel/studio/7.0/toolchain/avr8/avr8-gnu-toolchain/bin/../lib/gcc/avr/5.4.0/../../../../avr/lib/avr6\libm.a(divsf3.o)
 .bss           0x00000000        0x0 c:/program files (x86)/atmel/studio/7.0/toolchain/avr8/avr8-gnu-toolchain/bin/../lib/gcc/avr/5.4.0/../../../../avr/lib/avr6\libm.a(divsf3.o)
 .text.avr-libc.fplib
                0x00000000        0x8 c:/program files (x86)/atmel/studio/7.0/toolchain/avr8/avr8-gnu-toolchain/bin/../lib/gcc/avr/5.4.0/../../../../avr/lib/avr6\libm.a(divsf3.o)
 .text          0x00000000        0x0 c:/program files (x86)/atmel/studio/7.0/toolchain/avr8/avr8-gnu-toolchain/bin/../lib/gcc/avr/5.4.0/../../../../avr/lib/avr6\libm.a(divsf3x.o)
 .data          0x00000000        0x0 c:/program files (x86)/atmel/studio/7.0/toolchain/avr8/avr8-gnu-toolchain/bin/../lib/gcc/avr/5.4.0/../../../../avr/lib/avr6\libm.a(divsf3x.o)
 .bss           0x00000000        0x0 c:/program files (x86)/atmel/studio/7.0/toolchain/avr8/avr8-gnu-toolchain/bin/../lib/gcc/avr/5.4.0/../../../../avr/lib/avr6\libm.a(divsf3x.o)
 .text.avr-libc.fplib
                0x00000000       0xdc c:/program files (x86)/atmel/studio/7.0/toolchain/avr8/avr8-gnu-toolchain/bin/../lib/gcc/avr/5.4.0/../../../../avr/lib/avr6\libm.a(divsf3x.o)
 .text          0x00000000        0x0 c:/program files (x86)/atmel/studio/7.0/toolchain/avr8/avr8-gnu-toolchain/bin/../lib/gcc/avr/5.4.0/../../../../avr/lib/avr6\libm.a(fp_cmp.o)
 .data          0x00000000        0x0 c:/program files (x86)/atmel/studio/7.0/toolchain/avr8/avr8-gnu-toolchain/bin/../lib/gcc/avr/5.4.0/../../../../avr/lib/avr6\libm.a(fp_cmp.o)
 .bss           0x00000000        0x0 c:/program files (x86)/atmel/studio/7.0/toolchain/avr8/avr8-gnu-toolchain/bin/../lib/gcc/avr/5.4.0/../../../../avr/lib/avr6\libm.a(fp_cmp.o)
 .text.avr-libc.fplib
                0x00000000       0x48 c:/program files (x86)/atmel/studio/7.0/toolchain/avr8/avr8-gnu-toolchain/bin/../lib/gcc/avr/5.4.0/../../../../avr/lib/avr6\libm.a(fp_cmp.o)
 .text          0x00000000        0x0 c:/program files (x86)/atmel/studio/7.0/toolchain/avr8/avr8-gnu-toolchain/bin/../lib/gcc/avr/5.4.0/../../../../avr/lib/avr6\libm.a(gesf2.o)
 .data          0x00000000        0x0 c:/program files (x86)/atmel/studio/7.0/toolchain/avr8/avr8-gnu-toolchain/bin/../lib/gcc/avr/5.4.0/../../../../avr/lib/avr6\libm.a(gesf2.o)
 .bss           0x00000000        0x0 c:/program files (x86)/atmel/studio/7.0/toolchain/avr8/avr8-gnu-toolchain/bin/../lib/gcc/avr/5.4.0/../../../../avr/lib/avr6\libm.a(gesf2.o)
 .text.avr-libc.fplib
                0x00000000        0xa c:/program files (x86)/atmel/studio/7.0/toolchain/avr8/avr8-gnu-toolchain/bin/../lib/gcc/avr/5.4.0/../../../../avr/lib/avr6\libm.a(gesf2.o)
 .text          0x00000000        0x0 c:/program files (x86)/atmel/studio/7.0/toolchain/avr8/avr8-gnu-toolchain/bin/../lib/gcc/avr/5.4.0/../../../../avr/lib/avr6\libm.a(unordsf2.o)
 .data          0x00000000        0x0 c:/program files (x86)/atmel/studio/7.0/toolchain/avr8/avr8-gnu-toolchain/bin/../lib/gcc/avr/5.4.0/../../../../avr/lib/avr6\libm.a(unordsf2.o)
 .bss           0x00000000        0x0 c:/program files (x86)/atmel/studio/7.0/toolchain/avr8/avr8-gnu-toolchain/bin/../lib/gcc/avr/5.4.0/../../../../avr/lib/avr6\libm.a(unordsf2.o)
 .text.avr-libc.fplib
                0x00000000        0xa c:/program files (x86)/atmel/studio/7.0/toolchain/avr8/avr8-gnu-toolchain/bin/../lib/gcc/avr/5.4.0/../../../../avr/lib/avr6\libm.a(unordsf2.o)
 .text          0x00000000        0x0 c:/program files (x86)/atmel/studio/7.0/toolchain/avr8/avr8-gnu-toolchain/bin/../lib/gcc/avr/5.4.0/avr6\libgcc.a(_udivmodsi4.o)
 .data          0x00000000        0x0 c:/program files (x86)/atmel/studio/7.0/toolchain/avr8/avr8-gnu-toolchain/bin/../lib/gcc/avr/5.4.0/avr6\libgcc.a(_udivmodsi4.o)
 .bss           0x00000000        0x0 c:/program files (x86)/atmel/studio/7.0/toolchain/avr8/avr8-gnu-toolchain/bin/../lib/gcc/avr/5.4.0/avr6\libgcc.a(_udivmodsi4.o)
 .text.libgcc.mul
                0x00000000        0x0 c:/program files (x86)/atmel/studio/7.0/toolchain/avr8/avr8-gnu-toolchain/bin/../lib/gcc/avr/5.4.0/avr6\libgcc.a(_udivmodsi4.o)
 .text.libgcc   0x00000000        0x0 c:/program files (x86)/atmel/studio/7.0/toolchain/avr8/avr8-gnu-toolchain/bin/../lib/gcc/avr/5.4.0/avr6\libgcc.a(_udivmodsi4.o)
 .text.libgcc.prologue
                0x00000000        0x0 c:/program files (x86)/atmel/studio/7.0/toolchain/avr8/avr8-gnu-toolchain/bin/../lib/gcc/avr/5.4.0/avr6\libgcc.a(_udivmodsi4.o)
 .text.libgcc.builtins
                0x00000000        0x0 c:/program files (x86)/atmel/studio/7.0/toolchain/avr8/avr8-gnu-toolchain/bin/../lib/gcc/avr/5.4.0/avr6\libgcc.a(_udivmodsi4.o)
 .text.libgcc.fmul
                0x00000000        0x0 c:/program files (x86)/atmel/studio/7.0/toolchain/avr8/avr8-gnu-toolchain/bin/../lib/gcc/avr/5.4.0/avr6\libgcc.a(_udivmodsi4.o)
 .text.libgcc.fixed
                0x00000000        0x0 c:/program files (x86)/atmel/studio/7.0/toolchain/avr8/avr8-gnu-toolchain/bin/../lib/gcc/avr/5.4.0/avr6\libgcc.a(_udivmodsi4.o)
 .text          0x00000000        0x0 c:/program files (x86)/atmel/studio/7.0/toolchain/avr8/avr8-gnu-toolchain/bin/../lib/gcc/avr/5.4.0/avr6\libgcc.a(_exit.o)
 .data          0x00000000        0x0 c:/program files (x86)/atmel/studio/7.0/toolchain/avr8/avr8-gnu-toolchain/bin/../lib/gcc/avr/5.4.0/avr6\libgcc.a(_exit.o)
 .bss           0x00000000        0x0 c:/program files (x86)/atmel/studio/7.0/toolchain/avr8/avr8-gnu-toolchain/bin/../lib/gcc/avr/5.4.0/avr6\libgcc.a(_exit.o)
 .text.libgcc.mul
                0x00000000        0x0 c:/program files (x86)/atmel/studio/7.0/toolchain/avr8/avr8-gnu-toolchain/bin/../lib/gcc/avr/5.4.0/avr6\libgcc.a(_exit.o)
 .text.libgcc.div
                0x00000000        0x0 c:/program files (x86)/atmel/studio/7.0/toolchain/avr8/avr8-gnu-toolchain/bin/../lib/gcc/avr/5.4.0/avr6\libgcc.a(_exit.o)
 .text.libgcc   0x00000000        0x0 c:/program files (x86)/atmel/studio/7.0/toolchain/avr8/avr8-gnu-toolchain/bin/../lib/gcc/avr/5.4.0/avr6\libgcc.a(_exit.o)
 .text.libgcc.prologue
                0x00000000        0x0 c:/program files (x86)/atmel/studio/7.0/toolchain/avr8/avr8-gnu-toolchain/bin/../lib/gcc/avr/5.4.0/avr6\libgcc.a(_exit.o)
 .text.libgcc.builtins
                0x00000000        0x0 c:/program files (x86)/atmel/studio/7.0/toolchain/avr8/avr8-gnu-toolchain/bin/../lib/gcc/avr/5.4.0/avr6\libgcc.a(_exit.o)
 .text.libgcc.fmul
                0x00000000        0x0 c:/program files (x86)/atmel/studio/7.0/toolchain/avr8/avr8-gnu-toolchain/bin/../lib/gcc/avr/5.4.0/avr6\libgcc.a(_exit.o)
 .text.libgcc.fixed
                0x00000000        0x0 c:/program files (x86)/atmel/studio/7.0/toolchain/avr8/avr8-gnu-toolchain/bin/../lib/gcc/avr/5.4.0/avr6\libgcc.a(_exit.o)
 .text          0x00000000        0x0 c:/program files (x86)/atmel/studio/7.0/toolchain/avr8/avr8-gnu-toolchain/bin/../lib/gcc/avr/5.4.0/avr6\libgcc.a(_tablejump2.o)
 .data          0x00000000        0x0 c:/program files (x86)/atmel/studio/7.0/toolchain/avr8/avr8-gnu-toolchain/bin/../lib/gcc/avr/5.4.0/avr6\libgcc.a(_tablejump2.o)
 .bss           0x00000000        0x0 c:/program files (x86)/atmel/studio/7.0/toolchain/avr8/avr8-gnu-toolchain/bin/../lib/gcc/avr/5.4.0/avr6\libgcc.a(_tablejump2.o)
 .text.libgcc.mul
                0x00000000        0x0 c:/program files (x86)/atmel/studio/7.0/toolchain/avr8/avr8-gnu-toolchain/bin/../lib/gcc/avr/5.4.0/avr6\libgcc.a(_tablejump2.o)
 .text.libgcc.div
                0x00000000        0x0 c:/program files (x86)/atmel/studio/7.0/toolchain/avr8/avr8-gnu-toolchain/bin/../lib/gcc/avr/5.4.0/avr6\libgcc.a(_tablejump2.o)
 .text.libgcc.prologue
                0x00000000        0x0 c:/program files (x86)/atmel/studio/7.0/toolchain/avr8/avr8-gnu-toolchain/bin/../lib/gcc/avr/5.4.0/avr6\libgcc.a(_tablejump2.o)
 .text.libgcc.builtins
                0x00000000        0x0 c:/program files (x86)/atmel/studio/7.0/toolchain/avr8/avr8-gnu-toolchain/bin/../lib/gcc/avr/5.4.0/avr6\libgcc.a(_tablejump2.o)
 .text.libgcc.fmul
                0x00000000        0x0 c:/program files (x86)/atmel/studio/7.0/toolchain/avr8/avr8-gnu-toolchain/bin/../lib/gcc/avr/5.4.0/avr6\libgcc.a(_tablejump2.o)
 .text.libgcc.fixed
                0x00000000        0x0 c:/program files (x86)/atmel/studio/7.0/toolchain/avr8/avr8-gnu-toolchain/bin/../lib/gcc/avr/5.4.0/avr6\libgcc.a(_tablejump2.o)
 .text          0x00000000        0x0 c:/program files (x86)/atmel/studio/7.0/toolchain/avr8/avr8-gnu-toolchain/bin/../lib/gcc/avr/5.4.0/avr6\libgcc.a(_copy_data.o)
 .data          0x00000000        0x0 c:/program files (x86)/atmel/studio/7.0/toolchain/avr8/avr8-gnu-toolchain/bin/../lib/gcc/avr/5.4.0/avr6\libgcc.a(_copy_data.o)
 .bss           0x00000000        0x0 c:/program files (x86)/atmel/studio/7.0/toolchain/avr8/avr8-gnu-toolchain/bin/../lib/gcc/avr/5.4.0/avr6\libgcc.a(_copy_data.o)
 .text.libgcc.mul
                0x00000000        0x0 c:/program files (x86)/atmel/studio/7.0/toolchain/avr8/avr8-gnu-toolchain/bin/../lib/gcc/avr/5.4.0/avr6\libgcc.a(_copy_data.o)
 .text.libgcc.div
                0x00000000        0x0 c:/program files (x86)/atmel/studio/7.0/toolchain/avr8/avr8-gnu-toolchain/bin/../lib/gcc/avr/5.4.0/avr6\libgcc.a(_copy_data.o)
 .text.libgcc   0x00000000        0x0 c:/program files (x86)/atmel/studio/7.0/toolchain/avr8/avr8-gnu-toolchain/bin/../lib/gcc/avr/5.4.0/avr6\libgcc.a(_copy_data.o)
 .text.libgcc.prologue
                0x00000000        0x0 c:/program files (x86)/atmel/studio/7.0/toolchain/avr8/avr8-gnu-toolchain/bin/../lib/gcc/avr/5.4.0/avr6\libgcc.a(_copy_data.o)
 .text.libgcc.builtins
                0x00000000        0x0 c:/program files (x86)/atmel/studio/7.0/toolchain/avr8/avr8-gnu-toolchain/bin/../lib/gcc/avr/5.4.0/avr6\libgcc.a(_copy_data.o)
 .text.libgcc.fmul
                0x00000000        0x0 c:/program files (x86)/atmel/studio/7.0/toolchain/avr8/avr8-gnu-toolchain/bin/../lib/gcc/avr/5.4.0/avr6\libgcc.a(_copy_data.o)
 .text.libgcc.fixed
                0x00000000        0x0 c:/program files (x86)/atmel/studio/7.0/toolchain/avr8/avr8-gnu-toolchain/bin/../lib/gcc/avr/5.4.0/avr6\libgcc.a(_copy_data.o)
 .text          0x00000000        0x0 c:/program files (x86)/atmel/studio/7.0/toolchain/avr8/avr8-gnu-toolchain/bin/../lib/gcc/avr/5.4.0/avr6\libgcc.a(_clear_bss.o)
 .data          0x00000000        0x0 c:/program files (x86)/atmel/studio/7.0/toolchain/avr8/avr8-gnu-toolchain/bin/../lib/gcc/avr/5.4.0/avr6\libgcc.a(_clear_bss.o)
 .bss           0x00000000        0x0 c:/program files (x86)/atmel/studio/7.0/toolchain/avr8/avr8-gnu-toolchain/bin/../lib/gcc/avr/5.4.0/avr6\libgcc.a(_clear_bss.o)
 .text.libgcc.mul
                0x00000000        0x0 c:/program files (x86)/atmel/studio/7.0/toolchain/avr8/avr8-gnu-toolchain/bin/../lib/gcc/avr/5.4.0/avr6\libgcc.a(_clear_bss.o)
 .text.libgcc.div
                0x00000000        0x0 c:/program files (x86)/atmel/studio/7.0/toolchain/avr8/avr8-gnu-toolchain/bin/../lib/gcc/avr/5.4.0/avr6\libgcc.a(_clear_bss.o)
 .text.libgcc   0x00000000        0x0 c:/program files (x86)/atmel/studio/7.0/toolchain/avr8/avr8-gnu-toolchain/bin/../lib/gcc/avr/5.4.0/avr6\libgcc.a(_clear_bss.o)
 .text.libgcc.prologue
                0x00000000        0x0 c:/program files (x86)/atmel/studio/7.0/toolchain/avr8/avr8-gnu-toolchain/bin/../lib/gcc/avr/5.4.0/avr6\libgcc.a(_clear_bss.o)
 .text.libgcc.builtins
                0x00000000        0x0 c:/program files (x86)/atmel/studio/7.0/toolchain/avr8/avr8-gnu-toolchain/bin/../lib/gcc/avr/5.4.0/avr6\libgcc.a(_clear_bss.o)
 .text.libgcc.fmul
                0x00000000        0x0 c:/program files (x86)/atmel/studio/7.0/toolchain/avr8/avr8-gnu-toolchain/bin/../lib/gcc/avr/5.4.0/avr6\libgcc.a(_clear_bss.o)
 .text.libgcc.fixed
                0x00000000        0x0 c:/program files (x86)/atmel/studio/7.0/toolchain/avr8/avr8-gnu-toolchain/bin/../lib/gcc/avr/5.4.0/avr6\libgcc.a(_clear_bss.o)
 .text          0x00000000        0x0 c:/program files (x86)/atmel/studio/7.0/toolchain/avr8/avr8-gnu-toolchain/bin/../lib/gcc/avr/5.4.0/avr6\libgcc.a(_ctors.o)
 .data          0x00000000        0x0 c:/program files (x86)/atmel/studio/7.0/toolchain/avr8/avr8-gnu-toolchain/bin/../lib/gcc/avr/5.4.0/avr6\libgcc.a(_ctors.o)
 .bss           0x00000000        0x0 c:/program files (x86)/atmel/studio/7.0/toolchain/avr8/avr8-gnu-toolchain/bin/../lib/gcc/avr/5.4.0/avr6\libgcc.a(_ctors.o)
 .text.libgcc.mul
                0x00000000        0x0 c:/program files (x86)/atmel/studio/7.0/toolchain/avr8/avr8-gnu-toolchain/bin/../lib/gcc/avr/5.4.0/avr6\libgcc.a(_ctors.o)
 .text.libgcc.div
                0x00000000        0x0 c:/program files (x86)/atmel/studio/7.0/toolchain/avr8/avr8-gnu-toolchain/bin/../lib/gcc/avr/5.4.0/avr6\libgcc.a(_ctors.o)
 .text.libgcc   0x00000000        0x0 c:/program files (x86)/atmel/studio/7.0/toolchain/avr8/avr8-gnu-toolchain/bin/../lib/gcc/avr/5.4.0/avr6\libgcc.a(_ctors.o)
 .text.libgcc.prologue
                0x00000000        0x0 c:/program files (x86)/atmel/studio/7.0/toolchain/avr8/avr8-gnu-toolchain/bin/../lib/gcc/avr/5.4.0/avr6\libgcc.a(_ctors.o)
 .text.libgcc.builtins
                0x00000000        0x0 c:/program files (x86)/atmel/studio/7.0/toolchain/avr8/avr8-gnu-toolchain/bin/../lib/gcc/avr/5.4.0/avr6\libgcc.a(_ctors.o)
 .text.libgcc.fmul
                0x00000000        0x0 c:/program files (x86)/atmel/studio/7.0/toolchain/avr8/avr8-gnu-toolchain/bin/../lib/gcc/avr/5.4.0/avr6\libgcc.a(_ctors.o)
 .text.libgcc.fixed
                0x00000000        0x0 c:/program files (x86)/atmel/studio/7.0/toolchain/avr8/avr8-gnu-toolchain/bin/../lib/gcc/avr/5.4.0/avr6\libgcc.a(_ctors.o)
 .text          0x00000000        0x0 c:/program files (x86)/atmel/studio/7.0/toolchain/avr8/avr8-gnu-toolchain/bin/../lib/gcc/avr/5.4.0/../../../../avr/lib/avr6\libc.a(abort.o)
 .data          0x00000000        0x0 c:/program files (x86)/atmel/studio/7.0/toolchain/avr8/avr8-gnu-toolchain/bin/../lib/gcc/avr/5.4.0/../../../../avr/lib/avr6\libc.a(abort.o)
 .bss           0x00000000        0x0 c:/program files (x86)/atmel/studio/7.0/toolchain/avr8/avr8-gnu-toolchain/bin/../lib/gcc/avr/5.4.0/../../../../avr/lib/avr6\libc.a(abort.o)
 .text.avr-libc
                0x00000000        0xa c:/program files (x86)/atmel/studio/7.0/toolchain/avr8/avr8-gnu-toolchain/bin/../lib/gcc/avr/5.4.0/../../../../avr/lib/avr6\libc.a(abort.o)

Memory Configuration

Name             Origin             Length             Attributes
text             0x00000000         0x00040000         xr
data             0x00800200         0x00002000         rw !x
eeprom           0x00810000         0x00001000         rw !x
fuse             0x00820000         0x00000003         rw !x
lock             0x00830000         0x00000400         rw !x
signature        0x00840000         0x00000400         rw !x
user_signatures  0x00850000         0x00000400         rw !x
*default*        0x00000000         0xffffffff

Linker script and memory map

Address of section .data set to 0x800200
LOAD C:/Program Files (x86)/Atmel/Studio/7.0/Packs/atmel/ATmega_DFP/1.6.364/gcc/dev/atmega2560/avr6/crtatmega2560.o
LOAD Sketch.o
START GROUP
LOAD c:/program files (x86)/atmel/studio/7.0/toolchain/avr8/avr8-gnu-toolchain/bin/../lib/gcc/avr/5.4.0/../../../../avr/lib/avr6\libm.a
LOAD c:\users\TOBINI~1\DOCUME~1\ATMELS~1\7.0\SERIAL~1\SERIAL~1\ARDUIN~1\Debug\libArduinoCore.a
END GROUP
LOAD c:/program files (x86)/atmel/studio/7.0/toolchain/avr8/avr8-gnu-toolchain/bin/../lib/gcc/avr/5.4.0/avr6\libgcc.a
LOAD c:/program files (x86)/atmel/studio/7.0/toolchain/avr8/avr8-gnu-toolchain/bin/../lib/gcc/avr/5.4.0/../../../../avr/lib/avr6\libm.a
START GROUP
LOAD c:/program files (x86)/atmel/studio/7.0/toolchain/avr8/avr8-gnu-toolchain/bin/../lib/gcc/avr/5.4.0/avr6\libgcc.a
LOAD c:/program files (x86)/atmel/studio/7.0/toolchain/avr8/avr8-gnu-toolchain/bin/../lib/gcc/avr/5.4.0/../../../../avr/lib/avr6\libm.a
LOAD c:/program files (x86)/atmel/studio/7.0/toolchain/avr8/avr8-gnu-toolchain/bin/../lib/gcc/avr/5.4.0/../../../../avr/lib/avr6\libc.a
LOAD C:/Program Files (x86)/Atmel/Studio/7.0/Packs/atmel/ATmega_DFP/1.6.364/gcc/dev/atmega2560/avr6\libatmega2560.a
END GROUP
                0x00000000                __TEXT_REGION_ORIGIN__ = DEFINED (__TEXT_REGION_ORIGIN__)?__TEXT_REGION_ORIGIN__:0x0
                [0x00800200]                __DATA_REGION_ORIGIN__ = DEFINED (__DATA_REGION_ORIGIN__)?__DATA_REGION_ORIGIN__:0x800200
                [0x00040000]                __TEXT_REGION_LENGTH__ = DEFINED (__TEXT_REGION_LENGTH__)?__TEXT_REGION_LENGTH__:0x100000
                [0x00002000]                __DATA_REGION_LENGTH__ = DEFINED (__DATA_REGION_LENGTH__)?__DATA_REGION_LENGTH__:0xfe00
                [0x00001000]                __EEPROM_REGION_LENGTH__ = DEFINED (__EEPROM_REGION_LENGTH__)?__EEPROM_REGION_LENGTH__:0x10000
                [0x00000003]                __FUSE_REGION_LENGTH__ = DEFINED (__FUSE_REGION_LENGTH__)?__FUSE_REGION_LENGTH__:0x400
                0x00000400                __LOCK_REGION_LENGTH__ = DEFINED (__LOCK_REGION_LENGTH__)?__LOCK_REGION_LENGTH__:0x400
                0x00000400                __SIGNATURE_REGION_LENGTH__ = DEFINED (__SIGNATURE_REGION_LENGTH__)?__SIGNATURE_REGION_LENGTH__:0x400
                0x00000400                __USER_SIGNATURE_REGION_LENGTH__ = DEFINED (__USER_SIGNATURE_REGION_LENGTH__)?__USER_SIGNATURE_REGION_LENGTH__:0x400

.hash
 *(.hash)

.dynsym
 *(.dynsym)

.dynstr
 *(.dynstr)

.gnu.version
 *(.gnu.version)

.gnu.version_d
 *(.gnu.version_d)

.gnu.version_r
 *(.gnu.version_r)

.rel.init
 *(.rel.init)

.rela.init
 *(.rela.init)

.rel.text
 *(.rel.text)
 *(.rel.text.*)
 *(.rel.gnu.linkonce.t*)

.rela.text
 *(.rela.text)
 *(.rela.text.*)
 *(.rela.gnu.linkonce.t*)

.rel.fini
 *(.rel.fini)

.rela.fini
 *(.rela.fini)

.rel.rodata
 *(.rel.rodata)
 *(.rel.rodata.*)
 *(.rel.gnu.linkonce.r*)

.rela.rodata
 *(.rela.rodata)
 *(.rela.rodata.*)
 *(.rela.gnu.linkonce.r*)

.rel.data
 *(.rel.data)
 *(.rel.data.*)
 *(.rel.gnu.linkonce.d*)

.rela.data
 *(.rela.data)
 *(.rela.data.*)
 *(.rela.gnu.linkonce.d*)

.rel.ctors
 *(.rel.ctors)

.rela.ctors
 *(.rela.ctors)

.rel.dtors
 *(.rel.dtors)

.rela.dtors
 *(.rela.dtors)

.rel.got
 *(.rel.got)

.rela.got
 *(.rela.got)

.rel.bss
 *(.rel.bss)

.rela.bss
 *(.rela.bss)

.rel.plt
 *(.rel.plt)

.rela.plt
 *(.rela.plt)

.text           0x00000000      0xe76
 *(.vectors)
 .vectors       0x00000000       0xe4 C:/Program Files (x86)/Atmel/Studio/7.0/Packs/atmel/ATmega_DFP/1.6.364/gcc/dev/atmega2560/avr6/crtatmega2560.o
                0x00000000                __vector_default
                0x00000000                __vectors
 *(.vectors)
 *(.progmem.gcc*)
 .progmem.gcc_sw_table.turnOffPWM
                0x000000e4       0x24 c:\users\TOBINI~1\DOCUME~1\ATMELS~1\7.0\SERIAL~1\SERIAL~1\ARDUIN~1\Debug\libArduinoCore.a(wiring_digital.o)
                0x00000108                . = ALIGN (0x2)
                0x00000108                __trampolines_start = .
 *(.trampolines)
 .trampolines   0x00000108        0x0 linker stubs
 *(.trampolines*)
                0x00000108                __trampolines_end = .
 *libprintf_flt.a:*(.progmem.data)
 *libc.a:*(.progmem.data)
 *(.progmem*)
 .progmem.data.digital_pin_to_timer_PGM
                0x00000108       0x46 c:\users\TOBINI~1\DOCUME~1\ATMELS~1\7.0\SERIAL~1\SERIAL~1\ARDUIN~1\Debug\libArduinoCore.a(wiring_digital.o)
                0x00000108                digital_pin_to_timer_PGM
 .progmem.data.digital_pin_to_bit_mask_PGM
                0x0000014e       0x46 c:\users\TOBINI~1\DOCUME~1\ATMELS~1\7.0\SERIAL~1\SERIAL~1\ARDUIN~1\Debug\libArduinoCore.a(wiring_digital.o)
                0x0000014e                digital_pin_to_bit_mask_PGM
 .progmem.data.digital_pin_to_port_PGM
                0x00000194       0x46 c:\users\TOBINI~1\DOCUME~1\ATMELS~1\7.0\SERIAL~1\SERIAL~1\ARDUIN~1\Debug\libArduinoCore.a(wiring_digital.o)
                0x00000194                digital_pin_to_port_PGM
 .progmem.data.port_to_output_PGM
                0x000001da       0x1a c:\users\TOBINI~1\DOCUME~1\ATMELS~1\7.0\SERIAL~1\SERIAL~1\ARDUIN~1\Debug\libArduinoCore.a(wiring_digital.o)
                0x000001da                port_to_output_PGM
 .progmem.data.port_to_mode_PGM
                0x000001f4       0x1a c:\users\TOBINI~1\DOCUME~1\ATMELS~1\7.0\SERIAL~1\SERIAL~1\ARDUIN~1\Debug\libArduinoCore.a(wiring_digital.o)
                0x000001f4                port_to_mode_PGM
                0x0000020e                . = ALIGN (0x2)
 *(.jumptables)
 *(.jumptables*)
 *(.lowtext)
 *(.lowtext*)
                0x0000020e                __ctors_start = .
 *(.ctors)
 .ctors         0x0000020e        0x2 c:\users\TOBINI~1\DOCUME~1\ATMELS~1\7.0\SERIAL~1\SERIAL~1\ARDUIN~1\Debug\libArduinoCore.a(HardwareSerial0.o)
                0x00000210                __ctors_end = .
                0x00000210                __dtors_start = .
 *(.dtors)
                0x00000210                __dtors_end = .
 SORT(*)(.ctors)
 SORT(*)(.dtors)
 *(.init0)
 .init0         0x00000210        0x0 C:/Program Files (x86)/Atmel/Studio/7.0/Packs/atmel/ATmega_DFP/1.6.364/gcc/dev/atmega2560/avr6/crtatmega2560.o
                0x00000210                __init
 *(.init0)
 *(.init1)
 *(.init1)
 *(.init2)
 .init2         0x00000210       0x10 C:/Program Files (x86)/Atmel/Studio/7.0/Packs/atmel/ATmega_DFP/1.6.364/gcc/dev/atmega2560/avr6/crtatmega2560.o
 *(.init2)
 *(.init3)
 *(.init3)
 *(.init4)
 .init4         0x00000220       0x1a c:/program files (x86)/atmel/studio/7.0/toolchain/avr8/avr8-gnu-toolchain/bin/../lib/gcc/avr/5.4.0/avr6\libgcc.a(_copy_data.o)
                0x00000220                __do_copy_data
 .init4         0x0000023a       0x10 c:/program files (x86)/atmel/studio/7.0/toolchain/avr8/avr8-gnu-toolchain/bin/../lib/gcc/avr/5.4.0/avr6\libgcc.a(_clear_bss.o)
                0x0000023a                __do_clear_bss
 *(.init4)
 *(.init5)
 *(.init5)
 *(.init6)
 .init6         0x0000024a       0x1e c:/program files (x86)/atmel/studio/7.0/toolchain/avr8/avr8-gnu-toolchain/bin/../lib/gcc/avr/5.4.0/avr6\libgcc.a(_ctors.o)
                0x0000024a                __do_global_ctors
 *(.init6)
 *(.init7)
 *(.init7)
 *(.init8)
 *(.init8)
 *(.init9)
 .init9         0x00000268        0x4 C:/Program Files (x86)/Atmel/Studio/7.0/Packs/atmel/ATmega_DFP/1.6.364/gcc/dev/atmega2560/avr6/crtatmega2560.o
 *(.init9)
 *(.text)
 .text          0x0000026c        0x2 C:/Program Files (x86)/Atmel/Studio/7.0/Packs/atmel/ATmega_DFP/1.6.364/gcc/dev/atmega2560/avr6/crtatmega2560.o
                0x0000026c                __vector_38
                0x0000026c                __vector_22
                0x0000026c                __vector_28
                0x0000026c                __vector_1
                0x0000026c                __vector_32
                0x0000026c                __vector_34
                0x0000026c                __vector_24
                0x0000026c                __vector_12
                0x0000026c                __vector_55
                0x0000026c                __vector_46
                0x0000026c                __bad_interrupt
                0x0000026c                __vector_6
                0x0000026c                __vector_31
                0x0000026c                __vector_35
                0x0000026c                __vector_39
                0x0000026c                __vector_3
                0x0000026c                __vector_30
                0x0000026c                __vector_45
                0x0000026c                __vector_11
                0x0000026c                __vector_54
                0x0000026c                __vector_13
                0x0000026c                __vector_17
                0x0000026c                __vector_19
                0x0000026c                __vector_56
                0x0000026c                __vector_7
                0x0000026c                __vector_49
                0x0000026c                __vector_41
                0x0000026c                __vector_43
                0x0000026c                __vector_27
                0x0000026c                __vector_5
                0x0000026c                __vector_33
                0x0000026c                __vector_47
                0x0000026c                __vector_52
                0x0000026c                __vector_37
                0x0000026c                __vector_4
                0x0000026c                __vector_44
                0x0000026c                __vector_51
                0x0000026c                __vector_9
                0x0000026c                __vector_2
                0x0000026c                __vector_21
                0x0000026c                __vector_15
                0x0000026c                __vector_36
                0x0000026c                __vector_29
                0x0000026c                __vector_40
                0x0000026c                __vector_8
                0x0000026c                __vector_48
                0x0000026c                __vector_14
                0x0000026c                __vector_53
                0x0000026c                __vector_10
                0x0000026c                __vector_50
                0x0000026c                __vector_16
                0x0000026c                __vector_18
                0x0000026c                __vector_20
                0x0000026c                __vector_42
                0x0000026e                . = ALIGN (0x2)
 *(.text.*)
 .text._ZN14HardwareSerial5beginEm
                0x0000026e       0x42 Sketch.o
                0x0000026e                _ZN14HardwareSerial5beginEm
 .text._ZN14HardwareSerialcvbEv
                0x000002b0       0x1c Sketch.o
                0x000002b0                _ZN14HardwareSerialcvbEv
 .text.setup    0x000002cc       0x3c Sketch.o
                0x000002cc                setup
 .text.loop     0x00000308       0xa4 Sketch.o
                0x00000308                loop
 .text._Z11serialEventv
                0x000003ac       0x3c Sketch.o
                0x000003ac                _Z11serialEventv
 .text.avr-libc.fplib
                0x000003e8       0x58 c:/program files (x86)/atmel/studio/7.0/toolchain/avr8/avr8-gnu-toolchain/bin/../lib/gcc/avr/5.4.0/../../../../avr/lib/avr6\libm.a(fixunssfsi.o)
                0x000003e8                __fixunssfsi
 .text.avr-libc.fplib
                0x00000440       0x7a c:/program files (x86)/atmel/studio/7.0/toolchain/avr8/avr8-gnu-toolchain/bin/../lib/gcc/avr/5.4.0/../../../../avr/lib/avr6\libm.a(floatsisf.o)
                0x00000440                __floatunsisf
                0x00000444                __floatsisf
 .text.avr-libc.fplib
                0x000004ba       0x44 c:/program files (x86)/atmel/studio/7.0/toolchain/avr8/avr8-gnu-toolchain/bin/../lib/gcc/avr/5.4.0/../../../../avr/lib/avr6\libm.a(fp_split3.o)
                0x000004ba                __fp_split3
                0x000004ca                __fp_splitA
 .text.avr-libc.fplib
                0x000004fe        0xe c:/program files (x86)/atmel/studio/7.0/toolchain/avr8/avr8-gnu-toolchain/bin/../lib/gcc/avr/5.4.0/../../../../avr/lib/avr6\libm.a(fp_zero.o)
                0x000004fe                __fp_zero
                0x00000500                __fp_szero
 .text.avr-libc.fplib
                0x0000050c        0x4 c:/program files (x86)/atmel/studio/7.0/toolchain/avr8/avr8-gnu-toolchain/bin/../lib/gcc/avr/5.4.0/../../../../avr/lib/avr6\libm.a(mulsf3.o)
                0x0000050c                __mulsf3
 .text.avr-libc.fplib
                0x00000510       0xc2 c:/program files (x86)/atmel/studio/7.0/toolchain/avr8/avr8-gnu-toolchain/bin/../lib/gcc/avr/5.4.0/../../../../avr/lib/avr6\libm.a(mulsf3x.o)
                0x00000524                __mulsf3x
                0x00000528                __mulsf3_pse
 .text.avr-libc.fplib
                0x000005d2        0xc c:/program files (x86)/atmel/studio/7.0/toolchain/avr8/avr8-gnu-toolchain/bin/../lib/gcc/avr/5.4.0/../../../../avr/lib/avr6\libm.a(fp_inf.o)
                0x000005d2                __fp_inf
 .text.avr-libc.fplib
                0x000005de        0x6 c:/program files (x86)/atmel/studio/7.0/toolchain/avr8/avr8-gnu-toolchain/bin/../lib/gcc/avr/5.4.0/../../../../avr/lib/avr6\libm.a(fp_nan.o)
                0x000005de                __fp_nan
 .text.avr-libc.fplib
                0x000005e4        0xe c:/program files (x86)/atmel/studio/7.0/toolchain/avr8/avr8-gnu-toolchain/bin/../lib/gcc/avr/5.4.0/../../../../avr/lib/avr6\libm.a(fp_pscA.o)
                0x000005e4                __fp_pscA
 .text.avr-libc.fplib
                0x000005f2        0xe c:/program files (x86)/atmel/studio/7.0/toolchain/avr8/avr8-gnu-toolchain/bin/../lib/gcc/avr/5.4.0/../../../../avr/lib/avr6\libm.a(fp_pscB.o)
                0x000005f2                __fp_pscB
 .text.avr-libc.fplib
                0x00000600       0x22 c:/program files (x86)/atmel/studio/7.0/toolchain/avr8/avr8-gnu-toolchain/bin/../lib/gcc/avr/5.4.0/../../../../avr/lib/avr6\libm.a(fp_round.o)
                0x00000600                __fp_round
 .text._ZN14HardwareSerial9availableEv
                0x00000622       0x18 c:\users\TOBINI~1\DOCUME~1\ATMELS~1\7.0\SERIAL~1\SERIAL~1\ARDUIN~1\Debug\libArduinoCore.a(HardwareSerial.o)
                0x00000622                _ZN14HardwareSerial9availableEv
 .text._ZN14HardwareSerial4peekEv
                0x0000063a       0x1c c:\users\TOBINI~1\DOCUME~1\ATMELS~1\7.0\SERIAL~1\SERIAL~1\ARDUIN~1\Debug\libArduinoCore.a(HardwareSerial.o)
                0x0000063a                _ZN14HardwareSerial4peekEv
 .text._ZN14HardwareSerial4readEv
                0x00000656       0x28 c:\users\TOBINI~1\DOCUME~1\ATMELS~1\7.0\SERIAL~1\SERIAL~1\ARDUIN~1\Debug\libArduinoCore.a(HardwareSerial.o)
                0x00000656                _ZN14HardwareSerial4readEv
 .text._ZN14HardwareSerial17availableForWriteEv
                0x0000067e       0x1e c:\users\TOBINI~1\DOCUME~1\ATMELS~1\7.0\SERIAL~1\SERIAL~1\ARDUIN~1\Debug\libArduinoCore.a(HardwareSerial.o)
                0x0000067e                _ZN14HardwareSerial17availableForWriteEv
 .text._Z14serialEventRunv
                0x0000069c       0x76 c:\users\TOBINI~1\DOCUME~1\ATMELS~1\7.0\SERIAL~1\SERIAL~1\ARDUIN~1\Debug\libArduinoCore.a(HardwareSerial.o)
                0x0000069c                _Z14serialEventRunv
 .text._ZN14HardwareSerial17_tx_udr_empty_irqEv
                0x00000712       0x44 c:\users\TOBINI~1\DOCUME~1\ATMELS~1\7.0\SERIAL~1\SERIAL~1\ARDUIN~1\Debug\libArduinoCore.a(HardwareSerial.o)
                0x00000712                _ZN14HardwareSerial17_tx_udr_empty_irqEv
 .text._ZN14HardwareSerial5writeEh
                0x00000756       0x98 c:\users\TOBINI~1\DOCUME~1\ATMELS~1\7.0\SERIAL~1\SERIAL~1\ARDUIN~1\Debug\libArduinoCore.a(HardwareSerial.o)
                0x00000756                _ZN14HardwareSerial5writeEh
 .text._ZN14HardwareSerial5flushEv
                0x000007ee       0x42 c:\users\TOBINI~1\DOCUME~1\ATMELS~1\7.0\SERIAL~1\SERIAL~1\ARDUIN~1\Debug\libArduinoCore.a(HardwareSerial.o)
                0x000007ee                _ZN14HardwareSerial5flushEv
 .text._ZN14HardwareSerial5beginEmh
                0x00000830       0xc6 c:\users\TOBINI~1\DOCUME~1\ATMELS~1\7.0\SERIAL~1\SERIAL~1\ARDUIN~1\Debug\libArduinoCore.a(HardwareSerial.o)
                0x00000830                _ZN14HardwareSerial5beginEmh
 .text.__vector_25
                0x000008f6       0x6c c:\users\TOBINI~1\DOCUME~1\ATMELS~1\7.0\SERIAL~1\SERIAL~1\ARDUIN~1\Debug\libArduinoCore.a(HardwareSerial0.o)
                0x000008f6                __vector_25
 .text.__vector_26
                0x00000962       0x52 c:\users\TOBINI~1\DOCUME~1\ATMELS~1\7.0\SERIAL~1\SERIAL~1\ARDUIN~1\Debug\libArduinoCore.a(HardwareSerial0.o)
                0x00000962                __vector_26
 .text._Z17Serial0_availablev
                0x000009b4       0x12 c:\users\TOBINI~1\DOCUME~1\ATMELS~1\7.0\SERIAL~1\SERIAL~1\ARDUIN~1\Debug\libArduinoCore.a(HardwareSerial0.o)
                0x000009b4                _Z17Serial0_availablev
 .text.startup._GLOBAL__sub_I___vector_25
                0x000009c6       0x5a c:\users\TOBINI~1\DOCUME~1\ATMELS~1\7.0\SERIAL~1\SERIAL~1\ARDUIN~1\Debug\libArduinoCore.a(HardwareSerial0.o)
 .text.initVariant
                0x00000a20        0x2 c:\users\TOBINI~1\DOCUME~1\ATMELS~1\7.0\SERIAL~1\SERIAL~1\ARDUIN~1\Debug\libArduinoCore.a(main.o)
                0x00000a20                initVariant
 .text.startup.main
                0x00000a22       0x14 c:\users\TOBINI~1\DOCUME~1\ATMELS~1\7.0\SERIAL~1\SERIAL~1\ARDUIN~1\Debug\libArduinoCore.a(main.o)
                0x00000a22                main
 .text._ZN5Print5writeEPKhj
                0x00000a36       0x54 c:\users\TOBINI~1\DOCUME~1\ATMELS~1\7.0\SERIAL~1\SERIAL~1\ARDUIN~1\Debug\libArduinoCore.a(Print.o)
                0x00000a36                _ZN5Print5writeEPKhj
 .text.__vector_23
                0x00000a8a       0x94 c:\users\TOBINI~1\DOCUME~1\ATMELS~1\7.0\SERIAL~1\SERIAL~1\ARDUIN~1\Debug\libArduinoCore.a(wiring.o)
                0x00000a8a                __vector_23
 .text.micros   0x00000b1e       0x4a c:\users\TOBINI~1\DOCUME~1\ATMELS~1\7.0\SERIAL~1\SERIAL~1\ARDUIN~1\Debug\libArduinoCore.a(wiring.o)
                0x00000b1e                micros
 .text.delay    0x00000b68       0x72 c:\users\TOBINI~1\DOCUME~1\ATMELS~1\7.0\SERIAL~1\SERIAL~1\ARDUIN~1\Debug\libArduinoCore.a(wiring.o)
                0x00000b68                delay
 .text.init     0x00000bda       0xc4 c:\users\TOBINI~1\DOCUME~1\ATMELS~1\7.0\SERIAL~1\SERIAL~1\ARDUIN~1\Debug\libArduinoCore.a(wiring.o)
                0x00000bda                init
 .text.turnOffPWM
                0x00000c9e       0xaa c:\users\TOBINI~1\DOCUME~1\ATMELS~1\7.0\SERIAL~1\SERIAL~1\ARDUIN~1\Debug\libArduinoCore.a(wiring_digital.o)
 .text.pinMode  0x00000d48       0x78 c:\users\TOBINI~1\DOCUME~1\ATMELS~1\7.0\SERIAL~1\SERIAL~1\ARDUIN~1\Debug\libArduinoCore.a(wiring_digital.o)
                0x00000d48                pinMode
 .text.digitalWrite
                0x00000dc0       0x5c c:\users\TOBINI~1\DOCUME~1\ATMELS~1\7.0\SERIAL~1\SERIAL~1\ARDUIN~1\Debug\libArduinoCore.a(wiring_digital.o)
                0x00000dc0                digitalWrite
 .text.__empty  0x00000e1c        0x2 c:\users\TOBINI~1\DOCUME~1\ATMELS~1\7.0\SERIAL~1\SERIAL~1\ARDUIN~1\Debug\libArduinoCore.a(hooks.o)
                0x00000e1c                yield
 .text.libgcc.div
                0x00000e1e       0x44 c:/program files (x86)/atmel/studio/7.0/toolchain/avr8/avr8-gnu-toolchain/bin/../lib/gcc/avr/5.4.0/avr6\libgcc.a(_udivmodsi4.o)
                0x00000e1e                __udivmodsi4
 .text.libgcc   0x00000e62       0x10 c:/program files (x86)/atmel/studio/7.0/toolchain/avr8/avr8-gnu-toolchain/bin/../lib/gcc/avr/5.4.0/avr6\libgcc.a(_tablejump2.o)
                0x00000e62                __tablejump2__
                0x00000e72                . = ALIGN (0x2)
 *(.fini9)
 .fini9         0x00000e72        0x0 c:/program files (x86)/atmel/studio/7.0/toolchain/avr8/avr8-gnu-toolchain/bin/../lib/gcc/avr/5.4.0/avr6\libgcc.a(_exit.o)
                0x00000e72                _exit
                0x00000e72                exit
 *(.fini9)
 *(.fini8)
 *(.fini8)
 *(.fini7)
 *(.fini7)
 *(.fini6)
 *(.fini6)
 *(.fini5)
 *(.fini5)
 *(.fini4)
 *(.fini4)
 *(.fini3)
 *(.fini3)
 *(.fini2)
 *(.fini2)
 *(.fini1)
 *(.fini1)
 *(.fini0)
 .fini0         0x00000e72        0x4 c:/program files (x86)/atmel/studio/7.0/toolchain/avr8/avr8-gnu-toolchain/bin/../lib/gcc/avr/5.4.0/avr6\libgcc.a(_exit.o)
 *(.fini0)
                0x00000e76                _etext = .

.data           0x00800200       0x14 load address 0x00000e76
                0x00800200                PROVIDE (__data_start, .)
 *(.data)
 *(.data*)
 .data.led      0x00800200        0x2 Sketch.o
                0x00800200                led
 *(.gnu.linkonce.d*)
 *(.rodata)
 *(.rodata*)
 .rodata._ZTV14HardwareSerial
                0x00800202       0x12 c:\users\TOBINI~1\DOCUME~1\ATMELS~1\7.0\SERIAL~1\SERIAL~1\ARDUIN~1\Debug\libArduinoCore.a(HardwareSerial.o)
                0x00800202                _ZTV14HardwareSerial
 *(.gnu.linkonce.r*)
                0x00800214                . = ALIGN (0x2)
                0x00800214                _edata = .
                0x00800214                PROVIDE (__data_end, .)

.bss            0x00800214       0xa8
                0x00800214                PROVIDE (__bss_start, .)
 *(.bss)
 *(.bss*)
 .bss.incommingNum
                0x00800214        0x2 Sketch.o
                0x00800214                incommingNum
 .bss.Serial    0x00800216       0x9d c:\users\TOBINI~1\DOCUME~1\ATMELS~1\7.0\SERIAL~1\SERIAL~1\ARDUIN~1\Debug\libArduinoCore.a(HardwareSerial0.o)
                0x00800216                Serial
 .bss.timer0_fract
                0x008002b3        0x1 c:\users\TOBINI~1\DOCUME~1\ATMELS~1\7.0\SERIAL~1\SERIAL~1\ARDUIN~1\Debug\libArduinoCore.a(wiring.o)
 .bss.timer0_millis
                0x008002b4        0x4 c:\users\TOBINI~1\DOCUME~1\ATMELS~1\7.0\SERIAL~1\SERIAL~1\ARDUIN~1\Debug\libArduinoCore.a(wiring.o)
                0x008002b4                timer0_millis
 .bss.timer0_overflow_count
                0x008002b8        0x4 c:\users\TOBINI~1\DOCUME~1\ATMELS~1\7.0\SERIAL~1\SERIAL~1\ARDUIN~1\Debug\libArduinoCore.a(wiring.o)
                0x008002b8                timer0_overflow_count
 *(COMMON)
                0x008002bc                PROVIDE (__bss_end, .)
                0x00000e76                __data_load_start = LOADADDR (.data)
                0x00000e8a                __data_load_end = (__data_load_start + SIZEOF (.data))

.noinit         0x008002bc        0x0
                [!provide]                PROVIDE (__noinit_start, .)
 *(.noinit*)
                [!provide]                PROVIDE (__noinit_end, .)
                0x008002bc                _end = .
                [!provide]                PROVIDE (__heap_start, .)

.eeprom         0x00810000        0x0
 *(.eeprom*)
                0x00810000                __eeprom_end = .

.fuse
 *(.fuse)
 *(.lfuse)
 *(.hfuse)
 *(.efuse)

.lock
 *(.lock*)

.signature
 *(.signature*)

.user_signatures
 *(.user_signatures*)

.stab
 *(.stab)

.stabstr
 *(.stabstr)

.stab.excl
 *(.stab.excl)

.stab.exclstr
 *(.stab.exclstr)

.stab.index
 *(.stab.index)

.stab.indexstr
 *(.stab.indexstr)

.comment        0x00000000       0x30
 *(.comment)
 .comment       0x00000000       0x30 Sketch.o
                                 0x31 (size before relaxing)
 .comment       0x00000030       0x31 c:\users\TOBINI~1\DOCUME~1\ATMELS~1\7.0\SERIAL~1\SERIAL~1\ARDUIN~1\Debug\libArduinoCore.a(HardwareSerial.o)
 .comment       0x00000030       0x31 c:\users\TOBINI~1\DOCUME~1\ATMELS~1\7.0\SERIAL~1\SERIAL~1\ARDUIN~1\Debug\libArduinoCore.a(HardwareSerial0.o)
 .comment       0x00000030       0x31 c:\users\TOBINI~1\DOCUME~1\ATMELS~1\7.0\SERIAL~1\SERIAL~1\ARDUIN~1\Debug\libArduinoCore.a(main.o)
 .comment       0x00000030       0x31 c:\users\TOBINI~1\DOCUME~1\ATMELS~1\7.0\SERIAL~1\SERIAL~1\ARDUIN~1\Debug\libArduinoCore.a(Print.o)
 .comment       0x00000030       0x31 c:\users\TOBINI~1\DOCUME~1\ATMELS~1\7.0\SERIAL~1\SERIAL~1\ARDUIN~1\Debug\libArduinoCore.a(wiring.o)
 .comment       0x00000030       0x31 c:\users\TOBINI~1\DOCUME~1\ATMELS~1\7.0\SERIAL~1\SERIAL~1\ARDUIN~1\Debug\libArduinoCore.a(wiring_digital.o)
 .comment       0x00000030       0x31 c:\users\TOBINI~1\DOCUME~1\ATMELS~1\7.0\SERIAL~1\SERIAL~1\ARDUIN~1\Debug\libArduinoCore.a(hooks.o)

.note.gnu.avr.deviceinfo
                0x00000000       0x40
 .note.gnu.avr.deviceinfo
                0x00000000       0x40 C:/Program Files (x86)/Atmel/Studio/7.0/Packs/atmel/ATmega_DFP/1.6.364/gcc/dev/atmega2560/avr6/crtatmega2560.o

.note.gnu.build-id
 *(.note.gnu.build-id)

.debug
 *(.debug)

.line
 *(.line)

.debug_srcinfo
 *(.debug_srcinfo)

.debug_sfnames
 *(.debug_sfnames)

.debug_aranges  0x00000000      0x2c0
 *(.debug_aranges)
 .debug_aranges
                0x00000000       0x40 Sketch.o
 .debug_aranges
                0x00000040       0x68 c:\users\TOBINI~1\DOCUME~1\ATMELS~1\7.0\SERIAL~1\SERIAL~1\ARDUIN~1\Debug\libArduinoCore.a(HardwareSerial.o)
 .debug_aranges
                0x000000a8       0x48 c:\users\TOBINI~1\DOCUME~1\ATMELS~1\7.0\SERIAL~1\SERIAL~1\ARDUIN~1\Debug\libArduinoCore.a(HardwareSerial0.o)
 .debug_aranges
                0x000000f0       0x30 c:\users\TOBINI~1\DOCUME~1\ATMELS~1\7.0\SERIAL~1\SERIAL~1\ARDUIN~1\Debug\libArduinoCore.a(main.o)
 .debug_aranges
                0x00000120      0x100 c:\users\TOBINI~1\DOCUME~1\ATMELS~1\7.0\SERIAL~1\SERIAL~1\ARDUIN~1\Debug\libArduinoCore.a(Print.o)
 .debug_aranges
                0x00000220       0x48 c:\users\TOBINI~1\DOCUME~1\ATMELS~1\7.0\SERIAL~1\SERIAL~1\ARDUIN~1\Debug\libArduinoCore.a(wiring.o)
 .debug_aranges
                0x00000268       0x38 c:\users\TOBINI~1\DOCUME~1\ATMELS~1\7.0\SERIAL~1\SERIAL~1\ARDUIN~1\Debug\libArduinoCore.a(wiring_digital.o)
 .debug_aranges
                0x000002a0       0x20 c:\users\TOBINI~1\DOCUME~1\ATMELS~1\7.0\SERIAL~1\SERIAL~1\ARDUIN~1\Debug\libArduinoCore.a(hooks.o)

.debug_pubnames
 *(.debug_pubnames)

.debug_info     0x00000000     0x80dc
 *(.debug_info .gnu.linkonce.wi.*)
 .debug_info    0x00000000      0xbbc C:/Program Files (x86)/Atmel/Studio/7.0/Packs/atmel/ATmega_DFP/1.6.364/gcc/dev/atmega2560/avr6/crtatmega2560.o
 .debug_info    0x00000bbc      0x3bb Sketch.o
 .debug_info    0x00000f77     0x205e c:\users\TOBINI~1\DOCUME~1\ATMELS~1\7.0\SERIAL~1\SERIAL~1\ARDUIN~1\Debug\libArduinoCore.a(HardwareSerial.o)
 .debug_info    0x00002fd5     0x1b74 c:\users\TOBINI~1\DOCUME~1\ATMELS~1\7.0\SERIAL~1\SERIAL~1\ARDUIN~1\Debug\libArduinoCore.a(HardwareSerial0.o)
 .debug_info    0x00004b49      0x295 c:\users\TOBINI~1\DOCUME~1\ATMELS~1\7.0\SERIAL~1\SERIAL~1\ARDUIN~1\Debug\libArduinoCore.a(main.o)
 .debug_info    0x00004dde     0x295d c:\users\TOBINI~1\DOCUME~1\ATMELS~1\7.0\SERIAL~1\SERIAL~1\ARDUIN~1\Debug\libArduinoCore.a(Print.o)
 .debug_info    0x0000773b      0x329 c:\users\TOBINI~1\DOCUME~1\ATMELS~1\7.0\SERIAL~1\SERIAL~1\ARDUIN~1\Debug\libArduinoCore.a(wiring.o)
 .debug_info    0x00007a64      0x63a c:\users\TOBINI~1\DOCUME~1\ATMELS~1\7.0\SERIAL~1\SERIAL~1\ARDUIN~1\Debug\libArduinoCore.a(wiring_digital.o)
 .debug_info    0x0000809e       0x3e c:\users\TOBINI~1\DOCUME~1\ATMELS~1\7.0\SERIAL~1\SERIAL~1\ARDUIN~1\Debug\libArduinoCore.a(hooks.o)

.debug_abbrev   0x00000000     0x1da8
 *(.debug_abbrev)
 .debug_abbrev  0x00000000      0xb1a C:/Program Files (x86)/Atmel/Studio/7.0/Packs/atmel/ATmega_DFP/1.6.364/gcc/dev/atmega2560/avr6/crtatmega2560.o
 .debug_abbrev  0x00000b1a      0x198 Sketch.o
 .debug_abbrev  0x00000cb2      0x4b7 c:\users\TOBINI~1\DOCUME~1\ATMELS~1\7.0\SERIAL~1\SERIAL~1\ARDUIN~1\Debug\libArduinoCore.a(HardwareSerial.o)
 .debug_abbrev  0x00001169      0x3ce c:\users\TOBINI~1\DOCUME~1\ATMELS~1\7.0\SERIAL~1\SERIAL~1\ARDUIN~1\Debug\libArduinoCore.a(HardwareSerial0.o)
 .debug_abbrev  0x00001537      0x12d c:\users\TOBINI~1\DOCUME~1\ATMELS~1\7.0\SERIAL~1\SERIAL~1\ARDUIN~1\Debug\libArduinoCore.a(main.o)
 .debug_abbrev  0x00001664      0x47a c:\users\TOBINI~1\DOCUME~1\ATMELS~1\7.0\SERIAL~1\SERIAL~1\ARDUIN~1\Debug\libArduinoCore.a(Print.o)
 .debug_abbrev  0x00001ade      0x146 c:\users\TOBINI~1\DOCUME~1\ATMELS~1\7.0\SERIAL~1\SERIAL~1\ARDUIN~1\Debug\libArduinoCore.a(wiring.o)
 .debug_abbrev  0x00001c24      0x15a c:\users\TOBINI~1\DOCUME~1\ATMELS~1\7.0\SERIAL~1\SERIAL~1\ARDUIN~1\Debug\libArduinoCore.a(wiring_digital.o)
 .debug_abbrev  0x00001d7e       0x2a c:\users\TOBINI~1\DOCUME~1\ATMELS~1\7.0\SERIAL~1\SERIAL~1\ARDUIN~1\Debug\libArduinoCore.a(hooks.o)

.debug_line     0x00000000     0x1964
 *(.debug_line .debug_line.* .debug_line_end)
 .debug_line    0x00000000      0x1fa C:/Program Files (x86)/Atmel/Studio/7.0/Packs/atmel/ATmega_DFP/1.6.364/gcc/dev/atmega2560/avr6/crtatmega2560.o
 .debug_line    0x000001fa      0x249 Sketch.o
 .debug_line    0x00000443      0x527 c:\users\TOBINI~1\DOCUME~1\ATMELS~1\7.0\SERIAL~1\SERIAL~1\ARDUIN~1\Debug\libArduinoCore.a(HardwareSerial.o)
 .debug_line    0x0000096a      0x288 c:\users\TOBINI~1\DOCUME~1\ATMELS~1\7.0\SERIAL~1\SERIAL~1\ARDUIN~1\Debug\libArduinoCore.a(HardwareSerial0.o)
 .debug_line    0x00000bf2      0x161 c:\users\TOBINI~1\DOCUME~1\ATMELS~1\7.0\SERIAL~1\SERIAL~1\ARDUIN~1\Debug\libArduinoCore.a(main.o)
 .debug_line    0x00000d53      0x681 c:\users\TOBINI~1\DOCUME~1\ATMELS~1\7.0\SERIAL~1\SERIAL~1\ARDUIN~1\Debug\libArduinoCore.a(Print.o)
 .debug_line    0x000013d4      0x2cb c:\users\TOBINI~1\DOCUME~1\ATMELS~1\7.0\SERIAL~1\SERIAL~1\ARDUIN~1\Debug\libArduinoCore.a(wiring.o)
 .debug_line    0x0000169f      0x284 c:\users\TOBINI~1\DOCUME~1\ATMELS~1\7.0\SERIAL~1\SERIAL~1\ARDUIN~1\Debug\libArduinoCore.a(wiring_digital.o)
 .debug_line    0x00001923       0x41 c:\users\TOBINI~1\DOCUME~1\ATMELS~1\7.0\SERIAL~1\SERIAL~1\ARDUIN~1\Debug\libArduinoCore.a(hooks.o)

.debug_frame    0x00000000      0x808
 *(.debug_frame)
 .debug_frame   0x00000000       0xb4 Sketch.o
 .debug_frame   0x000000b4      0x110 c:\users\TOBINI~1\DOCUME~1\ATMELS~1\7.0\SERIAL~1\SERIAL~1\ARDUIN~1\Debug\libArduinoCore.a(HardwareSerial.o)
 .debug_frame   0x000001c4       0xe0 c:\users\TOBINI~1\DOCUME~1\ATMELS~1\7.0\SERIAL~1\SERIAL~1\ARDUIN~1\Debug\libArduinoCore.a(HardwareSerial0.o)
 .debug_frame   0x000002a4       0x54 c:\users\TOBINI~1\DOCUME~1\ATMELS~1\7.0\SERIAL~1\SERIAL~1\ARDUIN~1\Debug\libArduinoCore.a(main.o)
 .debug_frame   0x000002f8      0x3ac c:\users\TOBINI~1\DOCUME~1\ATMELS~1\7.0\SERIAL~1\SERIAL~1\ARDUIN~1\Debug\libArduinoCore.a(Print.o)
 .debug_frame   0x000006a4       0xc4 c:\users\TOBINI~1\DOCUME~1\ATMELS~1\7.0\SERIAL~1\SERIAL~1\ARDUIN~1\Debug\libArduinoCore.a(wiring.o)
 .debug_frame   0x00000768       0x7c c:\users\TOBINI~1\DOCUME~1\ATMELS~1\7.0\SERIAL~1\SERIAL~1\ARDUIN~1\Debug\libArduinoCore.a(wiring_digital.o)
 .debug_frame   0x000007e4       0x24 c:\users\TOBINI~1\DOCUME~1\ATMELS~1\7.0\SERIAL~1\SERIAL~1\ARDUIN~1\Debug\libArduinoCore.a(hooks.o)

.debug_str      0x00000000     0x2327
 *(.debug_str)
 .debug_str     0x00000000      0x3e6 C:/Program Files (x86)/Atmel/Studio/7.0/Packs/atmel/ATmega_DFP/1.6.364/gcc/dev/atmega2560/avr6/crtatmega2560.o
 .debug_str     0x000003e6      0x2e6 Sketch.o
                                0x338 (size before relaxing)
 .debug_str     0x000006cc     0x1507 c:\users\TOBINI~1\DOCUME~1\ATMELS~1\7.0\SERIAL~1\SERIAL~1\ARDUIN~1\Debug\libArduinoCore.a(HardwareSerial.o)
                               0x1705 (size before relaxing)
 .debug_str     0x00001bd3       0xca c:\users\TOBINI~1\DOCUME~1\ATMELS~1\7.0\SERIAL~1\SERIAL~1\ARDUIN~1\Debug\libArduinoCore.a(HardwareSerial0.o)
                               0x1420 (size before relaxing)
 .debug_str     0x00001c9d       0x37 c:\users\TOBINI~1\DOCUME~1\ATMELS~1\7.0\SERIAL~1\SERIAL~1\ARDUIN~1\Debug\libArduinoCore.a(main.o)
                                0x2cc (size before relaxing)
 .debug_str     0x00001cd4      0x3f1 c:\users\TOBINI~1\DOCUME~1\ATMELS~1\7.0\SERIAL~1\SERIAL~1\ARDUIN~1\Debug\libArduinoCore.a(Print.o)
                               0x125a (size before relaxing)
 .debug_str     0x000020c5      0x16a c:\users\TOBINI~1\DOCUME~1\ATMELS~1\7.0\SERIAL~1\SERIAL~1\ARDUIN~1\Debug\libArduinoCore.a(wiring.o)
                                0x262 (size before relaxing)
 .debug_str     0x0000222f       0xdc c:\users\TOBINI~1\DOCUME~1\ATMELS~1\7.0\SERIAL~1\SERIAL~1\ARDUIN~1\Debug\libArduinoCore.a(wiring_digital.o)
                                0x2c7 (size before relaxing)
 .debug_str     0x0000230b       0x1c c:\users\TOBINI~1\DOCUME~1\ATMELS~1\7.0\SERIAL~1\SERIAL~1\ARDUIN~1\Debug\libArduinoCore.a(hooks.o)
                                0x157 (size before relaxing)

.debug_loc      0x00000000     0x2c59
 *(.debug_loc)
 .debug_loc     0x00000000      0x14e Sketch.o
 .debug_loc     0x0000014e      0x4dc c:\users\TOBINI~1\DOCUME~1\ATMELS~1\7.0\SERIAL~1\SERIAL~1\ARDUIN~1\Debug\libArduinoCore.a(HardwareSerial.o)
 .debug_loc     0x0000062a      0x1b0 c:\users\TOBINI~1\DOCUME~1\ATMELS~1\7.0\SERIAL~1\SERIAL~1\ARDUIN~1\Debug\libArduinoCore.a(HardwareSerial0.o)
 .debug_loc     0x000007da     0x1c87 c:\users\TOBINI~1\DOCUME~1\ATMELS~1\7.0\SERIAL~1\SERIAL~1\ARDUIN~1\Debug\libArduinoCore.a(Print.o)
 .debug_loc     0x00002461      0x28d c:\users\TOBINI~1\DOCUME~1\ATMELS~1\7.0\SERIAL~1\SERIAL~1\ARDUIN~1\Debug\libArduinoCore.a(wiring.o)
 .debug_loc     0x000026ee      0x56b c:\users\TOBINI~1\DOCUME~1\ATMELS~1\7.0\SERIAL~1\SERIAL~1\ARDUIN~1\Debug\libArduinoCore.a(wiring_digital.o)

.debug_macinfo
 *(.debug_macinfo)

.debug_weaknames
 *(.debug_weaknames)

.debug_funcnames
 *(.debug_funcnames)

.debug_typenames
 *(.debug_typenames)

.debug_varnames
 *(.debug_varnames)

.debug_pubtypes
 *(.debug_pubtypes)

.debug_ranges   0x00000000      0x270
 *(.debug_ranges)
 .debug_ranges  0x00000000       0x30 Sketch.o
 .debug_ranges  0x00000030       0x58 c:\users\TOBINI~1\DOCUME~1\ATMELS~1\7.0\SERIAL~1\SERIAL~1\ARDUIN~1\Debug\libArduinoCore.a(HardwareSerial.o)
 .debug_ranges  0x00000088       0x38 c:\users\TOBINI~1\DOCUME~1\ATMELS~1\7.0\SERIAL~1\SERIAL~1\ARDUIN~1\Debug\libArduinoCore.a(HardwareSerial0.o)
 .debug_ranges  0x000000c0       0x20 c:\users\TOBINI~1\DOCUME~1\ATMELS~1\7.0\SERIAL~1\SERIAL~1\ARDUIN~1\Debug\libArduinoCore.a(main.o)
 .debug_ranges  0x000000e0      0x120 c:\users\TOBINI~1\DOCUME~1\ATMELS~1\7.0\SERIAL~1\SERIAL~1\ARDUIN~1\Debug\libArduinoCore.a(Print.o)
 .debug_ranges  0x00000200       0x38 c:\users\TOBINI~1\DOCUME~1\ATMELS~1\7.0\SERIAL~1\SERIAL~1\ARDUIN~1\Debug\libArduinoCore.a(wiring.o)
 .debug_ranges  0x00000238       0x28 c:\users\TOBINI~1\DOCUME~1\ATMELS~1\7.0\SERIAL~1\SERIAL~1\ARDUIN~1\Debug\libArduinoCore.a(wiring_digital.o)
 .debug_ranges  0x00000260       0x10 c:\users\TOBINI~1\DOCUME~1\ATMELS~1\7.0\SERIAL~1\SERIAL~1\ARDUIN~1\Debug\libArduinoCore.a(hooks.o)

.debug_macro
 *(.debug_macro)
OUTPUT(BareMinimum.elf elf32-avr)
LOAD linker stubs
