Archive member included to satisfy reference by file (symbol)

c:/program files (x86)/atmel/studio/7.0/toolchain/avr8/avr8-gnu-toolchain/bin/../lib/gcc/avr/5.4.0/../../../../avr/lib/avr6\libm.a(addsf3.o)
                              Sketch.o (__addsf3)
c:/program files (x86)/atmel/studio/7.0/toolchain/avr8/avr8-gnu-toolchain/bin/../lib/gcc/avr/5.4.0/../../../../avr/lib/avr6\libm.a(addsf3x.o)
                              c:/program files (x86)/atmel/studio/7.0/toolchain/avr8/avr8-gnu-toolchain/bin/../lib/gcc/avr/5.4.0/../../../../avr/lib/avr6\libm.a(addsf3.o) (__addsf3x)
c:/program files (x86)/atmel/studio/7.0/toolchain/avr8/avr8-gnu-toolchain/bin/../lib/gcc/avr/5.4.0/../../../../avr/lib/avr6\libm.a(fp_inf.o)
                              c:/program files (x86)/atmel/studio/7.0/toolchain/avr8/avr8-gnu-toolchain/bin/../lib/gcc/avr/5.4.0/../../../../avr/lib/avr6\libm.a(addsf3x.o) (__fp_inf)
c:/program files (x86)/atmel/studio/7.0/toolchain/avr8/avr8-gnu-toolchain/bin/../lib/gcc/avr/5.4.0/../../../../avr/lib/avr6\libm.a(fp_nan.o)
                              c:/program files (x86)/atmel/studio/7.0/toolchain/avr8/avr8-gnu-toolchain/bin/../lib/gcc/avr/5.4.0/../../../../avr/lib/avr6\libm.a(addsf3x.o) (__fp_nan)
c:/program files (x86)/atmel/studio/7.0/toolchain/avr8/avr8-gnu-toolchain/bin/../lib/gcc/avr/5.4.0/../../../../avr/lib/avr6\libm.a(fp_pscA.o)
                              c:/program files (x86)/atmel/studio/7.0/toolchain/avr8/avr8-gnu-toolchain/bin/../lib/gcc/avr/5.4.0/../../../../avr/lib/avr6\libm.a(addsf3x.o) (__fp_pscA)
c:/program files (x86)/atmel/studio/7.0/toolchain/avr8/avr8-gnu-toolchain/bin/../lib/gcc/avr/5.4.0/../../../../avr/lib/avr6\libm.a(fp_pscB.o)
                              c:/program files (x86)/atmel/studio/7.0/toolchain/avr8/avr8-gnu-toolchain/bin/../lib/gcc/avr/5.4.0/../../../../avr/lib/avr6\libm.a(addsf3x.o) (__fp_pscB)
c:/program files (x86)/atmel/studio/7.0/toolchain/avr8/avr8-gnu-toolchain/bin/../lib/gcc/avr/5.4.0/../../../../avr/lib/avr6\libm.a(fp_round.o)
                              c:/program files (x86)/atmel/studio/7.0/toolchain/avr8/avr8-gnu-toolchain/bin/../lib/gcc/avr/5.4.0/../../../../avr/lib/avr6\libm.a(addsf3.o) (__fp_round)
c:/program files (x86)/atmel/studio/7.0/toolchain/avr8/avr8-gnu-toolchain/bin/../lib/gcc/avr/5.4.0/../../../../avr/lib/avr6\libm.a(fp_split3.o)
                              c:/program files (x86)/atmel/studio/7.0/toolchain/avr8/avr8-gnu-toolchain/bin/../lib/gcc/avr/5.4.0/../../../../avr/lib/avr6\libm.a(addsf3x.o) (__fp_split3)
c:/program files (x86)/atmel/studio/7.0/toolchain/avr8/avr8-gnu-toolchain/bin/../lib/gcc/avr/5.4.0/../../../../avr/lib/avr6\libm.a(fp_zero.o)
                              c:/program files (x86)/atmel/studio/7.0/toolchain/avr8/avr8-gnu-toolchain/bin/../lib/gcc/avr/5.4.0/../../../../avr/lib/avr6\libm.a(addsf3x.o) (__fp_zero)
c:\users\TOBINI~1\DOCUME~1\ATMELS~1\7.0\SERIAL~1\SERIAL~1\ARDUIN~1\Debug\libArduinoCore.a(HardwareSerial.o)
                              Sketch.o (_ZN14HardwareSerial5writeEh)
c:\users\TOBINI~1\DOCUME~1\ATMELS~1\7.0\SERIAL~1\SERIAL~1\ARDUIN~1\Debug\libArduinoCore.a(HardwareSerial0.o)
                              Sketch.o (Serial)
c:\users\TOBINI~1\DOCUME~1\ATMELS~1\7.0\SERIAL~1\SERIAL~1\ARDUIN~1\Debug\libArduinoCore.a(main.o)
                              C:/Program Files (x86)/Atmel/Studio/7.0/Packs/atmel/ATmega_DFP/1.6.364/gcc/dev/atmega2560/avr6/crtatmega2560.o (main)
c:\users\TOBINI~1\DOCUME~1\ATMELS~1\7.0\SERIAL~1\SERIAL~1\ARDUIN~1\Debug\libArduinoCore.a(Print.o)
                              c:\users\TOBINI~1\DOCUME~1\ATMELS~1\7.0\SERIAL~1\SERIAL~1\ARDUIN~1\Debug\libArduinoCore.a(HardwareSerial.o) (_ZN5Print5writeEPKhj)
c:\users\TOBINI~1\DOCUME~1\ATMELS~1\7.0\SERIAL~1\SERIAL~1\ARDUIN~1\Debug\libArduinoCore.a(wiring.o)
                              Sketch.o (delay)
c:\users\TOBINI~1\DOCUME~1\ATMELS~1\7.0\SERIAL~1\SERIAL~1\ARDUIN~1\Debug\libArduinoCore.a(abi.o)
                              c:\users\TOBINI~1\DOCUME~1\ATMELS~1\7.0\SERIAL~1\SERIAL~1\ARDUIN~1\Debug\libArduinoCore.a(Print.o) (__cxa_pure_virtual)
c:\users\TOBINI~1\DOCUME~1\ATMELS~1\7.0\SERIAL~1\SERIAL~1\ARDUIN~1\Debug\libArduinoCore.a(hooks.o)
                              c:\users\TOBINI~1\DOCUME~1\ATMELS~1\7.0\SERIAL~1\SERIAL~1\ARDUIN~1\Debug\libArduinoCore.a(wiring.o) (yield)
c:/program files (x86)/atmel/studio/7.0/toolchain/avr8/avr8-gnu-toolchain/bin/../lib/gcc/avr/5.4.0/../../../../avr/lib/avr6\libm.a(cmpsf2.o)
                              c:\users\TOBINI~1\DOCUME~1\ATMELS~1\7.0\SERIAL~1\SERIAL~1\ARDUIN~1\Debug\libArduinoCore.a(Print.o) (__ltsf2)
c:/program files (x86)/atmel/studio/7.0/toolchain/avr8/avr8-gnu-toolchain/bin/../lib/gcc/avr/5.4.0/../../../../avr/lib/avr6\libm.a(divsf3.o)
                              c:\users\TOBINI~1\DOCUME~1\ATMELS~1\7.0\SERIAL~1\SERIAL~1\ARDUIN~1\Debug\libArduinoCore.a(Print.o) (__divsf3)
c:/program files (x86)/atmel/studio/7.0/toolchain/avr8/avr8-gnu-toolchain/bin/../lib/gcc/avr/5.4.0/../../../../avr/lib/avr6\libm.a(divsf3x.o)
                              c:/program files (x86)/atmel/studio/7.0/toolchain/avr8/avr8-gnu-toolchain/bin/../lib/gcc/avr/5.4.0/../../../../avr/lib/avr6\libm.a(divsf3.o) (__divsf3x)
c:/program files (x86)/atmel/studio/7.0/toolchain/avr8/avr8-gnu-toolchain/bin/../lib/gcc/avr/5.4.0/../../../../avr/lib/avr6\libm.a(fixunssfsi.o)
                              c:\users\TOBINI~1\DOCUME~1\ATMELS~1\7.0\SERIAL~1\SERIAL~1\ARDUIN~1\Debug\libArduinoCore.a(Print.o) (__fixunssfsi)
c:/program files (x86)/atmel/studio/7.0/toolchain/avr8/avr8-gnu-toolchain/bin/../lib/gcc/avr/5.4.0/../../../../avr/lib/avr6\libm.a(floatsisf.o)
                              c:\users\TOBINI~1\DOCUME~1\ATMELS~1\7.0\SERIAL~1\SERIAL~1\ARDUIN~1\Debug\libArduinoCore.a(Print.o) (__floatunsisf)
c:/program files (x86)/atmel/studio/7.0/toolchain/avr8/avr8-gnu-toolchain/bin/../lib/gcc/avr/5.4.0/../../../../avr/lib/avr6\libm.a(fp_cmp.o)
                              c:/program files (x86)/atmel/studio/7.0/toolchain/avr8/avr8-gnu-toolchain/bin/../lib/gcc/avr/5.4.0/../../../../avr/lib/avr6\libm.a(cmpsf2.o) (__fp_cmp)
c:/program files (x86)/atmel/studio/7.0/toolchain/avr8/avr8-gnu-toolchain/bin/../lib/gcc/avr/5.4.0/../../../../avr/lib/avr6\libm.a(gesf2.o)
                              c:\users\TOBINI~1\DOCUME~1\ATMELS~1\7.0\SERIAL~1\SERIAL~1\ARDUIN~1\Debug\libArduinoCore.a(Print.o) (__gtsf2)
c:/program files (x86)/atmel/studio/7.0/toolchain/avr8/avr8-gnu-toolchain/bin/../lib/gcc/avr/5.4.0/../../../../avr/lib/avr6\libm.a(mulsf3.o)
                              c:\users\TOBINI~1\DOCUME~1\ATMELS~1\7.0\SERIAL~1\SERIAL~1\ARDUIN~1\Debug\libArduinoCore.a(Print.o) (__mulsf3)
c:/program files (x86)/atmel/studio/7.0/toolchain/avr8/avr8-gnu-toolchain/bin/../lib/gcc/avr/5.4.0/../../../../avr/lib/avr6\libm.a(mulsf3x.o)
                              c:/program files (x86)/atmel/studio/7.0/toolchain/avr8/avr8-gnu-toolchain/bin/../lib/gcc/avr/5.4.0/../../../../avr/lib/avr6\libm.a(mulsf3.o) (__mulsf3x)
c:/program files (x86)/atmel/studio/7.0/toolchain/avr8/avr8-gnu-toolchain/bin/../lib/gcc/avr/5.4.0/../../../../avr/lib/avr6\libm.a(unordsf2.o)
                              c:\users\TOBINI~1\DOCUME~1\ATMELS~1\7.0\SERIAL~1\SERIAL~1\ARDUIN~1\Debug\libArduinoCore.a(Print.o) (__unordsf2)
c:/program files (x86)/atmel/studio/7.0/toolchain/avr8/avr8-gnu-toolchain/bin/../lib/gcc/avr/5.4.0/avr6\libgcc.a(_udivmodsi4.o)
                              c:\users\TOBINI~1\DOCUME~1\ATMELS~1\7.0\SERIAL~1\SERIAL~1\ARDUIN~1\Debug\libArduinoCore.a(HardwareSerial.o) (__udivmodsi4)
c:/program files (x86)/atmel/studio/7.0/toolchain/avr8/avr8-gnu-toolchain/bin/../lib/gcc/avr/5.4.0/avr6\libgcc.a(_exit.o)
                              C:/Program Files (x86)/Atmel/Studio/7.0/Packs/atmel/ATmega_DFP/1.6.364/gcc/dev/atmega2560/avr6/crtatmega2560.o (exit)
c:/program files (x86)/atmel/studio/7.0/toolchain/avr8/avr8-gnu-toolchain/bin/../lib/gcc/avr/5.4.0/avr6\libgcc.a(_copy_data.o)
                              Sketch.o (__do_copy_data)
c:/program files (x86)/atmel/studio/7.0/toolchain/avr8/avr8-gnu-toolchain/bin/../lib/gcc/avr/5.4.0/avr6\libgcc.a(_clear_bss.o)
                              c:\users\TOBINI~1\DOCUME~1\ATMELS~1\7.0\SERIAL~1\SERIAL~1\ARDUIN~1\Debug\libArduinoCore.a(HardwareSerial0.o) (__do_clear_bss)
c:/program files (x86)/atmel/studio/7.0/toolchain/avr8/avr8-gnu-toolchain/bin/../lib/gcc/avr/5.4.0/avr6\libgcc.a(_ctors.o)
                              c:\users\TOBINI~1\DOCUME~1\ATMELS~1\7.0\SERIAL~1\SERIAL~1\ARDUIN~1\Debug\libArduinoCore.a(HardwareSerial0.o) (__do_global_ctors)
c:/program files (x86)/atmel/studio/7.0/toolchain/avr8/avr8-gnu-toolchain/bin/../lib/gcc/avr/5.4.0/avr6\libgcc.a(_tablejump2.o)
                              c:/program files (x86)/atmel/studio/7.0/toolchain/avr8/avr8-gnu-toolchain/bin/../lib/gcc/avr/5.4.0/avr6\libgcc.a(_ctors.o) (__tablejump2__)
c:/program files (x86)/atmel/studio/7.0/toolchain/avr8/avr8-gnu-toolchain/bin/../lib/gcc/avr/5.4.0/../../../../avr/lib/avr6\libc.a(abort.o)
                              c:\users\TOBINI~1\DOCUME~1\ATMELS~1\7.0\SERIAL~1\SERIAL~1\ARDUIN~1\Debug\libArduinoCore.a(abi.o) (abort)

Discarded input sections

 .data          0x00000000        0x0 C:/Program Files (x86)/Atmel/Studio/7.0/Packs/atmel/ATmega_DFP/1.6.364/gcc/dev/atmega2560/avr6/crtatmega2560.o
 .bss           0x00000000        0x0 C:/Program Files (x86)/Atmel/Studio/7.0/Packs/atmel/ATmega_DFP/1.6.364/gcc/dev/atmega2560/avr6/crtatmega2560.o
 .text          0x00000000        0x0 Sketch.o
 .data          0x00000000        0x0 Sketch.o
 .bss           0x00000000        0x0 Sketch.o
 .data.c2       0x00000000        0x1 Sketch.o
 .data.c1       0x00000000        0x1 Sketch.o
 .text          0x00000000        0x0 c:/program files (x86)/atmel/studio/7.0/toolchain/avr8/avr8-gnu-toolchain/bin/../lib/gcc/avr/5.4.0/../../../../avr/lib/avr6\libm.a(addsf3.o)
 .data          0x00000000        0x0 c:/program files (x86)/atmel/studio/7.0/toolchain/avr8/avr8-gnu-toolchain/bin/../lib/gcc/avr/5.4.0/../../../../avr/lib/avr6\libm.a(addsf3.o)
 .bss           0x00000000        0x0 c:/program files (x86)/atmel/studio/7.0/toolchain/avr8/avr8-gnu-toolchain/bin/../lib/gcc/avr/5.4.0/../../../../avr/lib/avr6\libm.a(addsf3.o)
 .text          0x00000000        0x0 c:/program files (x86)/atmel/studio/7.0/toolchain/avr8/avr8-gnu-toolchain/bin/../lib/gcc/avr/5.4.0/../../../../avr/lib/avr6\libm.a(addsf3x.o)
 .data          0x00000000        0x0 c:/program files (x86)/atmel/studio/7.0/toolchain/avr8/avr8-gnu-toolchain/bin/../lib/gcc/avr/5.4.0/../../../../avr/lib/avr6\libm.a(addsf3x.o)
 .bss           0x00000000        0x0 c:/program files (x86)/atmel/studio/7.0/toolchain/avr8/avr8-gnu-toolchain/bin/../lib/gcc/avr/5.4.0/../../../../avr/lib/avr6\libm.a(addsf3x.o)
 .text          0x00000000        0x0 c:/program files (x86)/atmel/studio/7.0/toolchain/avr8/avr8-gnu-toolchain/bin/../lib/gcc/avr/5.4.0/../../../../avr/lib/avr6\libm.a(fp_inf.o)
 .data          0x00000000        0x0 c:/program files (x86)/atmel/studio/7.0/toolchain/avr8/avr8-gnu-toolchain/bin/../lib/gcc/avr/5.4.0/../../../../avr/lib/avr6\libm.a(fp_inf.o)
 .bss           0x00000000        0x0 c:/program files (x86)/atmel/studio/7.0/toolchain/avr8/avr8-gnu-toolchain/bin/../lib/gcc/avr/5.4.0/../../../../avr/lib/avr6\libm.a(fp_inf.o)
 .text          0x00000000        0x0 c:/program files (x86)/atmel/studio/7.0/toolchain/avr8/avr8-gnu-toolchain/bin/../lib/gcc/avr/5.4.0/../../../../avr/lib/avr6\libm.a(fp_nan.o)
 .data          0x00000000        0x0 c:/program files (x86)/atmel/studio/7.0/toolchain/avr8/avr8-gnu-toolchain/bin/../lib/gcc/avr/5.4.0/../../../../avr/lib/avr6\libm.a(fp_nan.o)
 .bss           0x00000000        0x0 c:/program files (x86)/atmel/studio/7.0/toolchain/avr8/avr8-gnu-toolchain/bin/../lib/gcc/avr/5.4.0/../../../../avr/lib/avr6\libm.a(fp_nan.o)
 .text          0x00000000        0x0 c:/program files (x86)/atmel/studio/7.0/toolchain/avr8/avr8-gnu-toolchain/bin/../lib/gcc/avr/5.4.0/../../../../avr/lib/avr6\libm.a(fp_pscA.o)
 .data          0x00000000        0x0 c:/program files (x86)/atmel/studio/7.0/toolchain/avr8/avr8-gnu-toolchain/bin/../lib/gcc/avr/5.4.0/../../../../avr/lib/avr6\libm.a(fp_pscA.o)
 .bss           0x00000000        0x0 c:/program files (x86)/atmel/studio/7.0/toolchain/avr8/avr8-gnu-toolchain/bin/../lib/gcc/avr/5.4.0/../../../../avr/lib/avr6\libm.a(fp_pscA.o)
 .text          0x00000000        0x0 c:/program files (x86)/atmel/studio/7.0/toolchain/avr8/avr8-gnu-toolchain/bin/../lib/gcc/avr/5.4.0/../../../../avr/lib/avr6\libm.a(fp_pscB.o)
 .data          0x00000000        0x0 c:/program files (x86)/atmel/studio/7.0/toolchain/avr8/avr8-gnu-toolchain/bin/../lib/gcc/avr/5.4.0/../../../../avr/lib/avr6\libm.a(fp_pscB.o)
 .bss           0x00000000        0x0 c:/program files (x86)/atmel/studio/7.0/toolchain/avr8/avr8-gnu-toolchain/bin/../lib/gcc/avr/5.4.0/../../../../avr/lib/avr6\libm.a(fp_pscB.o)
 .text          0x00000000        0x0 c:/program files (x86)/atmel/studio/7.0/toolchain/avr8/avr8-gnu-toolchain/bin/../lib/gcc/avr/5.4.0/../../../../avr/lib/avr6\libm.a(fp_round.o)
 .data          0x00000000        0x0 c:/program files (x86)/atmel/studio/7.0/toolchain/avr8/avr8-gnu-toolchain/bin/../lib/gcc/avr/5.4.0/../../../../avr/lib/avr6\libm.a(fp_round.o)
 .bss           0x00000000        0x0 c:/program files (x86)/atmel/studio/7.0/toolchain/avr8/avr8-gnu-toolchain/bin/../lib/gcc/avr/5.4.0/../../../../avr/lib/avr6\libm.a(fp_round.o)
 .text          0x00000000        0x0 c:/program files (x86)/atmel/studio/7.0/toolchain/avr8/avr8-gnu-toolchain/bin/../lib/gcc/avr/5.4.0/../../../../avr/lib/avr6\libm.a(fp_split3.o)
 .data          0x00000000        0x0 c:/program files (x86)/atmel/studio/7.0/toolchain/avr8/avr8-gnu-toolchain/bin/../lib/gcc/avr/5.4.0/../../../../avr/lib/avr6\libm.a(fp_split3.o)
 .bss           0x00000000        0x0 c:/program files (x86)/atmel/studio/7.0/toolchain/avr8/avr8-gnu-toolchain/bin/../lib/gcc/avr/5.4.0/../../../../avr/lib/avr6\libm.a(fp_split3.o)
 .text          0x00000000        0x0 c:/program files (x86)/atmel/studio/7.0/toolchain/avr8/avr8-gnu-toolchain/bin/../lib/gcc/avr/5.4.0/../../../../avr/lib/avr6\libm.a(fp_zero.o)
 .data          0x00000000        0x0 c:/program files (x86)/atmel/studio/7.0/toolchain/avr8/avr8-gnu-toolchain/bin/../lib/gcc/avr/5.4.0/../../../../avr/lib/avr6\libm.a(fp_zero.o)
 .bss           0x00000000        0x0 c:/program files (x86)/atmel/studio/7.0/toolchain/avr8/avr8-gnu-toolchain/bin/../lib/gcc/avr/5.4.0/../../../../avr/lib/avr6\libm.a(fp_zero.o)
 .group         0x00000000        0x8 c:\users\TOBINI~1\DOCUME~1\ATMELS~1\7.0\SERIAL~1\SERIAL~1\ARDUIN~1\Debug\libArduinoCore.a(HardwareSerial.o)
 .text          0x00000000        0x0 c:\users\TOBINI~1\DOCUME~1\ATMELS~1\7.0\SERIAL~1\SERIAL~1\ARDUIN~1\Debug\libArduinoCore.a(HardwareSerial.o)
 .data          0x00000000        0x0 c:\users\TOBINI~1\DOCUME~1\ATMELS~1\7.0\SERIAL~1\SERIAL~1\ARDUIN~1\Debug\libArduinoCore.a(HardwareSerial.o)
 .bss           0x00000000        0x0 c:\users\TOBINI~1\DOCUME~1\ATMELS~1\7.0\SERIAL~1\SERIAL~1\ARDUIN~1\Debug\libArduinoCore.a(HardwareSerial.o)
 .text._ZN14HardwareSerial3endEv
                0x00000000       0x44 c:\users\TOBINI~1\DOCUME~1\ATMELS~1\7.0\SERIAL~1\SERIAL~1\ARDUIN~1\Debug\libArduinoCore.a(HardwareSerial.o)
 .group         0x00000000        0x8 c:\users\TOBINI~1\DOCUME~1\ATMELS~1\7.0\SERIAL~1\SERIAL~1\ARDUIN~1\Debug\libArduinoCore.a(HardwareSerial0.o)
 .group         0x00000000        0x8 c:\users\TOBINI~1\DOCUME~1\ATMELS~1\7.0\SERIAL~1\SERIAL~1\ARDUIN~1\Debug\libArduinoCore.a(HardwareSerial0.o)
 .text          0x00000000        0x0 c:\users\TOBINI~1\DOCUME~1\ATMELS~1\7.0\SERIAL~1\SERIAL~1\ARDUIN~1\Debug\libArduinoCore.a(HardwareSerial0.o)
 .data          0x00000000        0x0 c:\users\TOBINI~1\DOCUME~1\ATMELS~1\7.0\SERIAL~1\SERIAL~1\ARDUIN~1\Debug\libArduinoCore.a(HardwareSerial0.o)
 .bss           0x00000000        0x0 c:\users\TOBINI~1\DOCUME~1\ATMELS~1\7.0\SERIAL~1\SERIAL~1\ARDUIN~1\Debug\libArduinoCore.a(HardwareSerial0.o)
 .text._ZN5Print17availableForWriteEv
                0x00000000        0x6 c:\users\TOBINI~1\DOCUME~1\ATMELS~1\7.0\SERIAL~1\SERIAL~1\ARDUIN~1\Debug\libArduinoCore.a(HardwareSerial0.o)
 .text._ZN5Print5flushEv
                0x00000000        0x2 c:\users\TOBINI~1\DOCUME~1\ATMELS~1\7.0\SERIAL~1\SERIAL~1\ARDUIN~1\Debug\libArduinoCore.a(HardwareSerial0.o)
 .text          0x00000000        0x0 c:\users\TOBINI~1\DOCUME~1\ATMELS~1\7.0\SERIAL~1\SERIAL~1\ARDUIN~1\Debug\libArduinoCore.a(main.o)
 .data          0x00000000        0x0 c:\users\TOBINI~1\DOCUME~1\ATMELS~1\7.0\SERIAL~1\SERIAL~1\ARDUIN~1\Debug\libArduinoCore.a(main.o)
 .bss           0x00000000        0x0 c:\users\TOBINI~1\DOCUME~1\ATMELS~1\7.0\SERIAL~1\SERIAL~1\ARDUIN~1\Debug\libArduinoCore.a(main.o)
 .text.atexit   0x00000000        0x6 c:\users\TOBINI~1\DOCUME~1\ATMELS~1\7.0\SERIAL~1\SERIAL~1\ARDUIN~1\Debug\libArduinoCore.a(main.o)
 .text._Z8setupUSBv
                0x00000000        0x2 c:\users\TOBINI~1\DOCUME~1\ATMELS~1\7.0\SERIAL~1\SERIAL~1\ARDUIN~1\Debug\libArduinoCore.a(main.o)
 .group         0x00000000        0x8 c:\users\TOBINI~1\DOCUME~1\ATMELS~1\7.0\SERIAL~1\SERIAL~1\ARDUIN~1\Debug\libArduinoCore.a(Print.o)
 .group         0x00000000        0x8 c:\users\TOBINI~1\DOCUME~1\ATMELS~1\7.0\SERIAL~1\SERIAL~1\ARDUIN~1\Debug\libArduinoCore.a(Print.o)
 .group         0x00000000        0x8 c:\users\TOBINI~1\DOCUME~1\ATMELS~1\7.0\SERIAL~1\SERIAL~1\ARDUIN~1\Debug\libArduinoCore.a(Print.o)
 .group         0x00000000        0x8 c:\users\TOBINI~1\DOCUME~1\ATMELS~1\7.0\SERIAL~1\SERIAL~1\ARDUIN~1\Debug\libArduinoCore.a(Print.o)
 .text          0x00000000        0x0 c:\users\TOBINI~1\DOCUME~1\ATMELS~1\7.0\SERIAL~1\SERIAL~1\ARDUIN~1\Debug\libArduinoCore.a(Print.o)
 .data          0x00000000        0x0 c:\users\TOBINI~1\DOCUME~1\ATMELS~1\7.0\SERIAL~1\SERIAL~1\ARDUIN~1\Debug\libArduinoCore.a(Print.o)
 .bss           0x00000000        0x0 c:\users\TOBINI~1\DOCUME~1\ATMELS~1\7.0\SERIAL~1\SERIAL~1\ARDUIN~1\Debug\libArduinoCore.a(Print.o)
 .text._ZN5Print17availableForWriteEv
                0x00000000        0x6 c:\users\TOBINI~1\DOCUME~1\ATMELS~1\7.0\SERIAL~1\SERIAL~1\ARDUIN~1\Debug\libArduinoCore.a(Print.o)
 .text._ZN5Print5flushEv
                0x00000000        0x2 c:\users\TOBINI~1\DOCUME~1\ATMELS~1\7.0\SERIAL~1\SERIAL~1\ARDUIN~1\Debug\libArduinoCore.a(Print.o)
 .text._ZN5Print5printEPK19__FlashStringHelper
                0x00000000       0x48 c:\users\TOBINI~1\DOCUME~1\ATMELS~1\7.0\SERIAL~1\SERIAL~1\ARDUIN~1\Debug\libArduinoCore.a(Print.o)
 .text._ZN5Print5printERK6String
                0x00000000       0x1c c:\users\TOBINI~1\DOCUME~1\ATMELS~1\7.0\SERIAL~1\SERIAL~1\ARDUIN~1\Debug\libArduinoCore.a(Print.o)
 .text._ZN5Print5printERK9Printable
                0x00000000       0x14 c:\users\TOBINI~1\DOCUME~1\ATMELS~1\7.0\SERIAL~1\SERIAL~1\ARDUIN~1\Debug\libArduinoCore.a(Print.o)
 .text._ZN5Print7printlnEPK19__FlashStringHelper
                0x00000000       0x24 c:\users\TOBINI~1\DOCUME~1\ATMELS~1\7.0\SERIAL~1\SERIAL~1\ARDUIN~1\Debug\libArduinoCore.a(Print.o)
 .text._ZN5Print7printlnERK6String
                0x00000000       0x24 c:\users\TOBINI~1\DOCUME~1\ATMELS~1\7.0\SERIAL~1\SERIAL~1\ARDUIN~1\Debug\libArduinoCore.a(Print.o)
 .text._ZN5Print7printlnEPKc
                0x00000000       0x24 c:\users\TOBINI~1\DOCUME~1\ATMELS~1\7.0\SERIAL~1\SERIAL~1\ARDUIN~1\Debug\libArduinoCore.a(Print.o)
 .text._ZN5Print7printlnEc
                0x00000000       0x24 c:\users\TOBINI~1\DOCUME~1\ATMELS~1\7.0\SERIAL~1\SERIAL~1\ARDUIN~1\Debug\libArduinoCore.a(Print.o)
 .text._ZN5Print7printlnERK9Printable
                0x00000000       0x24 c:\users\TOBINI~1\DOCUME~1\ATMELS~1\7.0\SERIAL~1\SERIAL~1\ARDUIN~1\Debug\libArduinoCore.a(Print.o)
 .text._ZN5Print7printlnEhi
                0x00000000       0x24 c:\users\TOBINI~1\DOCUME~1\ATMELS~1\7.0\SERIAL~1\SERIAL~1\ARDUIN~1\Debug\libArduinoCore.a(Print.o)
 .text._ZN5Print7printlnEji
                0x00000000       0x24 c:\users\TOBINI~1\DOCUME~1\ATMELS~1\7.0\SERIAL~1\SERIAL~1\ARDUIN~1\Debug\libArduinoCore.a(Print.o)
 .text._ZN5Print7printlnEmi
                0x00000000       0x24 c:\users\TOBINI~1\DOCUME~1\ATMELS~1\7.0\SERIAL~1\SERIAL~1\ARDUIN~1\Debug\libArduinoCore.a(Print.o)
 .text._ZN5Print7printlnEii
                0x00000000       0x24 c:\users\TOBINI~1\DOCUME~1\ATMELS~1\7.0\SERIAL~1\SERIAL~1\ARDUIN~1\Debug\libArduinoCore.a(Print.o)
 .text._ZN5Print7printlnEli
                0x00000000       0x24 c:\users\TOBINI~1\DOCUME~1\ATMELS~1\7.0\SERIAL~1\SERIAL~1\ARDUIN~1\Debug\libArduinoCore.a(Print.o)
 .text._ZN5Print5printEdi
                0x00000000        0x4 c:\users\TOBINI~1\DOCUME~1\ATMELS~1\7.0\SERIAL~1\SERIAL~1\ARDUIN~1\Debug\libArduinoCore.a(Print.o)
 .rodata._ZTV5Print
                0x00000000        0xc c:\users\TOBINI~1\DOCUME~1\ATMELS~1\7.0\SERIAL~1\SERIAL~1\ARDUIN~1\Debug\libArduinoCore.a(Print.o)
 .text          0x00000000        0x0 c:\users\TOBINI~1\DOCUME~1\ATMELS~1\7.0\SERIAL~1\SERIAL~1\ARDUIN~1\Debug\libArduinoCore.a(wiring.o)
 .data          0x00000000        0x0 c:\users\TOBINI~1\DOCUME~1\ATMELS~1\7.0\SERIAL~1\SERIAL~1\ARDUIN~1\Debug\libArduinoCore.a(wiring.o)
 .bss           0x00000000        0x0 c:\users\TOBINI~1\DOCUME~1\ATMELS~1\7.0\SERIAL~1\SERIAL~1\ARDUIN~1\Debug\libArduinoCore.a(wiring.o)
 .text.millis   0x00000000       0x18 c:\users\TOBINI~1\DOCUME~1\ATMELS~1\7.0\SERIAL~1\SERIAL~1\ARDUIN~1\Debug\libArduinoCore.a(wiring.o)
 .text.delayMicroseconds
                0x00000000       0x16 c:\users\TOBINI~1\DOCUME~1\ATMELS~1\7.0\SERIAL~1\SERIAL~1\ARDUIN~1\Debug\libArduinoCore.a(wiring.o)
 .text          0x00000000        0x0 c:\users\TOBINI~1\DOCUME~1\ATMELS~1\7.0\SERIAL~1\SERIAL~1\ARDUIN~1\Debug\libArduinoCore.a(abi.o)
 .data          0x00000000        0x0 c:\users\TOBINI~1\DOCUME~1\ATMELS~1\7.0\SERIAL~1\SERIAL~1\ARDUIN~1\Debug\libArduinoCore.a(abi.o)
 .bss           0x00000000        0x0 c:\users\TOBINI~1\DOCUME~1\ATMELS~1\7.0\SERIAL~1\SERIAL~1\ARDUIN~1\Debug\libArduinoCore.a(abi.o)
 .text.__cxa_pure_virtual
                0x00000000        0x4 c:\users\TOBINI~1\DOCUME~1\ATMELS~1\7.0\SERIAL~1\SERIAL~1\ARDUIN~1\Debug\libArduinoCore.a(abi.o)
 .text.__cxa_deleted_virtual
                0x00000000        0x4 c:\users\TOBINI~1\DOCUME~1\ATMELS~1\7.0\SERIAL~1\SERIAL~1\ARDUIN~1\Debug\libArduinoCore.a(abi.o)
 .debug_info    0x00000000       0x76 c:\users\TOBINI~1\DOCUME~1\ATMELS~1\7.0\SERIAL~1\SERIAL~1\ARDUIN~1\Debug\libArduinoCore.a(abi.o)
 .debug_abbrev  0x00000000       0x6d c:\users\TOBINI~1\DOCUME~1\ATMELS~1\7.0\SERIAL~1\SERIAL~1\ARDUIN~1\Debug\libArduinoCore.a(abi.o)
 .debug_aranges
                0x00000000       0x20 c:\users\TOBINI~1\DOCUME~1\ATMELS~1\7.0\SERIAL~1\SERIAL~1\ARDUIN~1\Debug\libArduinoCore.a(abi.o)
 .debug_ranges  0x00000000       0x10 c:\users\TOBINI~1\DOCUME~1\ATMELS~1\7.0\SERIAL~1\SERIAL~1\ARDUIN~1\Debug\libArduinoCore.a(abi.o)
 .debug_line    0x00000000       0xa9 c:\users\TOBINI~1\DOCUME~1\ATMELS~1\7.0\SERIAL~1\SERIAL~1\ARDUIN~1\Debug\libArduinoCore.a(abi.o)
 .debug_str     0x00000000      0x1b6 c:\users\TOBINI~1\DOCUME~1\ATMELS~1\7.0\SERIAL~1\SERIAL~1\ARDUIN~1\Debug\libArduinoCore.a(abi.o)
 .comment       0x00000000       0x31 c:\users\TOBINI~1\DOCUME~1\ATMELS~1\7.0\SERIAL~1\SERIAL~1\ARDUIN~1\Debug\libArduinoCore.a(abi.o)
 .debug_frame   0x00000000       0x34 c:\users\TOBINI~1\DOCUME~1\ATMELS~1\7.0\SERIAL~1\SERIAL~1\ARDUIN~1\Debug\libArduinoCore.a(abi.o)
 .text          0x00000000        0x0 c:\users\TOBINI~1\DOCUME~1\ATMELS~1\7.0\SERIAL~1\SERIAL~1\ARDUIN~1\Debug\libArduinoCore.a(hooks.o)
 .data          0x00000000        0x0 c:\users\TOBINI~1\DOCUME~1\ATMELS~1\7.0\SERIAL~1\SERIAL~1\ARDUIN~1\Debug\libArduinoCore.a(hooks.o)
 .bss           0x00000000        0x0 c:\users\TOBINI~1\DOCUME~1\ATMELS~1\7.0\SERIAL~1\SERIAL~1\ARDUIN~1\Debug\libArduinoCore.a(hooks.o)
 .text          0x00000000        0x0 c:/program files (x86)/atmel/studio/7.0/toolchain/avr8/avr8-gnu-toolchain/bin/../lib/gcc/avr/5.4.0/../../../../avr/lib/avr6\libm.a(cmpsf2.o)
 .data          0x00000000        0x0 c:/program files (x86)/atmel/studio/7.0/toolchain/avr8/avr8-gnu-toolchain/bin/../lib/gcc/avr/5.4.0/../../../../avr/lib/avr6\libm.a(cmpsf2.o)
 .bss           0x00000000        0x0 c:/program files (x86)/atmel/studio/7.0/toolchain/avr8/avr8-gnu-toolchain/bin/../lib/gcc/avr/5.4.0/../../../../avr/lib/avr6\libm.a(cmpsf2.o)
 .text          0x00000000        0x0 c:/program files (x86)/atmel/studio/7.0/toolchain/avr8/avr8-gnu-toolchain/bin/../lib/gcc/avr/5.4.0/../../../../avr/lib/avr6\libm.a(divsf3.o)
 .data          0x00000000        0x0 c:/program files (x86)/atmel/studio/7.0/toolchain/avr8/avr8-gnu-toolchain/bin/../lib/gcc/avr/5.4.0/../../../../avr/lib/avr6\libm.a(divsf3.o)
 .bss           0x00000000        0x0 c:/program files (x86)/atmel/studio/7.0/toolchain/avr8/avr8-gnu-toolchain/bin/../lib/gcc/avr/5.4.0/../../../../avr/lib/avr6\libm.a(divsf3.o)
 .text          0x00000000        0x0 c:/program files (x86)/atmel/studio/7.0/toolchain/avr8/avr8-gnu-toolchain/bin/../lib/gcc/avr/5.4.0/../../../../avr/lib/avr6\libm.a(divsf3x.o)
 .data          0x00000000        0x0 c:/program files (x86)/atmel/studio/7.0/toolchain/avr8/avr8-gnu-toolchain/bin/../lib/gcc/avr/5.4.0/../../../../avr/lib/avr6\libm.a(divsf3x.o)
 .bss           0x00000000        0x0 c:/program files (x86)/atmel/studio/7.0/toolchain/avr8/avr8-gnu-toolchain/bin/../lib/gcc/avr/5.4.0/../../../../avr/lib/avr6\libm.a(divsf3x.o)
 .text          0x00000000        0x0 c:/program files (x86)/atmel/studio/7.0/toolchain/avr8/avr8-gnu-toolchain/bin/../lib/gcc/avr/5.4.0/../../../../avr/lib/avr6\libm.a(fixunssfsi.o)
 .data          0x00000000        0x0 c:/program files (x86)/atmel/studio/7.0/toolchain/avr8/avr8-gnu-toolchain/bin/../lib/gcc/avr/5.4.0/../../../../avr/lib/avr6\libm.a(fixunssfsi.o)
 .bss           0x00000000        0x0 c:/program files (x86)/atmel/studio/7.0/toolchain/avr8/avr8-gnu-toolchain/bin/../lib/gcc/avr/5.4.0/../../../../avr/lib/avr6\libm.a(fixunssfsi.o)
 .text          0x00000000        0x0 c:/program files (x86)/atmel/studio/7.0/toolchain/avr8/avr8-gnu-toolchain/bin/../lib/gcc/avr/5.4.0/../../../../avr/lib/avr6\libm.a(floatsisf.o)
 .data          0x00000000        0x0 c:/program files (x86)/atmel/studio/7.0/toolchain/avr8/avr8-gnu-toolchain/bin/../lib/gcc/avr/5.4.0/../../../../avr/lib/avr6\libm.a(floatsisf.o)
 .bss           0x00000000        0x0 c:/program files (x86)/atmel/studio/7.0/toolchain/avr8/avr8-gnu-toolchain/bin/../lib/gcc/avr/5.4.0/../../../../avr/lib/avr6\libm.a(floatsisf.o)
 .text          0x00000000        0x0 c:/program files (x86)/atmel/studio/7.0/toolchain/avr8/avr8-gnu-toolchain/bin/../lib/gcc/avr/5.4.0/../../../../avr/lib/avr6\libm.a(fp_cmp.o)
 .data          0x00000000        0x0 c:/program files (x86)/atmel/studio/7.0/toolchain/avr8/avr8-gnu-toolchain/bin/../lib/gcc/avr/5.4.0/../../../../avr/lib/avr6\libm.a(fp_cmp.o)
 .bss           0x00000000        0x0 c:/program files (x86)/atmel/studio/7.0/toolchain/avr8/avr8-gnu-toolchain/bin/../lib/gcc/avr/5.4.0/../../../../avr/lib/avr6\libm.a(fp_cmp.o)
 .text          0x00000000        0x0 c:/program files (x86)/atmel/studio/7.0/toolchain/avr8/avr8-gnu-toolchain/bin/../lib/gcc/avr/5.4.0/../../../../avr/lib/avr6\libm.a(gesf2.o)
 .data          0x00000000        0x0 c:/program files (x86)/atmel/studio/7.0/toolchain/avr8/avr8-gnu-toolchain/bin/../lib/gcc/avr/5.4.0/../../../../avr/lib/avr6\libm.a(gesf2.o)
 .bss           0x00000000        0x0 c:/program files (x86)/atmel/studio/7.0/toolchain/avr8/avr8-gnu-toolchain/bin/../lib/gcc/avr/5.4.0/../../../../avr/lib/avr6\libm.a(gesf2.o)
 .text          0x00000000        0x0 c:/program files (x86)/atmel/studio/7.0/toolchain/avr8/avr8-gnu-toolchain/bin/../lib/gcc/avr/5.4.0/../../../../avr/lib/avr6\libm.a(mulsf3.o)
 .data          0x00000000        0x0 c:/program files (x86)/atmel/studio/7.0/toolchain/avr8/avr8-gnu-toolchain/bin/../lib/gcc/avr/5.4.0/../../../../avr/lib/avr6\libm.a(mulsf3.o)
 .bss           0x00000000        0x0 c:/program files (x86)/atmel/studio/7.0/toolchain/avr8/avr8-gnu-toolchain/bin/../lib/gcc/avr/5.4.0/../../../../avr/lib/avr6\libm.a(mulsf3.o)
 .text          0x00000000        0x0 c:/program files (x86)/atmel/studio/7.0/toolchain/avr8/avr8-gnu-toolchain/bin/../lib/gcc/avr/5.4.0/../../../../avr/lib/avr6\libm.a(mulsf3x.o)
 .data          0x00000000        0x0 c:/program files (x86)/atmel/studio/7.0/toolchain/avr8/avr8-gnu-toolchain/bin/../lib/gcc/avr/5.4.0/../../../../avr/lib/avr6\libm.a(mulsf3x.o)
 .bss           0x00000000        0x0 c:/program files (x86)/atmel/studio/7.0/toolchain/avr8/avr8-gnu-toolchain/bin/../lib/gcc/avr/5.4.0/../../../../avr/lib/avr6\libm.a(mulsf3x.o)
 .text          0x00000000        0x0 c:/program files (x86)/atmel/studio/7.0/toolchain/avr8/avr8-gnu-toolchain/bin/../lib/gcc/avr/5.4.0/../../../../avr/lib/avr6\libm.a(unordsf2.o)
 .data          0x00000000        0x0 c:/program files (x86)/atmel/studio/7.0/toolchain/avr8/avr8-gnu-toolchain/bin/../lib/gcc/avr/5.4.0/../../../../avr/lib/avr6\libm.a(unordsf2.o)
 .bss           0x00000000        0x0 c:/program files (x86)/atmel/studio/7.0/toolchain/avr8/avr8-gnu-toolchain/bin/../lib/gcc/avr/5.4.0/../../../../avr/lib/avr6\libm.a(unordsf2.o)
 .text          0x00000000        0x0 c:/program files (x86)/atmel/studio/7.0/toolchain/avr8/avr8-gnu-toolchain/bin/../lib/gcc/avr/5.4.0/avr6\libgcc.a(_udivmodsi4.o)
 .data          0x00000000        0x0 c:/program files (x86)/atmel/studio/7.0/toolchain/avr8/avr8-gnu-toolchain/bin/../lib/gcc/avr/5.4.0/avr6\libgcc.a(_udivmodsi4.o)
 .bss           0x00000000        0x0 c:/program files (x86)/atmel/studio/7.0/toolchain/avr8/avr8-gnu-toolchain/bin/../lib/gcc/avr/5.4.0/avr6\libgcc.a(_udivmodsi4.o)
 .text.libgcc.mul
                0x00000000        0x0 c:/program files (x86)/atmel/studio/7.0/toolchain/avr8/avr8-gnu-toolchain/bin/../lib/gcc/avr/5.4.0/avr6\libgcc.a(_udivmodsi4.o)
 .text.libgcc   0x00000000        0x0 c:/program files (x86)/atmel/studio/7.0/toolchain/avr8/avr8-gnu-toolchain/bin/../lib/gcc/avr/5.4.0/avr6\libgcc.a(_udivmodsi4.o)
 .text.libgcc.prologue
                0x00000000        0x0 c:/program files (x86)/atmel/studio/7.0/toolchain/avr8/avr8-gnu-toolchain/bin/../lib/gcc/avr/5.4.0/avr6\libgcc.a(_udivmodsi4.o)
 .text.libgcc.builtins
                0x00000000        0x0 c:/program files (x86)/atmel/studio/7.0/toolchain/avr8/avr8-gnu-toolchain/bin/../lib/gcc/avr/5.4.0/avr6\libgcc.a(_udivmodsi4.o)
 .text.libgcc.fmul
                0x00000000        0x0 c:/program files (x86)/atmel/studio/7.0/toolchain/avr8/avr8-gnu-toolchain/bin/../lib/gcc/avr/5.4.0/avr6\libgcc.a(_udivmodsi4.o)
 .text.libgcc.fixed
                0x00000000        0x0 c:/program files (x86)/atmel/studio/7.0/toolchain/avr8/avr8-gnu-toolchain/bin/../lib/gcc/avr/5.4.0/avr6\libgcc.a(_udivmodsi4.o)
 .text          0x00000000        0x0 c:/program files (x86)/atmel/studio/7.0/toolchain/avr8/avr8-gnu-toolchain/bin/../lib/gcc/avr/5.4.0/avr6\libgcc.a(_exit.o)
 .data          0x00000000        0x0 c:/program files (x86)/atmel/studio/7.0/toolchain/avr8/avr8-gnu-toolchain/bin/../lib/gcc/avr/5.4.0/avr6\libgcc.a(_exit.o)
 .bss           0x00000000        0x0 c:/program files (x86)/atmel/studio/7.0/toolchain/avr8/avr8-gnu-toolchain/bin/../lib/gcc/avr/5.4.0/avr6\libgcc.a(_exit.o)
 .text.libgcc.mul
                0x00000000        0x0 c:/program files (x86)/atmel/studio/7.0/toolchain/avr8/avr8-gnu-toolchain/bin/../lib/gcc/avr/5.4.0/avr6\libgcc.a(_exit.o)
 .text.libgcc.div
                0x00000000        0x0 c:/program files (x86)/atmel/studio/7.0/toolchain/avr8/avr8-gnu-toolchain/bin/../lib/gcc/avr/5.4.0/avr6\libgcc.a(_exit.o)
 .text.libgcc   0x00000000        0x0 c:/program files (x86)/atmel/studio/7.0/toolchain/avr8/avr8-gnu-toolchain/bin/../lib/gcc/avr/5.4.0/avr6\libgcc.a(_exit.o)
 .text.libgcc.prologue
                0x00000000        0x0 c:/program files (x86)/atmel/studio/7.0/toolchain/avr8/avr8-gnu-toolchain/bin/../lib/gcc/avr/5.4.0/avr6\libgcc.a(_exit.o)
 .text.libgcc.builtins
                0x00000000        0x0 c:/program files (x86)/atmel/studio/7.0/toolchain/avr8/avr8-gnu-toolchain/bin/../lib/gcc/avr/5.4.0/avr6\libgcc.a(_exit.o)
 .text.libgcc.fmul
                0x00000000        0x0 c:/program files (x86)/atmel/studio/7.0/toolchain/avr8/avr8-gnu-toolchain/bin/../lib/gcc/avr/5.4.0/avr6\libgcc.a(_exit.o)
 .text.libgcc.fixed
                0x00000000        0x0 c:/program files (x86)/atmel/studio/7.0/toolchain/avr8/avr8-gnu-toolchain/bin/../lib/gcc/avr/5.4.0/avr6\libgcc.a(_exit.o)
 .text          0x00000000        0x0 c:/program files (x86)/atmel/studio/7.0/toolchain/avr8/avr8-gnu-toolchain/bin/../lib/gcc/avr/5.4.0/avr6\libgcc.a(_copy_data.o)
 .data          0x00000000        0x0 c:/program files (x86)/atmel/studio/7.0/toolchain/avr8/avr8-gnu-toolchain/bin/../lib/gcc/avr/5.4.0/avr6\libgcc.a(_copy_data.o)
 .bss           0x00000000        0x0 c:/program files (x86)/atmel/studio/7.0/toolchain/avr8/avr8-gnu-toolchain/bin/../lib/gcc/avr/5.4.0/avr6\libgcc.a(_copy_data.o)
 .text.libgcc.mul
                0x00000000        0x0 c:/program files (x86)/atmel/studio/7.0/toolchain/avr8/avr8-gnu-toolchain/bin/../lib/gcc/avr/5.4.0/avr6\libgcc.a(_copy_data.o)
 .text.libgcc.div
                0x00000000        0x0 c:/program files (x86)/atmel/studio/7.0/toolchain/avr8/avr8-gnu-toolchain/bin/../lib/gcc/avr/5.4.0/avr6\libgcc.a(_copy_data.o)
 .text.libgcc   0x00000000        0x0 c:/program files (x86)/atmel/studio/7.0/toolchain/avr8/avr8-gnu-toolchain/bin/../lib/gcc/avr/5.4.0/avr6\libgcc.a(_copy_data.o)
 .text.libgcc.prologue
                0x00000000        0x0 c:/program files (x86)/atmel/studio/7.0/toolchain/avr8/avr8-gnu-toolchain/bin/../lib/gcc/avr/5.4.0/avr6\libgcc.a(_copy_data.o)
 .text.libgcc.builtins
                0x00000000        0x0 c:/program files (x86)/atmel/studio/7.0/toolchain/avr8/avr8-gnu-toolchain/bin/../lib/gcc/avr/5.4.0/avr6\libgcc.a(_copy_data.o)
 .text.libgcc.fmul
                0x00000000        0x0 c:/program files (x86)/atmel/studio/7.0/toolchain/avr8/avr8-gnu-toolchain/bin/../lib/gcc/avr/5.4.0/avr6\libgcc.a(_copy_data.o)
 .text.libgcc.fixed
                0x00000000        0x0 c:/program files (x86)/atmel/studio/7.0/toolchain/avr8/avr8-gnu-toolchain/bin/../lib/gcc/avr/5.4.0/avr6\libgcc.a(_copy_data.o)
 .text          0x00000000        0x0 c:/program files (x86)/atmel/studio/7.0/toolchain/avr8/avr8-gnu-toolchain/bin/../lib/gcc/avr/5.4.0/avr6\libgcc.a(_clear_bss.o)
 .data          0x00000000        0x0 c:/program files (x86)/atmel/studio/7.0/toolchain/avr8/avr8-gnu-toolchain/bin/../lib/gcc/avr/5.4.0/avr6\libgcc.a(_clear_bss.o)
 .bss           0x00000000        0x0 c:/program files (x86)/atmel/studio/7.0/toolchain/avr8/avr8-gnu-toolchain/bin/../lib/gcc/avr/5.4.0/avr6\libgcc.a(_clear_bss.o)
 .text.libgcc.mul
                0x00000000        0x0 c:/program files (x86)/atmel/studio/7.0/toolchain/avr8/avr8-gnu-toolchain/bin/../lib/gcc/avr/5.4.0/avr6\libgcc.a(_clear_bss.o)
 .text.libgcc.div
                0x00000000        0x0 c:/program files (x86)/atmel/studio/7.0/toolchain/avr8/avr8-gnu-toolchain/bin/../lib/gcc/avr/5.4.0/avr6\libgcc.a(_clear_bss.o)
 .text.libgcc   0x00000000        0x0 c:/program files (x86)/atmel/studio/7.0/toolchain/avr8/avr8-gnu-toolchain/bin/../lib/gcc/avr/5.4.0/avr6\libgcc.a(_clear_bss.o)
 .text.libgcc.prologue
                0x00000000        0x0 c:/program files (x86)/atmel/studio/7.0/toolchain/avr8/avr8-gnu-toolchain/bin/../lib/gcc/avr/5.4.0/avr6\libgcc.a(_clear_bss.o)
 .text.libgcc.builtins
                0x00000000        0x0 c:/program files (x86)/atmel/studio/7.0/toolchain/avr8/avr8-gnu-toolchain/bin/../lib/gcc/avr/5.4.0/avr6\libgcc.a(_clear_bss.o)
 .text.libgcc.fmul
                0x00000000        0x0 c:/program files (x86)/atmel/studio/7.0/toolchain/avr8/avr8-gnu-toolchain/bin/../lib/gcc/avr/5.4.0/avr6\libgcc.a(_clear_bss.o)
 .text.libgcc.fixed
                0x00000000        0x0 c:/program files (x86)/atmel/studio/7.0/toolchain/avr8/avr8-gnu-toolchain/bin/../lib/gcc/avr/5.4.0/avr6\libgcc.a(_clear_bss.o)
 .text          0x00000000        0x0 c:/program files (x86)/atmel/studio/7.0/toolchain/avr8/avr8-gnu-toolchain/bin/../lib/gcc/avr/5.4.0/avr6\libgcc.a(_ctors.o)
 .data          0x00000000        0x0 c:/program files (x86)/atmel/studio/7.0/toolchain/avr8/avr8-gnu-toolchain/bin/../lib/gcc/avr/5.4.0/avr6\libgcc.a(_ctors.o)
 .bss           0x00000000        0x0 c:/program files (x86)/atmel/studio/7.0/toolchain/avr8/avr8-gnu-toolchain/bin/../lib/gcc/avr/5.4.0/avr6\libgcc.a(_ctors.o)
 .text.libgcc.mul
                0x00000000        0x0 c:/program files (x86)/atmel/studio/7.0/toolchain/avr8/avr8-gnu-toolchain/bin/../lib/gcc/avr/5.4.0/avr6\libgcc.a(_ctors.o)
 .text.libgcc.div
                0x00000000        0x0 c:/program files (x86)/atmel/studio/7.0/toolchain/avr8/avr8-gnu-toolchain/bin/../lib/gcc/avr/5.4.0/avr6\libgcc.a(_ctors.o)
 .text.libgcc   0x00000000        0x0 c:/program files (x86)/atmel/studio/7.0/toolchain/avr8/avr8-gnu-toolchain/bin/../lib/gcc/avr/5.4.0/avr6\libgcc.a(_ctors.o)
 .text.libgcc.prologue
                0x00000000        0x0 c:/program files (x86)/atmel/studio/7.0/toolchain/avr8/avr8-gnu-toolchain/bin/../lib/gcc/avr/5.4.0/avr6\libgcc.a(_ctors.o)
 .text.libgcc.builtins
                0x00000000        0x0 c:/program files (x86)/atmel/studio/7.0/toolchain/avr8/avr8-gnu-toolchain/bin/../lib/gcc/avr/5.4.0/avr6\libgcc.a(_ctors.o)
 .text.libgcc.fmul
                0x00000000        0x0 c:/program files (x86)/atmel/studio/7.0/toolchain/avr8/avr8-gnu-toolchain/bin/../lib/gcc/avr/5.4.0/avr6\libgcc.a(_ctors.o)
 .text.libgcc.fixed
                0x00000000        0x0 c:/program files (x86)/atmel/studio/7.0/toolchain/avr8/avr8-gnu-toolchain/bin/../lib/gcc/avr/5.4.0/avr6\libgcc.a(_ctors.o)
 .text          0x00000000        0x0 c:/program files (x86)/atmel/studio/7.0/toolchain/avr8/avr8-gnu-toolchain/bin/../lib/gcc/avr/5.4.0/avr6\libgcc.a(_tablejump2.o)
 .data          0x00000000        0x0 c:/program files (x86)/atmel/studio/7.0/toolchain/avr8/avr8-gnu-toolchain/bin/../lib/gcc/avr/5.4.0/avr6\libgcc.a(_tablejump2.o)
 .bss           0x00000000        0x0 c:/program files (x86)/atmel/studio/7.0/toolchain/avr8/avr8-gnu-toolchain/bin/../lib/gcc/avr/5.4.0/avr6\libgcc.a(_tablejump2.o)
 .text.libgcc.mul
                0x00000000        0x0 c:/program files (x86)/atmel/studio/7.0/toolchain/avr8/avr8-gnu-toolchain/bin/../lib/gcc/avr/5.4.0/avr6\libgcc.a(_tablejump2.o)
 .text.libgcc.div
                0x00000000        0x0 c:/program files (x86)/atmel/studio/7.0/toolchain/avr8/avr8-gnu-toolchain/bin/../lib/gcc/avr/5.4.0/avr6\libgcc.a(_tablejump2.o)
 .text.libgcc.prologue
                0x00000000        0x0 c:/program files (x86)/atmel/studio/7.0/toolchain/avr8/avr8-gnu-toolchain/bin/../lib/gcc/avr/5.4.0/avr6\libgcc.a(_tablejump2.o)
 .text.libgcc.builtins
                0x00000000        0x0 c:/program files (x86)/atmel/studio/7.0/toolchain/avr8/avr8-gnu-toolchain/bin/../lib/gcc/avr/5.4.0/avr6\libgcc.a(_tablejump2.o)
 .text.libgcc.fmul
                0x00000000        0x0 c:/program files (x86)/atmel/studio/7.0/toolchain/avr8/avr8-gnu-toolchain/bin/../lib/gcc/avr/5.4.0/avr6\libgcc.a(_tablejump2.o)
 .text.libgcc.fixed
                0x00000000        0x0 c:/program files (x86)/atmel/studio/7.0/toolchain/avr8/avr8-gnu-toolchain/bin/../lib/gcc/avr/5.4.0/avr6\libgcc.a(_tablejump2.o)
 .text          0x00000000        0x0 c:/program files (x86)/atmel/studio/7.0/toolchain/avr8/avr8-gnu-toolchain/bin/../lib/gcc/avr/5.4.0/../../../../avr/lib/avr6\libc.a(abort.o)
 .data          0x00000000        0x0 c:/program files (x86)/atmel/studio/7.0/toolchain/avr8/avr8-gnu-toolchain/bin/../lib/gcc/avr/5.4.0/../../../../avr/lib/avr6\libc.a(abort.o)
 .bss           0x00000000        0x0 c:/program files (x86)/atmel/studio/7.0/toolchain/avr8/avr8-gnu-toolchain/bin/../lib/gcc/avr/5.4.0/../../../../avr/lib/avr6\libc.a(abort.o)
 .text.avr-libc
                0x00000000        0xa c:/program files (x86)/atmel/studio/7.0/toolchain/avr8/avr8-gnu-toolchain/bin/../lib/gcc/avr/5.4.0/../../../../avr/lib/avr6\libc.a(abort.o)

Memory Configuration

Name             Origin             Length             Attributes
text             0x00000000         0x00040000         xr
data             0x00800200         0x00002000         rw !x
eeprom           0x00810000         0x00001000         rw !x
fuse             0x00820000         0x00000003         rw !x
lock             0x00830000         0x00000400         rw !x
signature        0x00840000         0x00000400         rw !x
user_signatures  0x00850000         0x00000400         rw !x
*default*        0x00000000         0xffffffff

Linker script and memory map

Address of section .data set to 0x800200
LOAD C:/Program Files (x86)/Atmel/Studio/7.0/Packs/atmel/ATmega_DFP/1.6.364/gcc/dev/atmega2560/avr6/crtatmega2560.o
LOAD Sketch.o
START GROUP
LOAD c:/program files (x86)/atmel/studio/7.0/toolchain/avr8/avr8-gnu-toolchain/bin/../lib/gcc/avr/5.4.0/../../../../avr/lib/avr6\libm.a
LOAD c:\users\TOBINI~1\DOCUME~1\ATMELS~1\7.0\SERIAL~1\SERIAL~1\ARDUIN~1\Debug\libArduinoCore.a
END GROUP
LOAD c:/program files (x86)/atmel/studio/7.0/toolchain/avr8/avr8-gnu-toolchain/bin/../lib/gcc/avr/5.4.0/avr6\libgcc.a
LOAD c:/program files (x86)/atmel/studio/7.0/toolchain/avr8/avr8-gnu-toolchain/bin/../lib/gcc/avr/5.4.0/../../../../avr/lib/avr6\libm.a
START GROUP
LOAD c:/program files (x86)/atmel/studio/7.0/toolchain/avr8/avr8-gnu-toolchain/bin/../lib/gcc/avr/5.4.0/avr6\libgcc.a
LOAD c:/program files (x86)/atmel/studio/7.0/toolchain/avr8/avr8-gnu-toolchain/bin/../lib/gcc/avr/5.4.0/../../../../avr/lib/avr6\libm.a
LOAD c:/program files (x86)/atmel/studio/7.0/toolchain/avr8/avr8-gnu-toolchain/bin/../lib/gcc/avr/5.4.0/../../../../avr/lib/avr6\libc.a
LOAD C:/Program Files (x86)/Atmel/Studio/7.0/Packs/atmel/ATmega_DFP/1.6.364/gcc/dev/atmega2560/avr6\libatmega2560.a
END GROUP
                0x00000000                __TEXT_REGION_ORIGIN__ = DEFINED (__TEXT_REGION_ORIGIN__)?__TEXT_REGION_ORIGIN__:0x0
                [0x00800200]                __DATA_REGION_ORIGIN__ = DEFINED (__DATA_REGION_ORIGIN__)?__DATA_REGION_ORIGIN__:0x800200
                [0x00040000]                __TEXT_REGION_LENGTH__ = DEFINED (__TEXT_REGION_LENGTH__)?__TEXT_REGION_LENGTH__:0x100000
                [0x00002000]                __DATA_REGION_LENGTH__ = DEFINED (__DATA_REGION_LENGTH__)?__DATA_REGION_LENGTH__:0xfe00
                [0x00001000]                __EEPROM_REGION_LENGTH__ = DEFINED (__EEPROM_REGION_LENGTH__)?__EEPROM_REGION_LENGTH__:0x10000
                [0x00000003]                __FUSE_REGION_LENGTH__ = DEFINED (__FUSE_REGION_LENGTH__)?__FUSE_REGION_LENGTH__:0x400
                0x00000400                __LOCK_REGION_LENGTH__ = DEFINED (__LOCK_REGION_LENGTH__)?__LOCK_REGION_LENGTH__:0x400
                0x00000400                __SIGNATURE_REGION_LENGTH__ = DEFINED (__SIGNATURE_REGION_LENGTH__)?__SIGNATURE_REGION_LENGTH__:0x400
                0x00000400                __USER_SIGNATURE_REGION_LENGTH__ = DEFINED (__USER_SIGNATURE_REGION_LENGTH__)?__USER_SIGNATURE_REGION_LENGTH__:0x400

.hash
 *(.hash)

.dynsym
 *(.dynsym)

.dynstr
 *(.dynstr)

.gnu.version
 *(.gnu.version)

.gnu.version_d
 *(.gnu.version_d)

.gnu.version_r
 *(.gnu.version_r)

.rel.init
 *(.rel.init)

.rela.init
 *(.rela.init)

.rel.text
 *(.rel.text)
 *(.rel.text.*)
 *(.rel.gnu.linkonce.t*)

.rela.text
 *(.rela.text)
 *(.rela.text.*)
 *(.rela.gnu.linkonce.t*)

.rel.fini
 *(.rel.fini)

.rela.fini
 *(.rela.fini)

.rel.rodata
 *(.rel.rodata)
 *(.rel.rodata.*)
 *(.rel.gnu.linkonce.r*)

.rela.rodata
 *(.rela.rodata)
 *(.rela.rodata.*)
 *(.rela.gnu.linkonce.r*)

.rel.data
 *(.rel.data)
 *(.rel.data.*)
 *(.rel.gnu.linkonce.d*)

.rela.data
 *(.rela.data)
 *(.rela.data.*)
 *(.rela.gnu.linkonce.d*)

.rel.ctors
 *(.rel.ctors)

.rela.ctors
 *(.rela.ctors)

.rel.dtors
 *(.rel.dtors)

.rela.dtors
 *(.rela.dtors)

.rel.got
 *(.rel.got)

.rela.got
 *(.rela.got)

.rel.bss
 *(.rel.bss)

.rela.bss
 *(.rela.bss)

.rel.plt
 *(.rel.plt)

.rela.plt
 *(.rela.plt)

.text           0x00000000     0x114e
 *(.vectors)
 .vectors       0x00000000       0xe4 C:/Program Files (x86)/Atmel/Studio/7.0/Packs/atmel/ATmega_DFP/1.6.364/gcc/dev/atmega2560/avr6/crtatmega2560.o
                0x00000000                __vector_default
                0x00000000                __vectors
 *(.vectors)
 *(.progmem.gcc*)
                0x000000e4                . = ALIGN (0x2)
                0x000000e4                __trampolines_start = .
 *(.trampolines)
 .trampolines   0x000000e4        0x0 linker stubs
 *(.trampolines*)
                0x000000e4                __trampolines_end = .
 *libprintf_flt.a:*(.progmem.data)
 *libc.a:*(.progmem.data)
 *(.progmem*)
                0x000000e4                . = ALIGN (0x2)
 *(.jumptables)
 *(.jumptables*)
 *(.lowtext)
 *(.lowtext*)
                0x000000e4                __ctors_start = .
 *(.ctors)
 .ctors         0x000000e4        0x2 c:\users\TOBINI~1\DOCUME~1\ATMELS~1\7.0\SERIAL~1\SERIAL~1\ARDUIN~1\Debug\libArduinoCore.a(HardwareSerial0.o)
                0x000000e6                __ctors_end = .
                0x000000e6                __dtors_start = .
 *(.dtors)
                0x000000e6                __dtors_end = .
 SORT(*)(.ctors)
 SORT(*)(.dtors)
 *(.init0)
 .init0         0x000000e6        0x0 C:/Program Files (x86)/Atmel/Studio/7.0/Packs/atmel/ATmega_DFP/1.6.364/gcc/dev/atmega2560/avr6/crtatmega2560.o
                0x000000e6                __init
 *(.init0)
 *(.init1)
 *(.init1)
 *(.init2)
 .init2         0x000000e6       0x10 C:/Program Files (x86)/Atmel/Studio/7.0/Packs/atmel/ATmega_DFP/1.6.364/gcc/dev/atmega2560/avr6/crtatmega2560.o
 *(.init2)
 *(.init3)
 *(.init3)
 *(.init4)
 .init4         0x000000f6       0x1a c:/program files (x86)/atmel/studio/7.0/toolchain/avr8/avr8-gnu-toolchain/bin/../lib/gcc/avr/5.4.0/avr6\libgcc.a(_copy_data.o)
                0x000000f6                __do_copy_data
 .init4         0x00000110       0x10 c:/program files (x86)/atmel/studio/7.0/toolchain/avr8/avr8-gnu-toolchain/bin/../lib/gcc/avr/5.4.0/avr6\libgcc.a(_clear_bss.o)
                0x00000110                __do_clear_bss
 *(.init4)
 *(.init5)
 *(.init5)
 *(.init6)
 .init6         0x00000120       0x20 c:/program files (x86)/atmel/studio/7.0/toolchain/avr8/avr8-gnu-toolchain/bin/../lib/gcc/avr/5.4.0/avr6\libgcc.a(_ctors.o)
                0x00000120                __do_global_ctors
 *(.init6)
 *(.init7)
 *(.init7)
 *(.init8)
 *(.init8)
 *(.init9)
 .init9         0x00000140        0x6 C:/Program Files (x86)/Atmel/Studio/7.0/Packs/atmel/ATmega_DFP/1.6.364/gcc/dev/atmega2560/avr6/crtatmega2560.o
 *(.init9)
 *(.text)
 .text          0x00000146        0x2 C:/Program Files (x86)/Atmel/Studio/7.0/Packs/atmel/ATmega_DFP/1.6.364/gcc/dev/atmega2560/avr6/crtatmega2560.o
                0x00000146                __vector_38
                0x00000146                __vector_22
                0x00000146                __vector_28
                0x00000146                __vector_1
                0x00000146                __vector_32
                0x00000146                __vector_34
                0x00000146                __vector_24
                0x00000146                __vector_12
                0x00000146                __vector_55
                0x00000146                __vector_46
                0x00000146                __bad_interrupt
                0x00000146                __vector_6
                0x00000146                __vector_31
                0x00000146                __vector_35
                0x00000146                __vector_39
                0x00000146                __vector_3
                0x00000146                __vector_30
                0x00000146                __vector_45
                0x00000146                __vector_11
                0x00000146                __vector_54
                0x00000146                __vector_13
                0x00000146                __vector_17
                0x00000146                __vector_19
                0x00000146                __vector_56
                0x00000146                __vector_7
                0x00000146                __vector_49
                0x00000146                __vector_41
                0x00000146                __vector_43
                0x00000146                __vector_27
                0x00000146                __vector_5
                0x00000146                __vector_33
                0x00000146                __vector_47
                0x00000146                __vector_52
                0x00000146                __vector_37
                0x00000146                __vector_4
                0x00000146                __vector_44
                0x00000146                __vector_51
                0x00000146                __vector_9
                0x00000146                __vector_2
                0x00000146                __vector_21
                0x00000146                __vector_15
                0x00000146                __vector_36
                0x00000146                __vector_29
                0x00000146                __vector_40
                0x00000146                __vector_8
                0x00000146                __vector_48
                0x00000146                __vector_14
                0x00000146                __vector_53
                0x00000146                __vector_10
                0x00000146                __vector_50
                0x00000146                __vector_16
                0x00000146                __vector_18
                0x00000146                __vector_20
                0x00000146                __vector_42
                0x00000148                . = ALIGN (0x2)
 *(.text.*)
 .text.setup    0x00000148       0x10 Sketch.o
                0x00000148                setup
 .text.loop     0x00000158      0x1aa Sketch.o
                0x00000158                loop
 .text.avr-libc.fplib
                0x00000302        0xa c:/program files (x86)/atmel/studio/7.0/toolchain/avr8/avr8-gnu-toolchain/bin/../lib/gcc/avr/5.4.0/../../../../avr/lib/avr6\libm.a(addsf3.o)
                0x00000302                __subsf3
                0x00000304                __addsf3
 .text.avr-libc.fplib
                0x0000030c       0xc0 c:/program files (x86)/atmel/studio/7.0/toolchain/avr8/avr8-gnu-toolchain/bin/../lib/gcc/avr/5.4.0/../../../../avr/lib/avr6\libm.a(addsf3x.o)
                0x00000326                __addsf3x
 .text.avr-libc.fplib
                0x000003cc        0xc c:/program files (x86)/atmel/studio/7.0/toolchain/avr8/avr8-gnu-toolchain/bin/../lib/gcc/avr/5.4.0/../../../../avr/lib/avr6\libm.a(fp_inf.o)
                0x000003cc                __fp_inf
 .text.avr-libc.fplib
                0x000003d8        0x6 c:/program files (x86)/atmel/studio/7.0/toolchain/avr8/avr8-gnu-toolchain/bin/../lib/gcc/avr/5.4.0/../../../../avr/lib/avr6\libm.a(fp_nan.o)
                0x000003d8                __fp_nan
 .text.avr-libc.fplib
                0x000003de        0xe c:/program files (x86)/atmel/studio/7.0/toolchain/avr8/avr8-gnu-toolchain/bin/../lib/gcc/avr/5.4.0/../../../../avr/lib/avr6\libm.a(fp_pscA.o)
                0x000003de                __fp_pscA
 .text.avr-libc.fplib
                0x000003ec        0xe c:/program files (x86)/atmel/studio/7.0/toolchain/avr8/avr8-gnu-toolchain/bin/../lib/gcc/avr/5.4.0/../../../../avr/lib/avr6\libm.a(fp_pscB.o)
                0x000003ec                __fp_pscB
 .text.avr-libc.fplib
                0x000003fa       0x22 c:/program files (x86)/atmel/studio/7.0/toolchain/avr8/avr8-gnu-toolchain/bin/../lib/gcc/avr/5.4.0/../../../../avr/lib/avr6\libm.a(fp_round.o)
                0x000003fa                __fp_round
 .text.avr-libc.fplib
                0x0000041c       0x44 c:/program files (x86)/atmel/studio/7.0/toolchain/avr8/avr8-gnu-toolchain/bin/../lib/gcc/avr/5.4.0/../../../../avr/lib/avr6\libm.a(fp_split3.o)
                0x0000041c                __fp_split3
                0x0000042c                __fp_splitA
 .text.avr-libc.fplib
                0x00000460        0xe c:/program files (x86)/atmel/studio/7.0/toolchain/avr8/avr8-gnu-toolchain/bin/../lib/gcc/avr/5.4.0/../../../../avr/lib/avr6\libm.a(fp_zero.o)
                0x00000460                __fp_zero
                0x00000462                __fp_szero
 .text._ZN14HardwareSerial9availableEv
                0x0000046e       0x18 c:\users\TOBINI~1\DOCUME~1\ATMELS~1\7.0\SERIAL~1\SERIAL~1\ARDUIN~1\Debug\libArduinoCore.a(HardwareSerial.o)
                0x0000046e                _ZN14HardwareSerial9availableEv
 .text._ZN14HardwareSerial4peekEv
                0x00000486       0x1c c:\users\TOBINI~1\DOCUME~1\ATMELS~1\7.0\SERIAL~1\SERIAL~1\ARDUIN~1\Debug\libArduinoCore.a(HardwareSerial.o)
                0x00000486                _ZN14HardwareSerial4peekEv
 .text._ZN14HardwareSerial4readEv
                0x000004a2       0x28 c:\users\TOBINI~1\DOCUME~1\ATMELS~1\7.0\SERIAL~1\SERIAL~1\ARDUIN~1\Debug\libArduinoCore.a(HardwareSerial.o)
                0x000004a2                _ZN14HardwareSerial4readEv
 .text._ZN14HardwareSerial17availableForWriteEv
                0x000004ca       0x1e c:\users\TOBINI~1\DOCUME~1\ATMELS~1\7.0\SERIAL~1\SERIAL~1\ARDUIN~1\Debug\libArduinoCore.a(HardwareSerial.o)
                0x000004ca                _ZN14HardwareSerial17availableForWriteEv
 .text._Z14serialEventRunv
                0x000004e8       0x78 c:\users\TOBINI~1\DOCUME~1\ATMELS~1\7.0\SERIAL~1\SERIAL~1\ARDUIN~1\Debug\libArduinoCore.a(HardwareSerial.o)
                0x000004e8                _Z14serialEventRunv
 .text._ZN14HardwareSerial17_tx_udr_empty_irqEv
                0x00000560       0x44 c:\users\TOBINI~1\DOCUME~1\ATMELS~1\7.0\SERIAL~1\SERIAL~1\ARDUIN~1\Debug\libArduinoCore.a(HardwareSerial.o)
                0x00000560                _ZN14HardwareSerial17_tx_udr_empty_irqEv
 .text._ZN14HardwareSerial5writeEh
                0x000005a4       0x98 c:\users\TOBINI~1\DOCUME~1\ATMELS~1\7.0\SERIAL~1\SERIAL~1\ARDUIN~1\Debug\libArduinoCore.a(HardwareSerial.o)
                0x000005a4                _ZN14HardwareSerial5writeEh
 .text._ZN14HardwareSerial5flushEv
                0x0000063c       0x42 c:\users\TOBINI~1\DOCUME~1\ATMELS~1\7.0\SERIAL~1\SERIAL~1\ARDUIN~1\Debug\libArduinoCore.a(HardwareSerial.o)
                0x0000063c                _ZN14HardwareSerial5flushEv
 .text._ZN14HardwareSerial5beginEmh
                0x0000067e       0xc6 c:\users\TOBINI~1\DOCUME~1\ATMELS~1\7.0\SERIAL~1\SERIAL~1\ARDUIN~1\Debug\libArduinoCore.a(HardwareSerial.o)
                0x0000067e                _ZN14HardwareSerial5beginEmh
 .text.__vector_25
                0x00000744       0x6c c:\users\TOBINI~1\DOCUME~1\ATMELS~1\7.0\SERIAL~1\SERIAL~1\ARDUIN~1\Debug\libArduinoCore.a(HardwareSerial0.o)
                0x00000744                __vector_25
 .text.__vector_26
                0x000007b0       0x52 c:\users\TOBINI~1\DOCUME~1\ATMELS~1\7.0\SERIAL~1\SERIAL~1\ARDUIN~1\Debug\libArduinoCore.a(HardwareSerial0.o)
                0x000007b0                __vector_26
 .text._Z17Serial0_availablev
                0x00000802       0x12 c:\users\TOBINI~1\DOCUME~1\ATMELS~1\7.0\SERIAL~1\SERIAL~1\ARDUIN~1\Debug\libArduinoCore.a(HardwareSerial0.o)
                0x00000802                _Z17Serial0_availablev
 .text.startup._GLOBAL__sub_I___vector_25
                0x00000814       0x5a c:\users\TOBINI~1\DOCUME~1\ATMELS~1\7.0\SERIAL~1\SERIAL~1\ARDUIN~1\Debug\libArduinoCore.a(HardwareSerial0.o)
 .text.initVariant
                0x0000086e        0x2 c:\users\TOBINI~1\DOCUME~1\ATMELS~1\7.0\SERIAL~1\SERIAL~1\ARDUIN~1\Debug\libArduinoCore.a(main.o)
                0x0000086e                initVariant
 .text.startup.main
                0x00000870       0x14 c:\users\TOBINI~1\DOCUME~1\ATMELS~1\7.0\SERIAL~1\SERIAL~1\ARDUIN~1\Debug\libArduinoCore.a(main.o)
                0x00000870                main
 .text._ZN5Print5writeEPKhj
                0x00000884       0x54 c:\users\TOBINI~1\DOCUME~1\ATMELS~1\7.0\SERIAL~1\SERIAL~1\ARDUIN~1\Debug\libArduinoCore.a(Print.o)
                0x00000884                _ZN5Print5writeEPKhj
 .text._ZN5Print5writeEPKc
                0x000008d8       0x2a c:\users\TOBINI~1\DOCUME~1\ATMELS~1\7.0\SERIAL~1\SERIAL~1\ARDUIN~1\Debug\libArduinoCore.a(Print.o)
                0x000008d8                _ZN5Print5writeEPKc
 .text._ZN5Print5printEPKc
                0x00000902        0x2 c:\users\TOBINI~1\DOCUME~1\ATMELS~1\7.0\SERIAL~1\SERIAL~1\ARDUIN~1\Debug\libArduinoCore.a(Print.o)
                0x00000902                _ZN5Print5printEPKc
 .text._ZN5Print5printEc
                0x00000904        0xe c:\users\TOBINI~1\DOCUME~1\ATMELS~1\7.0\SERIAL~1\SERIAL~1\ARDUIN~1\Debug\libArduinoCore.a(Print.o)
                0x00000904                _ZN5Print5printEc
 .text._ZN5Print7printlnEv
                0x00000912        0x6 c:\users\TOBINI~1\DOCUME~1\ATMELS~1\7.0\SERIAL~1\SERIAL~1\ARDUIN~1\Debug\libArduinoCore.a(Print.o)
                0x00000912                _ZN5Print7printlnEv
 .text._ZN5Print11printNumberEmh
                0x00000918       0x8e c:\users\TOBINI~1\DOCUME~1\ATMELS~1\7.0\SERIAL~1\SERIAL~1\ARDUIN~1\Debug\libArduinoCore.a(Print.o)
                0x00000918                _ZN5Print11printNumberEmh
 .text._ZN5Print5printEmi
                0x000009a6       0x18 c:\users\TOBINI~1\DOCUME~1\ATMELS~1\7.0\SERIAL~1\SERIAL~1\ARDUIN~1\Debug\libArduinoCore.a(Print.o)
                0x000009a6                _ZN5Print5printEmi
 .text._ZN5Print5printEhi
                0x000009be        0xc c:\users\TOBINI~1\DOCUME~1\ATMELS~1\7.0\SERIAL~1\SERIAL~1\ARDUIN~1\Debug\libArduinoCore.a(Print.o)
                0x000009be                _ZN5Print5printEhi
 .text._ZN5Print5printEji
                0x000009ca        0xa c:\users\TOBINI~1\DOCUME~1\ATMELS~1\7.0\SERIAL~1\SERIAL~1\ARDUIN~1\Debug\libArduinoCore.a(Print.o)
                0x000009ca                _ZN5Print5printEji
 .text._ZN5Print5printEli
                0x000009d4       0x8a c:\users\TOBINI~1\DOCUME~1\ATMELS~1\7.0\SERIAL~1\SERIAL~1\ARDUIN~1\Debug\libArduinoCore.a(Print.o)
                0x000009d4                _ZN5Print5printEli
 .text._ZN5Print5printEii
                0x00000a5e        0xc c:\users\TOBINI~1\DOCUME~1\ATMELS~1\7.0\SERIAL~1\SERIAL~1\ARDUIN~1\Debug\libArduinoCore.a(Print.o)
                0x00000a5e                _ZN5Print5printEii
 .text._ZN5Print10printFloatEdh
                0x00000a6a      0x18e c:\users\TOBINI~1\DOCUME~1\ATMELS~1\7.0\SERIAL~1\SERIAL~1\ARDUIN~1\Debug\libArduinoCore.a(Print.o)
                0x00000a6a                _ZN5Print10printFloatEdh
 .text._ZN5Print7printlnEdi
                0x00000bf8       0x20 c:\users\TOBINI~1\DOCUME~1\ATMELS~1\7.0\SERIAL~1\SERIAL~1\ARDUIN~1\Debug\libArduinoCore.a(Print.o)
                0x00000bf8                _ZN5Print7printlnEdi
 .text.__vector_23
                0x00000c18       0x94 c:\users\TOBINI~1\DOCUME~1\ATMELS~1\7.0\SERIAL~1\SERIAL~1\ARDUIN~1\Debug\libArduinoCore.a(wiring.o)
                0x00000c18                __vector_23
 .text.micros   0x00000cac       0x4a c:\users\TOBINI~1\DOCUME~1\ATMELS~1\7.0\SERIAL~1\SERIAL~1\ARDUIN~1\Debug\libArduinoCore.a(wiring.o)
                0x00000cac                micros
 .text.delay    0x00000cf6       0x72 c:\users\TOBINI~1\DOCUME~1\ATMELS~1\7.0\SERIAL~1\SERIAL~1\ARDUIN~1\Debug\libArduinoCore.a(wiring.o)
                0x00000cf6                delay
 .text.init     0x00000d68       0xc4 c:\users\TOBINI~1\DOCUME~1\ATMELS~1\7.0\SERIAL~1\SERIAL~1\ARDUIN~1\Debug\libArduinoCore.a(wiring.o)
                0x00000d68                init
 .text.__empty  0x00000e2c        0x2 c:\users\TOBINI~1\DOCUME~1\ATMELS~1\7.0\SERIAL~1\SERIAL~1\ARDUIN~1\Debug\libArduinoCore.a(hooks.o)
                0x00000e2c                yield
 .text.avr-libc.fplib
                0x00000e2e        0x8 c:/program files (x86)/atmel/studio/7.0/toolchain/avr8/avr8-gnu-toolchain/bin/../lib/gcc/avr/5.4.0/../../../../avr/lib/avr6\libm.a(cmpsf2.o)
                0x00000e2e                __nesf2
                0x00000e2e                __eqsf2
                0x00000e2e                __cmpsf2
                0x00000e2e                __ltsf2
                0x00000e2e                __lesf2
 .text.avr-libc.fplib
                0x00000e36        0x4 c:/program files (x86)/atmel/studio/7.0/toolchain/avr8/avr8-gnu-toolchain/bin/../lib/gcc/avr/5.4.0/../../../../avr/lib/avr6\libm.a(divsf3.o)
                0x00000e36                __divsf3
 .text.avr-libc.fplib
                0x00000e3a       0xcc c:/program files (x86)/atmel/studio/7.0/toolchain/avr8/avr8-gnu-toolchain/bin/../lib/gcc/avr/5.4.0/../../../../avr/lib/avr6\libm.a(divsf3x.o)
                0x00000e50                __divsf3x
                0x00000e54                __divsf3_pse
 .text.avr-libc.fplib
                0x00000f06       0x58 c:/program files (x86)/atmel/studio/7.0/toolchain/avr8/avr8-gnu-toolchain/bin/../lib/gcc/avr/5.4.0/../../../../avr/lib/avr6\libm.a(fixunssfsi.o)
                0x00000f06                __fixunssfsi
 .text.avr-libc.fplib
                0x00000f5e       0x7a c:/program files (x86)/atmel/studio/7.0/toolchain/avr8/avr8-gnu-toolchain/bin/../lib/gcc/avr/5.4.0/../../../../avr/lib/avr6\libm.a(floatsisf.o)
                0x00000f5e                __floatunsisf
                0x00000f62                __floatsisf
 .text.avr-libc.fplib
                0x00000fd8       0x48 c:/program files (x86)/atmel/studio/7.0/toolchain/avr8/avr8-gnu-toolchain/bin/../lib/gcc/avr/5.4.0/../../../../avr/lib/avr6\libm.a(fp_cmp.o)
                0x00000fd8                __fp_cmp
 .text.avr-libc.fplib
                0x00001020        0x8 c:/program files (x86)/atmel/studio/7.0/toolchain/avr8/avr8-gnu-toolchain/bin/../lib/gcc/avr/5.4.0/../../../../avr/lib/avr6\libm.a(gesf2.o)
                0x00001020                __gesf2
                0x00001020                __gtsf2
 .text.avr-libc.fplib
                0x00001028        0x4 c:/program files (x86)/atmel/studio/7.0/toolchain/avr8/avr8-gnu-toolchain/bin/../lib/gcc/avr/5.4.0/../../../../avr/lib/avr6\libm.a(mulsf3.o)
                0x00001028                __mulsf3
 .text.avr-libc.fplib
                0x0000102c       0xc2 c:/program files (x86)/atmel/studio/7.0/toolchain/avr8/avr8-gnu-toolchain/bin/../lib/gcc/avr/5.4.0/../../../../avr/lib/avr6\libm.a(mulsf3x.o)
                0x00001040                __mulsf3x
                0x00001044                __mulsf3_pse
 .text.avr-libc.fplib
                0x000010ee        0x8 c:/program files (x86)/atmel/studio/7.0/toolchain/avr8/avr8-gnu-toolchain/bin/../lib/gcc/avr/5.4.0/../../../../avr/lib/avr6\libm.a(unordsf2.o)
                0x000010ee                __unordsf2
 .text.libgcc.div
                0x000010f6       0x44 c:/program files (x86)/atmel/studio/7.0/toolchain/avr8/avr8-gnu-toolchain/bin/../lib/gcc/avr/5.4.0/avr6\libgcc.a(_udivmodsi4.o)
                0x000010f6                __udivmodsi4
 .text.libgcc   0x0000113a       0x10 c:/program files (x86)/atmel/studio/7.0/toolchain/avr8/avr8-gnu-toolchain/bin/../lib/gcc/avr/5.4.0/avr6\libgcc.a(_tablejump2.o)
                0x0000113a                __tablejump2__
                0x0000114a                . = ALIGN (0x2)
 *(.fini9)
 .fini9         0x0000114a        0x0 c:/program files (x86)/atmel/studio/7.0/toolchain/avr8/avr8-gnu-toolchain/bin/../lib/gcc/avr/5.4.0/avr6\libgcc.a(_exit.o)
                0x0000114a                _exit
                0x0000114a                exit
 *(.fini9)
 *(.fini8)
 *(.fini8)
 *(.fini7)
 *(.fini7)
 *(.fini6)
 *(.fini6)
 *(.fini5)
 *(.fini5)
 *(.fini4)
 *(.fini4)
 *(.fini3)
 *(.fini3)
 *(.fini2)
 *(.fini2)
 *(.fini1)
 *(.fini1)
 *(.fini0)
 .fini0         0x0000114a        0x4 c:/program files (x86)/atmel/studio/7.0/toolchain/avr8/avr8-gnu-toolchain/bin/../lib/gcc/avr/5.4.0/avr6\libgcc.a(_exit.o)
 *(.fini0)
                0x0000114e                _etext = .

.data           0x00800200       0x5e load address 0x0000114e
                0x00800200                PROVIDE (__data_start, .)
 *(.data)
 *(.data*)
 .data.floatValue
                0x00800200        0x4 Sketch.o
                0x00800200                floatValue
 .data.intValue
                0x00800204        0x2 Sketch.o
                0x00800204                intValue
 .data.byteValue
                0x00800206        0x1 Sketch.o
                0x00800206                byteValue
 .data.chrValue
                0x00800207        0x1 Sketch.o
                0x00800207                chrValue
 *(.gnu.linkonce.d*)
 *(.rodata)
 *(.rodata*)
 .rodata.str1.1
                0x00800208       0x34 Sketch.o
                                 0x36 (size before relaxing)
 .rodata._ZTV14HardwareSerial
                0x0080023c       0x12 c:\users\TOBINI~1\DOCUME~1\ATMELS~1\7.0\SERIAL~1\SERIAL~1\ARDUIN~1\Debug\libArduinoCore.a(HardwareSerial.o)
                0x0080023c                _ZTV14HardwareSerial
 .rodata.str1.1
                0x0080024e        0xf c:\users\TOBINI~1\DOCUME~1\ATMELS~1\7.0\SERIAL~1\SERIAL~1\ARDUIN~1\Debug\libArduinoCore.a(Print.o)
 *(.gnu.linkonce.r*)
                0x0080025e                . = ALIGN (0x2)
 *fill*         0x0080025d        0x1 
                0x0080025e                _edata = .
                0x0080025e                PROVIDE (__data_end, .)

.bss            0x0080025e       0xa6
                0x0080025e                PROVIDE (__bss_start, .)
 *(.bss)
 *(.bss*)
 .bss.Serial    0x0080025e       0x9d c:\users\TOBINI~1\DOCUME~1\ATMELS~1\7.0\SERIAL~1\SERIAL~1\ARDUIN~1\Debug\libArduinoCore.a(HardwareSerial0.o)
                0x0080025e                Serial
 .bss.timer0_fract
                0x008002fb        0x1 c:\users\TOBINI~1\DOCUME~1\ATMELS~1\7.0\SERIAL~1\SERIAL~1\ARDUIN~1\Debug\libArduinoCore.a(wiring.o)
 .bss.timer0_millis
                0x008002fc        0x4 c:\users\TOBINI~1\DOCUME~1\ATMELS~1\7.0\SERIAL~1\SERIAL~1\ARDUIN~1\Debug\libArduinoCore.a(wiring.o)
                0x008002fc                timer0_millis
 .bss.timer0_overflow_count
                0x00800300        0x4 c:\users\TOBINI~1\DOCUME~1\ATMELS~1\7.0\SERIAL~1\SERIAL~1\ARDUIN~1\Debug\libArduinoCore.a(wiring.o)
                0x00800300                timer0_overflow_count
 *(COMMON)
                0x00800304                PROVIDE (__bss_end, .)
                0x0000114e                __data_load_start = LOADADDR (.data)
                0x000011ac                __data_load_end = (__data_load_start + SIZEOF (.data))

.noinit         0x00800304        0x0
                [!provide]                PROVIDE (__noinit_start, .)
 *(.noinit*)
                [!provide]                PROVIDE (__noinit_end, .)
                0x00800304                _end = .
                [!provide]                PROVIDE (__heap_start, .)

.eeprom         0x00810000        0x0
 *(.eeprom*)
                0x00810000                __eeprom_end = .

.fuse
 *(.fuse)
 *(.lfuse)
 *(.hfuse)
 *(.efuse)

.lock
 *(.lock*)

.signature
 *(.signature*)

.user_signatures
 *(.user_signatures*)

.stab
 *(.stab)

.stabstr
 *(.stabstr)

.stab.excl
 *(.stab.excl)

.stab.exclstr
 *(.stab.exclstr)

.stab.index
 *(.stab.index)

.stab.indexstr
 *(.stab.indexstr)

.comment        0x00000000       0x30
 *(.comment)
 .comment       0x00000000       0x30 Sketch.o
                                 0x31 (size before relaxing)
 .comment       0x00000030       0x31 c:\users\TOBINI~1\DOCUME~1\ATMELS~1\7.0\SERIAL~1\SERIAL~1\ARDUIN~1\Debug\libArduinoCore.a(HardwareSerial.o)
 .comment       0x00000030       0x31 c:\users\TOBINI~1\DOCUME~1\ATMELS~1\7.0\SERIAL~1\SERIAL~1\ARDUIN~1\Debug\libArduinoCore.a(HardwareSerial0.o)
 .comment       0x00000030       0x31 c:\users\TOBINI~1\DOCUME~1\ATMELS~1\7.0\SERIAL~1\SERIAL~1\ARDUIN~1\Debug\libArduinoCore.a(main.o)
 .comment       0x00000030       0x31 c:\users\TOBINI~1\DOCUME~1\ATMELS~1\7.0\SERIAL~1\SERIAL~1\ARDUIN~1\Debug\libArduinoCore.a(Print.o)
 .comment       0x00000030       0x31 c:\users\TOBINI~1\DOCUME~1\ATMELS~1\7.0\SERIAL~1\SERIAL~1\ARDUIN~1\Debug\libArduinoCore.a(wiring.o)
 .comment       0x00000030       0x31 c:\users\TOBINI~1\DOCUME~1\ATMELS~1\7.0\SERIAL~1\SERIAL~1\ARDUIN~1\Debug\libArduinoCore.a(hooks.o)

.note.gnu.avr.deviceinfo
                0x00000000       0x40
 .note.gnu.avr.deviceinfo
                0x00000000       0x40 C:/Program Files (x86)/Atmel/Studio/7.0/Packs/atmel/ATmega_DFP/1.6.364/gcc/dev/atmega2560/avr6/crtatmega2560.o

.note.gnu.build-id
 *(.note.gnu.build-id)

.debug
 *(.debug)

.line
 *(.line)

.debug_srcinfo
 *(.debug_srcinfo)

.debug_sfnames
 *(.debug_sfnames)

.debug_aranges  0x00000000      0x270
 *(.debug_aranges)
 .debug_aranges
                0x00000000       0x28 Sketch.o
 .debug_aranges
                0x00000028       0x68 c:\users\TOBINI~1\DOCUME~1\ATMELS~1\7.0\SERIAL~1\SERIAL~1\ARDUIN~1\Debug\libArduinoCore.a(HardwareSerial.o)
 .debug_aranges
                0x00000090       0x48 c:\users\TOBINI~1\DOCUME~1\ATMELS~1\7.0\SERIAL~1\SERIAL~1\ARDUIN~1\Debug\libArduinoCore.a(HardwareSerial0.o)
 .debug_aranges
                0x000000d8       0x30 c:\users\TOBINI~1\DOCUME~1\ATMELS~1\7.0\SERIAL~1\SERIAL~1\ARDUIN~1\Debug\libArduinoCore.a(main.o)
 .debug_aranges
                0x00000108      0x100 c:\users\TOBINI~1\DOCUME~1\ATMELS~1\7.0\SERIAL~1\SERIAL~1\ARDUIN~1\Debug\libArduinoCore.a(Print.o)
 .debug_aranges
                0x00000208       0x48 c:\users\TOBINI~1\DOCUME~1\ATMELS~1\7.0\SERIAL~1\SERIAL~1\ARDUIN~1\Debug\libArduinoCore.a(wiring.o)
 .debug_aranges
                0x00000250       0x20 c:\users\TOBINI~1\DOCUME~1\ATMELS~1\7.0\SERIAL~1\SERIAL~1\ARDUIN~1\Debug\libArduinoCore.a(hooks.o)

.debug_pubnames
 *(.debug_pubnames)

.debug_info     0x00000000     0x7e0c
 *(.debug_info .gnu.linkonce.wi.*)
 .debug_info    0x00000000      0xbbc C:/Program Files (x86)/Atmel/Studio/7.0/Packs/atmel/ATmega_DFP/1.6.364/gcc/dev/atmega2560/avr6/crtatmega2560.o
 .debug_info    0x00000bbc      0x725 Sketch.o
 .debug_info    0x000012e1     0x205e c:\users\TOBINI~1\DOCUME~1\ATMELS~1\7.0\SERIAL~1\SERIAL~1\ARDUIN~1\Debug\libArduinoCore.a(HardwareSerial.o)
 .debug_info    0x0000333f     0x1b74 c:\users\TOBINI~1\DOCUME~1\ATMELS~1\7.0\SERIAL~1\SERIAL~1\ARDUIN~1\Debug\libArduinoCore.a(HardwareSerial0.o)
 .debug_info    0x00004eb3      0x295 c:\users\TOBINI~1\DOCUME~1\ATMELS~1\7.0\SERIAL~1\SERIAL~1\ARDUIN~1\Debug\libArduinoCore.a(main.o)
 .debug_info    0x00005148     0x295d c:\users\TOBINI~1\DOCUME~1\ATMELS~1\7.0\SERIAL~1\SERIAL~1\ARDUIN~1\Debug\libArduinoCore.a(Print.o)
 .debug_info    0x00007aa5      0x329 c:\users\TOBINI~1\DOCUME~1\ATMELS~1\7.0\SERIAL~1\SERIAL~1\ARDUIN~1\Debug\libArduinoCore.a(wiring.o)
 .debug_info    0x00007dce       0x3e c:\users\TOBINI~1\DOCUME~1\ATMELS~1\7.0\SERIAL~1\SERIAL~1\ARDUIN~1\Debug\libArduinoCore.a(hooks.o)

.debug_abbrev   0x00000000     0x1cc4
 *(.debug_abbrev)
 .debug_abbrev  0x00000000      0xb1a C:/Program Files (x86)/Atmel/Studio/7.0/Packs/atmel/ATmega_DFP/1.6.364/gcc/dev/atmega2560/avr6/crtatmega2560.o
 .debug_abbrev  0x00000b1a      0x20e Sketch.o
 .debug_abbrev  0x00000d28      0x4b7 c:\users\TOBINI~1\DOCUME~1\ATMELS~1\7.0\SERIAL~1\SERIAL~1\ARDUIN~1\Debug\libArduinoCore.a(HardwareSerial.o)
 .debug_abbrev  0x000011df      0x3ce c:\users\TOBINI~1\DOCUME~1\ATMELS~1\7.0\SERIAL~1\SERIAL~1\ARDUIN~1\Debug\libArduinoCore.a(HardwareSerial0.o)
 .debug_abbrev  0x000015ad      0x12d c:\users\TOBINI~1\DOCUME~1\ATMELS~1\7.0\SERIAL~1\SERIAL~1\ARDUIN~1\Debug\libArduinoCore.a(main.o)
 .debug_abbrev  0x000016da      0x47a c:\users\TOBINI~1\DOCUME~1\ATMELS~1\7.0\SERIAL~1\SERIAL~1\ARDUIN~1\Debug\libArduinoCore.a(Print.o)
 .debug_abbrev  0x00001b54      0x146 c:\users\TOBINI~1\DOCUME~1\ATMELS~1\7.0\SERIAL~1\SERIAL~1\ARDUIN~1\Debug\libArduinoCore.a(wiring.o)
 .debug_abbrev  0x00001c9a       0x2a c:\users\TOBINI~1\DOCUME~1\ATMELS~1\7.0\SERIAL~1\SERIAL~1\ARDUIN~1\Debug\libArduinoCore.a(hooks.o)

.debug_line     0x00000000     0x16f4
 *(.debug_line .debug_line.* .debug_line_end)
 .debug_line    0x00000000      0x1fa C:/Program Files (x86)/Atmel/Studio/7.0/Packs/atmel/ATmega_DFP/1.6.364/gcc/dev/atmega2560/avr6/crtatmega2560.o
 .debug_line    0x000001fa      0x25d Sketch.o
 .debug_line    0x00000457      0x527 c:\users\TOBINI~1\DOCUME~1\ATMELS~1\7.0\SERIAL~1\SERIAL~1\ARDUIN~1\Debug\libArduinoCore.a(HardwareSerial.o)
 .debug_line    0x0000097e      0x288 c:\users\TOBINI~1\DOCUME~1\ATMELS~1\7.0\SERIAL~1\SERIAL~1\ARDUIN~1\Debug\libArduinoCore.a(HardwareSerial0.o)
 .debug_line    0x00000c06      0x161 c:\users\TOBINI~1\DOCUME~1\ATMELS~1\7.0\SERIAL~1\SERIAL~1\ARDUIN~1\Debug\libArduinoCore.a(main.o)
 .debug_line    0x00000d67      0x681 c:\users\TOBINI~1\DOCUME~1\ATMELS~1\7.0\SERIAL~1\SERIAL~1\ARDUIN~1\Debug\libArduinoCore.a(Print.o)
 .debug_line    0x000013e8      0x2cb c:\users\TOBINI~1\DOCUME~1\ATMELS~1\7.0\SERIAL~1\SERIAL~1\ARDUIN~1\Debug\libArduinoCore.a(wiring.o)
 .debug_line    0x000016b3       0x41 c:\users\TOBINI~1\DOCUME~1\ATMELS~1\7.0\SERIAL~1\SERIAL~1\ARDUIN~1\Debug\libArduinoCore.a(hooks.o)

.debug_frame    0x00000000      0x70c
 *(.debug_frame)
 .debug_frame   0x00000000       0x34 Sketch.o
 .debug_frame   0x00000034      0x110 c:\users\TOBINI~1\DOCUME~1\ATMELS~1\7.0\SERIAL~1\SERIAL~1\ARDUIN~1\Debug\libArduinoCore.a(HardwareSerial.o)
 .debug_frame   0x00000144       0xe0 c:\users\TOBINI~1\DOCUME~1\ATMELS~1\7.0\SERIAL~1\SERIAL~1\ARDUIN~1\Debug\libArduinoCore.a(HardwareSerial0.o)
 .debug_frame   0x00000224       0x54 c:\users\TOBINI~1\DOCUME~1\ATMELS~1\7.0\SERIAL~1\SERIAL~1\ARDUIN~1\Debug\libArduinoCore.a(main.o)
 .debug_frame   0x00000278      0x3ac c:\users\TOBINI~1\DOCUME~1\ATMELS~1\7.0\SERIAL~1\SERIAL~1\ARDUIN~1\Debug\libArduinoCore.a(Print.o)
 .debug_frame   0x00000624       0xc4 c:\users\TOBINI~1\DOCUME~1\ATMELS~1\7.0\SERIAL~1\SERIAL~1\ARDUIN~1\Debug\libArduinoCore.a(wiring.o)
 .debug_frame   0x000006e8       0x24 c:\users\TOBINI~1\DOCUME~1\ATMELS~1\7.0\SERIAL~1\SERIAL~1\ARDUIN~1\Debug\libArduinoCore.a(hooks.o)

.debug_str      0x00000000     0x215a
 *(.debug_str)
 .debug_str     0x00000000      0x3e6 C:/Program Files (x86)/Atmel/Studio/7.0/Packs/atmel/ATmega_DFP/1.6.364/gcc/dev/atmega2560/avr6/crtatmega2560.o
 .debug_str     0x000003e6      0x3c6 Sketch.o
                                0x418 (size before relaxing)
 .debug_str     0x000007ac     0x13bf c:\users\TOBINI~1\DOCUME~1\ATMELS~1\7.0\SERIAL~1\SERIAL~1\ARDUIN~1\Debug\libArduinoCore.a(HardwareSerial.o)
                               0x1705 (size before relaxing)
 .debug_str     0x00001b6b       0xca c:\users\TOBINI~1\DOCUME~1\ATMELS~1\7.0\SERIAL~1\SERIAL~1\ARDUIN~1\Debug\libArduinoCore.a(HardwareSerial0.o)
                               0x1420 (size before relaxing)
 .debug_str     0x00001c35       0x37 c:\users\TOBINI~1\DOCUME~1\ATMELS~1\7.0\SERIAL~1\SERIAL~1\ARDUIN~1\Debug\libArduinoCore.a(main.o)
                                0x2cc (size before relaxing)
 .debug_str     0x00001c6c      0x36e c:\users\TOBINI~1\DOCUME~1\ATMELS~1\7.0\SERIAL~1\SERIAL~1\ARDUIN~1\Debug\libArduinoCore.a(Print.o)
                               0x125a (size before relaxing)
 .debug_str     0x00001fda      0x164 c:\users\TOBINI~1\DOCUME~1\ATMELS~1\7.0\SERIAL~1\SERIAL~1\ARDUIN~1\Debug\libArduinoCore.a(wiring.o)
                                0x262 (size before relaxing)
 .debug_str     0x0000213e       0x1c c:\users\TOBINI~1\DOCUME~1\ATMELS~1\7.0\SERIAL~1\SERIAL~1\ARDUIN~1\Debug\libArduinoCore.a(hooks.o)
                                0x157 (size before relaxing)

.debug_loc      0x00000000     0x25bd
 *(.debug_loc)
 .debug_loc     0x00000000       0x1d Sketch.o
 .debug_loc     0x0000001d      0x4dc c:\users\TOBINI~1\DOCUME~1\ATMELS~1\7.0\SERIAL~1\SERIAL~1\ARDUIN~1\Debug\libArduinoCore.a(HardwareSerial.o)
 .debug_loc     0x000004f9      0x1b0 c:\users\TOBINI~1\DOCUME~1\ATMELS~1\7.0\SERIAL~1\SERIAL~1\ARDUIN~1\Debug\libArduinoCore.a(HardwareSerial0.o)
 .debug_loc     0x000006a9     0x1c87 c:\users\TOBINI~1\DOCUME~1\ATMELS~1\7.0\SERIAL~1\SERIAL~1\ARDUIN~1\Debug\libArduinoCore.a(Print.o)
 .debug_loc     0x00002330      0x28d c:\users\TOBINI~1\DOCUME~1\ATMELS~1\7.0\SERIAL~1\SERIAL~1\ARDUIN~1\Debug\libArduinoCore.a(wiring.o)

.debug_macinfo
 *(.debug_macinfo)

.debug_weaknames
 *(.debug_weaknames)

.debug_funcnames
 *(.debug_funcnames)

.debug_typenames
 *(.debug_typenames)

.debug_varnames
 *(.debug_varnames)

.debug_pubtypes
 *(.debug_pubtypes)

.debug_ranges   0x00000000      0x230
 *(.debug_ranges)
 .debug_ranges  0x00000000       0x18 Sketch.o
 .debug_ranges  0x00000018       0x58 c:\users\TOBINI~1\DOCUME~1\ATMELS~1\7.0\SERIAL~1\SERIAL~1\ARDUIN~1\Debug\libArduinoCore.a(HardwareSerial.o)
 .debug_ranges  0x00000070       0x38 c:\users\TOBINI~1\DOCUME~1\ATMELS~1\7.0\SERIAL~1\SERIAL~1\ARDUIN~1\Debug\libArduinoCore.a(HardwareSerial0.o)
 .debug_ranges  0x000000a8       0x20 c:\users\TOBINI~1\DOCUME~1\ATMELS~1\7.0\SERIAL~1\SERIAL~1\ARDUIN~1\Debug\libArduinoCore.a(main.o)
 .debug_ranges  0x000000c8      0x120 c:\users\TOBINI~1\DOCUME~1\ATMELS~1\7.0\SERIAL~1\SERIAL~1\ARDUIN~1\Debug\libArduinoCore.a(Print.o)
 .debug_ranges  0x000001e8       0x38 c:\users\TOBINI~1\DOCUME~1\ATMELS~1\7.0\SERIAL~1\SERIAL~1\ARDUIN~1\Debug\libArduinoCore.a(wiring.o)
 .debug_ranges  0x00000220       0x10 c:\users\TOBINI~1\DOCUME~1\ATMELS~1\7.0\SERIAL~1\SERIAL~1\ARDUIN~1\Debug\libArduinoCore.a(hooks.o)

.debug_macro
 *(.debug_macro)
OUTPUT(BareMinimum.elf elf32-avr)
LOAD linker stubs
